<html>
<body>
<pre>
<h1>µVision Build Log</h1>
<h2>Tool Versions:</h2>
IDE-Version: ¦ÌVision V5.38.0.0
Copyright (C) 2022 ARM Ltd and ARM Germany GmbH. All rights reserved.
License Information: 1 1677195845@qq.com, 1, LIC=03C6R-KRYTR-DY9V3-AND9L-WUZXH-DR486
 
Tool Versions:
Toolchain:       MDK-ARM Plus  Version: 5.38.0.0
Toolchain Path:  C:\Keil_v5\ARM\ARMCLANG\Bin
C Compiler:      ArmClang.exe V6.19
Assembler:       Armasm.exe V6.19
Linker/Locator:  ArmLink.exe V6.19
Library Manager: ArmAr.exe V6.19
Hex Converter:   FromElf.exe V6.19
CPU DLL:         SARMCM3.DLL V5.38.0.0
Dialog DLL:      DCM.DLL V1.17.5.0
Target DLL:      Segger\JL2CM3.dll V2.99.42.0
Dialog DLL:      TCM.DLL V1.56.4.0
 
<h2>Project:</h2>
C:\Users\16771\Desktop\Engineering2023_MatchCode\H7Test\MDK-ARM\H7Test.uvprojx
Project File Date:  05/22/2023

<h2>Output:</h2>
*** Using Compiler 'V6.19', folder: 'C:\Keil_v5\ARM\ARMCLANG\Bin'
Build target 'H7Test'
../Control/Src/GimbalMotor.c(25): warning: In file included from...
../Control/Inc\GimbalMotor.h(7): warning: In file included from...
../Control/Inc/SYSInit.h(63): warning: In file included from...
../Control/Inc/RemoteDeal.h(10): warning: In file included from...
../Bsp\bsp_dr16.h(49): warning: 'packed' attribute ignored [-Wignored-attributes]
typedef __packed struct{
        ^
../Drivers/STM32H7xx_HAL_Driver/Inc\stm32h7xx_hal_def.h(115): note: expanded from macro '__packed'
    #define __packed  __attribute__((packed))
                                     ^
../Control/Src/GimbalMotor.c(25): warning: In file included from...
../Control/Inc\GimbalMotor.h(7): warning: In file included from...
../Control/Inc/SYSInit.h(63): warning: In file included from...
../Control/Inc/RemoteDeal.h(65): warning: 'packed' attribute ignored [-Wignored-attributes]
typedef __packed struct
        ^
../Drivers/STM32H7xx_HAL_Driver/Inc\stm32h7xx_hal_def.h(115): note: expanded from macro '__packed'
    #define __packed  __attribute__((packed))
                                     ^
2 warnings generated.
compiling GimbalMotor.c...
linking...
Program Size: Code=71148 RO-data=1308 RW-data=28 ZI-data=22812  
FromELF: creating hex file...
"H7Test\H7Test.axf" - 0 Error(s), 2 Warning(s).

<h2>Software Packages used:</h2>

Package Vendor: ARM
                http://www.keil.com/pack/ARM.CMSIS.5.9.0.pack
                ARM.CMSIS.5.9.0
                CMSIS (Common Microcontroller Software Interface Standard)
   * Component: CORE Version: 5.6.0

Package Vendor: Keil
                https://www.keil.com/pack/Keil.STM32H7xx_DFP.3.1.0.pack
                Keil.STM32H7xx_DFP.3.1.0
                STMicroelectronics STM32H7 Series Device Support and Examples

<h2>Collection of Component include folders:</h2>
  ./RTE/_H7Test
  C:/Users/16771/AppData/Local/Arm/Packs/ARM/CMSIS/5.9.0/CMSIS/Core/Include
  C:/Users/16771/AppData/Local/Arm/Packs/Keil/STM32H7xx_DFP/3.1.0/Drivers/CMSIS/Device/ST/STM32H7xx/Include

<h2>Collection of Component Files used:</h2>

   * Component: ARM::CMSIS:CORE:5.6.0
      Include file:  CMSIS/Core/Include/tz_context.h
Build Time Elapsed:  00:00:02
</pre>
</body>
</html>
