Component: Arm Compiler for Embedded 6.19 Tool: armlink [5e73cb00]

==============================================================================

Section Cross References

    startup_stm32h750xx.o(RESET) refers to startup_stm32h750xx.o(STACK) for __initial_sp
    startup_stm32h750xx.o(RESET) refers to startup_stm32h750xx.o(.text) for Reset_Handler
    startup_stm32h750xx.o(RESET) refers to stm32h7xx_it.o(.text.NMI_Handler) for NMI_Handler
    startup_stm32h750xx.o(RESET) refers to stm32h7xx_it.o(.text.HardFault_Handler) for HardFault_Handler
    startup_stm32h750xx.o(RESET) refers to stm32h7xx_it.o(.text.MemManage_Handler) for MemManage_Handler
    startup_stm32h750xx.o(RESET) refers to stm32h7xx_it.o(.text.BusFault_Handler) for BusFault_Handler
    startup_stm32h750xx.o(RESET) refers to stm32h7xx_it.o(.text.UsageFault_Handler) for UsageFault_Handler
    startup_stm32h750xx.o(RESET) refers to port.o(.text.SVC_Handler) for SVC_Handler
    startup_stm32h750xx.o(RESET) refers to stm32h7xx_it.o(.text.DebugMon_Handler) for DebugMon_Handler
    startup_stm32h750xx.o(RESET) refers to port.o(.text.PendSV_Handler) for PendSV_Handler
    startup_stm32h750xx.o(RESET) refers to port.o(.text.SysTick_Handler) for SysTick_Handler
    startup_stm32h750xx.o(RESET) refers to stm32h7xx_it.o(.text.DMA1_Stream0_IRQHandler) for DMA1_Stream0_IRQHandler
    startup_stm32h750xx.o(RESET) refers to stm32h7xx_it.o(.text.FDCAN1_IT0_IRQHandler) for FDCAN1_IT0_IRQHandler
    startup_stm32h750xx.o(RESET) refers to stm32h7xx_it.o(.text.TIM2_IRQHandler) for TIM2_IRQHandler
    startup_stm32h750xx.o(RESET) refers to stm32h7xx_it.o(.text.USART1_IRQHandler) for USART1_IRQHandler
    startup_stm32h750xx.o(.text) refers to system_stm32h7xx.o(.text.SystemInit) for SystemInit
    startup_stm32h750xx.o(.text) refers to entry.o(.ARM.Collect$$$$00000000) for __main
    main.o(.text.main) refers to stm32h7xx_hal.o(.text.HAL_Init) for HAL_Init
    main.o(.text.main) refers to main.o(.text.SystemClock_Config) for SystemClock_Config
    main.o(.text.main) refers to gpio.o(.text.MX_GPIO_Init) for MX_GPIO_Init
    main.o(.text.main) refers to dma.o(.text.MX_DMA_Init) for MX_DMA_Init
    main.o(.text.main) refers to usart.o(.text.MX_USART1_UART_Init) for MX_USART1_UART_Init
    main.o(.text.main) refers to fdcan.o(.text.MX_FDCAN1_Init) for MX_FDCAN1_Init
    main.o(.text.main) refers to tim.o(.text.MX_TIM1_Init) for MX_TIM1_Init
    main.o(.text.main) refers to tim.o(.text.MX_TIM8_Init) for MX_TIM8_Init
    main.o(.text.main) refers to tim.o(.text.MX_TIM3_Init) for MX_TIM3_Init
    main.o(.text.main) refers to fdcan.o(.text.MX_FDCAN2_Init) for MX_FDCAN2_Init
    main.o(.text.main) refers to bsp_dr16.o(.text.RC_Init) for RC_Init
    main.o(.text.main) refers to bsp_can.o(.text.ECF_CAN_Init) for ECF_CAN_Init
    main.o(.text.main) refers to main.o(.data.pwm) for pwm
    main.o(.text.main) refers to tim.o(.bss.htim1) for htim1
    main.o(.text.main) refers to bsp_pwm.o(.text.ECF_PWM_50HZ_Output_Init) for ECF_PWM_50HZ_Output_Init
    main.o(.text.main) refers to tim.o(.bss.htim8) for htim8
    main.o(.text.main) refers to tim.o(.bss.htim3) for htim3
    main.o(.text.main) refers to stm32h7xx_hal.o(.text.HAL_Delay) for HAL_Delay
    main.o(.text.main) refers to freertos.o(.text.MX_FREERTOS_Init) for MX_FREERTOS_Init
    main.o(.text.main) refers to cmsis_os.o(.text.osKernelStart) for osKernelStart
    main.o(.ARM.exidx.text.main) refers to main.o(.text.main) for [Anonymous Symbol]
    main.o(.text.SystemClock_Config) refers to memseta.o(.text) for __aeabi_memclr4
    main.o(.text.SystemClock_Config) refers to stm32h7xx_hal_pwr_ex.o(.text.HAL_PWREx_ConfigSupply) for HAL_PWREx_ConfigSupply
    main.o(.text.SystemClock_Config) refers to stm32h7xx_hal_rcc.o(.text.HAL_RCC_OscConfig) for HAL_RCC_OscConfig
    main.o(.text.SystemClock_Config) refers to stm32h7xx_hal_rcc.o(.text.HAL_RCC_ClockConfig) for HAL_RCC_ClockConfig
    main.o(.ARM.exidx.text.SystemClock_Config) refers to main.o(.text.SystemClock_Config) for [Anonymous Symbol]
    main.o(.ARM.exidx.text.Error_Handler) refers to main.o(.text.Error_Handler) for [Anonymous Symbol]
    main.o(.text.HAL_TIM_PeriodElapsedCallback) refers to stm32h7xx_hal.o(.text.HAL_IncTick) for HAL_IncTick
    main.o(.ARM.exidx.text.HAL_TIM_PeriodElapsedCallback) refers to main.o(.text.HAL_TIM_PeriodElapsedCallback) for [Anonymous Symbol]
    gpio.o(.text.MX_GPIO_Init) refers to stm32h7xx_hal_gpio.o(.text.HAL_GPIO_WritePin) for HAL_GPIO_WritePin
    gpio.o(.text.MX_GPIO_Init) refers to stm32h7xx_hal_gpio.o(.text.HAL_GPIO_Init) for HAL_GPIO_Init
    gpio.o(.ARM.exidx.text.MX_GPIO_Init) refers to gpio.o(.text.MX_GPIO_Init) for [Anonymous Symbol]
    freertos.o(.text.vApplicationGetIdleTaskMemory) refers to freertos.o(.bss.xIdleTaskTCBBuffer) for xIdleTaskTCBBuffer
    freertos.o(.text.vApplicationGetIdleTaskMemory) refers to freertos.o(.bss.xIdleStack) for xIdleStack
[...]
    BDMA_Channel2_IRQHandler                 0x080002c7   Thumb Code     0  startup_stm32h750xx.o(.text)
    BDMA_Channel3_IRQHandler                 0x080002c7   Thumb Code     0  startup_stm32h750xx.o(.text)
    BDMA_Channel4_IRQHandler                 0x080002c7   Thumb Code     0  startup_stm32h750xx.o(.text)
    BDMA_Channel5_IRQHandler                 0x080002c7   Thumb Code     0  startup_stm32h750xx.o(.text)
    BDMA_Channel6_IRQHandler                 0x080002c7   Thumb Code     0  startup_stm32h750xx.o(.text)
    BDMA_Channel7_IRQHandler                 0x080002c7   Thumb Code     0  startup_stm32h750xx.o(.text)
    CEC_IRQHandler                           0x080002c7   Thumb Code     0  startup_stm32h750xx.o(.text)
    COMP1_IRQHandler                         0x080002c7   Thumb Code     0  startup_stm32h750xx.o(.text)
    CRS_IRQHandler                           0x080002c7   Thumb Code     0  startup_stm32h750xx.o(.text)
    CRYP_IRQHandler                          0x080002c7   Thumb Code     0  startup_stm32h750xx.o(.text)
    DCMI_IRQHandler                          0x080002c7   Thumb Code     0  startup_stm32h750xx.o(.text)
    DFSDM1_FLT0_IRQHandler                   0x080002c7   Thumb Code     0  startup_stm32h750xx.o(.text)
    DFSDM1_FLT1_IRQHandler                   0x080002c7   Thumb Code     0  startup_stm32h750xx.o(.text)
    DFSDM1_FLT2_IRQHandler                   0x080002c7   Thumb Code     0  startup_stm32h750xx.o(.text)
    DFSDM1_FLT3_IRQHandler                   0x080002c7   Thumb Code     0  startup_stm32h750xx.o(.text)
    DMA1_Stream1_IRQHandler                  0x080002c7   Thumb Code     0  startup_stm32h750xx.o(.text)
    DMA1_Stream2_IRQHandler                  0x080002c7   Thumb Code     0  startup_stm32h750xx.o(.text)
    DMA1_Stream3_IRQHandler                  0x080002c7   Thumb Code     0  startup_stm32h750xx.o(.text)
    DMA1_Stream4_IRQHandler                  0x080002c7   Thumb Code     0  startup_stm32h750xx.o(.text)
    DMA1_Stream5_IRQHandler                  0x080002c7   Thumb Code     0  startup_stm32h750xx.o(.text)
    DMA1_Stream6_IRQHandler                  0x080002c7   Thumb Code     0  startup_stm32h750xx.o(.text)
    DMA1_Stream7_IRQHandler                  0x080002c7   Thumb Code     0  startup_stm32h750xx.o(.text)
    DMA2D_IRQHandler                         0x080002c7   Thumb Code     0  startup_stm32h750xx.o(.text)
    DMA2_Stream0_IRQHandler                  0x080002c7   Thumb Code     0  startup_stm32h750xx.o(.text)
    DMA2_Stream1_IRQHandler                  0x080002c7   Thumb Code     0  startup_stm32h750xx.o(.text)
    DMA2_Stream2_IRQHandler                  0x080002c7   Thumb Code     0  startup_stm32h750xx.o(.text)
    DMA2_Stream3_IRQHandler                  0x080002c7   Thumb Code     0  startup_stm32h750xx.o(.text)
    DMA2_Stream4_IRQHandler                  0x080002c7   Thumb Code     0  startup_stm32h750xx.o(.text)
    DMA2_Stream5_IRQHandler                  0x080002c7   Thumb Code     0  startup_stm32h750xx.o(.text)
    DMA2_Stream6_IRQHandler                  0x080002c7   Thumb Code     0  startup_stm32h750xx.o(.text)
    DMA2_Stream7_IRQHandler                  0x080002c7   Thumb Code     0  startup_stm32h750xx.o(.text)
    DMAMUX1_OVR_IRQHandler                   0x080002c7   Thumb Code     0  startup_stm32h750xx.o(.text)
    DMAMUX2_OVR_IRQHandler                   0x080002c7   Thumb Code     0  startup_stm32h750xx.o(.text)
    ECC_IRQHandler                           0x080002c7   Thumb Code     0  startup_stm32h750xx.o(.text)
    ETH_IRQHandler                           0x080002c7   Thumb Code     0  startup_stm32h750xx.o(.text)
    ETH_WKUP_IRQHandler                      0x080002c7   Thumb Code     0  startup_stm32h750xx.o(.text)
    EXTI0_IRQHandler                         0x080002c7   Thumb Code     0  startup_stm32h750xx.o(.text)
    EXTI15_10_IRQHandler                     0x080002c7   Thumb Code     0  startup_stm32h750xx.o(.text)
    EXTI1_IRQHandler                         0x080002c7   Thumb Code     0  startup_stm32h750xx.o(.text)
    EXTI2_IRQHandler                         0x080002c7   Thumb Code     0  startup_stm32h750xx.o(.text)
    EXTI3_IRQHandler                         0x080002c7   Thumb Code     0  startup_stm32h750xx.o(.text)
    EXTI4_IRQHandler                         0x080002c7   Thumb Code     0  startup_stm32h750xx.o(.text)
    EXTI9_5_IRQHandler                       0x080002c7   Thumb Code     0  startup_stm32h750xx.o(.text)
    FDCAN1_IT1_IRQHandler                    0x080002c7   Thumb Code     0  startup_stm32h750xx.o(.text)
    FDCAN2_IT0_IRQHandler                    0x080002c7   Thumb Code     0  startup_stm32h750xx.o(.text)
    FDCAN2_IT1_IRQHandler                    0x080002c7   Thumb Code     0  startup_stm32h750xx.o(.text)
    FDCAN_CAL_IRQHandler                     0x080002c7   Thumb Code     0  startup_stm32h750xx.o(.text)
    FLASH_IRQHandler                         0x080002c7   Thumb Code     0  startup_stm32h750xx.o(.text)
    FMC_IRQHandler                           0x080002c7   Thumb Code     0  startup_stm32h750xx.o(.text)
    FPU_IRQHandler                           0x080002c7   Thumb Code     0  startup_stm32h750xx.o(.text)
    HASH_RNG_IRQHandler                      0x080002c7   Thumb Code     0  startup_stm32h750xx.o(.text)
    HRTIM1_FLT_IRQHandler                    0x080002c7   Thumb Code     0  startup_stm32h750xx.o(.text)
    HRTIM1_Master_IRQHandler                 0x080002c7   Thumb Code     0  startup_stm32h750xx.o(.text)
    HRTIM1_TIMA_IRQHandler                   0x080002c7   Thumb Code     0  startup_stm32h750xx.o(.text)
    HRTIM1_TIMB_IRQHandler                   0x080002c7   Thumb Code     0  startup_stm32h750xx.o(.text)
    HRTIM1_TIMC_IRQHandler                   0x080002c7   Thumb Code     0  startup_stm32h750xx.o(.text)
    HRTIM1_TIMD_IRQHandler                   0x080002c7   Thumb Code     0  startup_stm32h750xx.o(.text)
    HRTIM1_TIME_IRQHandler                   0x080002c7   Thumb Code     0  startup_stm32h750xx.o(.text)
    HSEM1_IRQHandler                         0x080002c7   Thumb Code     0  startup_stm32h750xx.o(.text)
    I2C1_ER_IRQHandler                       0x080002c7   Thumb Code     0  startup_stm32h750xx.o(.text)
    I2C1_EV_IRQHandler                       0x080002c7   Thumb Code     0  startup_stm32h750xx.o(.text)
    I2C2_ER_IRQHandler                       0x080002c7   Thumb Code     0  startup_stm32h750xx.o(.text)
    I2C2_EV_IRQHandler                       0x080002c7   Thumb Code     0  startup_stm32h750xx.o(.text)
    I2C3_ER_IRQHandler                       0x080002c7   Thumb Code     0  startup_stm32h750xx.o(.text)
    I2C3_EV_IRQHandler                       0x080002c7   Thumb Code     0  startup_stm32h750xx.o(.text)
    I2C4_ER_IRQHandler                       0x080002c7   Thumb Code     0  startup_stm32h750xx.o(.text)
    I2C4_EV_IRQHandler                       0x080002c7   Thumb Code     0  startup_stm32h750xx.o(.text)
    JPEG_IRQHandler                          0x080002c7   Thumb Code     0  startup_stm32h750xx.o(.text)
    LPTIM1_IRQHandler                        0x080002c7   Thumb Code     0  startup_stm32h750xx.o(.text)
    LPTIM2_IRQHandler                        0x080002c7   Thumb Code     0  startup_stm32h750xx.o(.text)
    LPTIM3_IRQHandler                        0x080002c7   Thumb Code     0  startup_stm32h750xx.o(.text)
    LPTIM4_IRQHandler                        0x080002c7   Thumb Code     0  startup_stm32h750xx.o(.text)
    LPTIM5_IRQHandler                        0x080002c7   Thumb Code     0  startup_stm32h750xx.o(.text)
    LPUART1_IRQHandler                       0x080002c7   Thumb Code     0  startup_stm32h750xx.o(.text)
    LTDC_ER_IRQHandler                       0x080002c7   Thumb Code     0  startup_stm32h750xx.o(.text)
    LTDC_IRQHandler                          0x080002c7   Thumb Code     0  startup_stm32h750xx.o(.text)
    MDIOS_IRQHandler                         0x080002c7   Thumb Code     0  startup_stm32h750xx.o(.text)
    MDIOS_WKUP_IRQHandler                    0x080002c7   Thumb Code     0  startup_stm32h750xx.o(.text)
    MDMA_IRQHandler                          0x080002c7   Thumb Code     0  startup_stm32h750xx.o(.text)
    OTG_FS_EP1_IN_IRQHandler                 0x080002c7   Thumb Code     0  startup_stm32h750xx.o(.text)
    OTG_FS_EP1_OUT_IRQHandler                0x080002c7   Thumb Code     0  startup_stm32h750xx.o(.text)
    OTG_FS_IRQHandler                        0x080002c7   Thumb Code     0  startup_stm32h750xx.o(.text)
    OTG_FS_WKUP_IRQHandler                   0x080002c7   Thumb Code     0  startup_stm32h750xx.o(.text)
    OTG_HS_EP1_IN_IRQHandler                 0x080002c7   Thumb Code     0  startup_stm32h750xx.o(.text)
    OTG_HS_EP1_OUT_IRQHandler                0x080002c7   Thumb Code     0  startup_stm32h750xx.o(.text)
    OTG_HS_IRQHandler                        0x080002c7   Thumb Code     0  startup_stm32h750xx.o(.text)
    OTG_HS_WKUP_IRQHandler                   0x080002c7   Thumb Code     0  startup_stm32h750xx.o(.text)
    PVD_AVD_IRQHandler                       0x080002c7   Thumb Code     0  startup_stm32h750xx.o(.text)
    QUADSPI_IRQHandler                       0x080002c7   Thumb Code     0  startup_stm32h750xx.o(.text)
    RCC_IRQHandler                           0x080002c7   Thumb Code     0  startup_stm32h750xx.o(.text)
    RTC_Alarm_IRQHandler                     0x080002c7   Thumb Code     0  startup_stm32h750xx.o(.text)
    RTC_WKUP_IRQHandler                      0x080002c7   Thumb Code     0  startup_stm32h750xx.o(.text)
    SAI1_IRQHandler                          0x080002c7   Thumb Code     0  startup_stm32h750xx.o(.text)
    SAI2_IRQHandler                          0x080002c7   Thumb Code     0  startup_stm32h750xx.o(.text)
    SAI3_IRQHandler                          0x080002c7   Thumb Code     0  startup_stm32h750xx.o(.text)
    SAI4_IRQHandler                          0x080002c7   Thumb Code     0  startup_stm32h750xx.o(.text)
    SDMMC1_IRQHandler                        0x080002c7   Thumb Code     0  startup_stm32h750xx.o(.text)
    SDMMC2_IRQHandler                        0x080002c7   Thumb Code     0  startup_stm32h750xx.o(.text)
    SPDIF_RX_IRQHandler                      0x080002c7   Thumb Code     0  startup_stm32h750xx.o(.text)
    SPI1_IRQHandler                          0x080002c7   Thumb Code     0  startup_stm32h750xx.o(.text)
    SPI2_IRQHandler                          0x080002c7   Thumb Code     0  startup_stm32h750xx.o(.text)
    SPI3_IRQHandler                          0x080002c7   Thumb Code     0  startup_stm32h750xx.o(.text)
    SPI4_IRQHandler                          0x080002c7   Thumb Code     0  startup_stm32h750xx.o(.text)
    SPI5_IRQHandler                          0x080002c7   Thumb Code     0  startup_stm32h750xx.o(.text)
    SPI6_IRQHandler                          0x080002c7   Thumb Code     0  startup_stm32h750xx.o(.text)
    SWPMI1_IRQHandler                        0x080002c7   Thumb Code     0  startup_stm32h750xx.o(.text)
    TAMP_STAMP_IRQHandler                    0x080002c7   Thumb Code     0  startup_stm32h750xx.o(.text)
    TIM15_IRQHandler                         0x080002c7   Thumb Code     0  startup_stm32h750xx.o(.text)
    TIM16_IRQHandler                         0x080002c7   Thumb Code     0  startup_stm32h750xx.o(.text)
    TIM17_IRQHandler                         0x080002c7   Thumb Code     0  startup_stm32h750xx.o(.text)
    TIM1_BRK_IRQHandler                      0x080002c7   Thumb Code     0  startup_stm32h750xx.o(.text)
    TIM1_CC_IRQHandler                       0x080002c7   Thumb Code     0  startup_stm32h750xx.o(.text)
    TIM1_TRG_COM_IRQHandler                  0x080002c7   Thumb Code     0  startup_stm32h750xx.o(.text)
    TIM1_UP_IRQHandler                       0x080002c7   Thumb Code     0  startup_stm32h750xx.o(.text)
    TIM3_IRQHandler                          0x080002c7   Thumb Code     0  startup_stm32h750xx.o(.text)
    TIM4_IRQHandler                          0x080002c7   Thumb Code     0  startup_stm32h750xx.o(.text)
    TIM5_IRQHandler                          0x080002c7   Thumb Code     0  startup_stm32h750xx.o(.text)
    TIM6_DAC_IRQHandler                      0x080002c7   Thumb Code     0  startup_stm32h750xx.o(.text)
    TIM7_IRQHandler                          0x080002c7   Thumb Code     0  startup_stm32h750xx.o(.text)
    TIM8_BRK_TIM12_IRQHandler                0x080002c7   Thumb Code     0  startup_stm32h750xx.o(.text)
    TIM8_CC_IRQHandler                       0x080002c7   Thumb Code     0  startup_stm32h750xx.o(.text)
    TIM8_TRG_COM_TIM14_IRQHandler            0x080002c7   Thumb Code     0  startup_stm32h750xx.o(.text)
    TIM8_UP_TIM13_IRQHandler                 0x080002c7   Thumb Code     0  startup_stm32h750xx.o(.text)
    UART4_IRQHandler                         0x080002c7   Thumb Code     0  startup_stm32h750xx.o(.text)
    UART5_IRQHandler                         0x080002c7   Thumb Code     0  startup_stm32h750xx.o(.text)
    UART7_IRQHandler                         0x080002c7   Thumb Code     0  startup_stm32h750xx.o(.text)
    UART8_IRQHandler                         0x080002c7   Thumb Code     0  startup_stm32h750xx.o(.text)
    USART2_IRQHandler                        0x080002c7   Thumb Code     0  startup_stm32h750xx.o(.text)
    USART3_IRQHandler                        0x080002c7   Thumb Code     0  startup_stm32h750xx.o(.text)
    USART6_IRQHandler                        0x080002c7   Thumb Code     0  startup_stm32h750xx.o(.text)
    WAKEUP_PIN_IRQHandler                    0x080002c7   Thumb Code     0  startup_stm32h750xx.o(.text)
    WWDG_IRQHandler                          0x080002c7   Thumb Code     0  startup_stm32h750xx.o(.text)
    __aeabi_uldivmod                         0x080002d1   Thumb Code    98  uldiv.o(.text)
    __aeabi_memset                           0x08000333   Thumb Code    14  memseta.o(.text)
    __aeabi_memset4                          0x08000333   Thumb Code     0  memseta.o(.text)
    __aeabi_memset8                          0x08000333   Thumb Code     0  memseta.o(.text)
    __aeabi_memclr                           0x08000341   Thumb Code     4  memseta.o(.text)
    __aeabi_memclr4                          0x08000341   Thumb Code     0  memseta.o(.text)
    __aeabi_memclr8                          0x08000341   Thumb Code     0  memseta.o(.text)
    _memset$wrapper                          0x08000345   Thumb Code    18  memseta.o(.text)
    __aeabi_llsl                             0x08000357   Thumb Code    30  llshl.o(.text)
    _ll_shift_l                              0x08000357   Thumb Code     0  llshl.o(.text)
    __aeabi_llsr                             0x08000375   Thumb Code    32  llushr.o(.text)
    _ll_ushift_r                             0x08000375   Thumb Code     0  llushr.o(.text)
    __I$use$fp                               0x08000395   Thumb Code     0  iusefp.o(.text)
    __scatterload                            0x08000395   Thumb Code    28  init.o(.text)
    __scatterload_rt2                        0x08000395   Thumb Code     0  init.o(.text)
    Arms_Drive                               0x08000421   Thumb Code   512  gimbalmotor.o(.text.Arms_Drive)
    BoardCommuni_Task                        0x08000621   Thumb Code    12  boardcommuni_task.o(.text.BoardCommuni_Task)
    BusFault_Handler                         0x08000631   Thumb Code     2  stm32h7xx_it.o(.text.BusFault_Handler)
    CAN1_C620_OR_C610_201_TO_204_SendMsg     0x08000639   Thumb Code   100  bsp_can.o(.text.CAN1_C620_OR_C610_201_TO_204_SendMsg)
    CAN1_C620_OR_C610_205_TO_208_SendMsg     0x080006a1   Thumb Code   100  bsp_can.o(.text.CAN1_C620_OR_C610_205_TO_208_SendMsg)
    CAN1_GM6020_5_TO_8_SendMsg               0x08000709   Thumb Code   106  bsp_can.o(.text.CAN1_GM6020_5_TO_8_SendMsg)
    CAN_A2B_RC_Send                          0x08000779   Thumb Code   114  boardcommuni.o(.text.CAN_A2B_RC_Send)
    CAN_DATA_Encoder_Deal                    0x080007f1   Thumb Code   260  bsp_motor_encoder.o(.text.CAN_DATA_Encoder_Deal)
    DMA1_Stream0_IRQHandler                  0x080008f9   Thumb Code    12  stm32h7xx_it.o(.text.DMA1_Stream0_IRQHandler)
    DebugMon_Handler                         0x08000d21   Thumb Code     2  stm32h7xx_it.o(.text.DebugMon_Handler)
    Detect_Task                              0x08000d29   Thumb Code   376  detect_task.o(.text.Detect_Task)
    ECF_CAN_Init                             0x08000ea1   Thumb Code   130  bsp_can.o(.text.ECF_CAN_Init)
    ECF_CAN_Rx_Callback_Register             0x08000f29   Thumb Code     4  bsp_can.o(.text.ECF_CAN_Rx_Callback_Register)
    ECF_CAN_Send_Msg_FIFO                    0x08000f31   Thumb Code    38  bsp_can.o(.text.ECF_CAN_Send_Msg_FIFO)
    ECF_PWM_50HZ_Output_Init                 0x08000f59   Thumb Code    86  bsp_pwm.o(.text.ECF_PWM_50HZ_Output_Init)
    Encoder_Init                             0x08000fb1   Thumb Code   126  bsp_motor_encoder.o(.text.Encoder_Init)
    Error_Handler                            0x08001031   Thumb Code    10  main.o(.text.Error_Handler)
    FDCAN1_IT0_IRQHandler                    0x08001041   Thumb Code    12  stm32h7xx_it.o(.text.FDCAN1_IT0_IRQHandler)
    FSM_Deal                                 0x080010d1   Thumb Code    80  fsm.o(.text.FSM_Deal)
    Gimbal_Fsm_Init                          0x08001121   Thumb Code   268  gimbal_fsm.o(.text.Gimbal_Fsm_Init)
    Gimbal_Motor_Init                        0x08001231   Thumb Code   668  gimbalmotor.o(.text.Gimbal_Motor_Init)
    Gimbal_PowerOff_Drive                    0x080014d1   Thumb Code     2  gimbalmotor.o(.text.Gimbal_PowerOff_Drive)
    Gimbal_Task                              0x080014d9   Thumb Code    94  gimbal_task.o(.text.Gimbal_Task)
    HAL_DMA_Abort                            0x08001539   Thumb Code  1260  stm32h7xx_hal_dma.o(.text.HAL_DMA_Abort)
    HAL_DMA_Abort_IT                         0x08001a29   Thumb Code   668  stm32h7xx_hal_dma.o(.text.HAL_DMA_Abort_IT)
    HAL_DMA_IRQHandler                       0x08001cc9   Thumb Code  2712  stm32h7xx_hal_dma.o(.text.HAL_DMA_IRQHandler)
    HAL_DMA_Init                             0x08002761   Thumb Code  1566  stm32h7xx_hal_dma.o(.text.HAL_DMA_Init)
    HAL_DMA_Start_IT                         0x08002d81   Thumb Code   894  stm32h7xx_hal_dma.o(.text.HAL_DMA_Start_IT)
    HAL_Delay                                0x08003101   Thumb Code    40  stm32h7xx_hal.o(.text.HAL_Delay)
    HAL_FDCAN_ActivateNotification           0x08003129   Thumb Code   120  stm32h7xx_hal_fdcan.o(.text.HAL_FDCAN_ActivateNotification)
    HAL_FDCAN_AddMessageToTxFifoQ            0x080031a1   Thumb Code   102  stm32h7xx_hal_fdcan.o(.text.HAL_FDCAN_AddMessageToTxFifoQ)
    HAL_FDCAN_ClockCalibrationCallback       0x08003209   Thumb Code     2  stm32h7xx_hal_fdcan.o(.text.HAL_FDCAN_ClockCalibrationCallback)
    HAL_FDCAN_ConfigFilter                   0x08003211   Thumb Code   136  stm32h7xx_hal_fdcan.o(.text.HAL_FDCAN_ConfigFilter)
    HAL_FDCAN_ConfigGlobalFilter             0x08003299   Thumb Code    54  stm32h7xx_hal_fdcan.o(.text.HAL_FDCAN_ConfigGlobalFilter)
    HAL_FDCAN_ConfigRxFifoOverwrite          0x080032d1   Thumb Code    66  stm32h7xx_hal_fdcan.o(.text.HAL_FDCAN_ConfigRxFifoOverwrite)
    HAL_FDCAN_ErrorCallback                  0x08003319   Thumb Code     2  stm32h7xx_hal_fdcan.o(.text.HAL_FDCAN_ErrorCallback)
    HAL_FDCAN_ErrorStatusCallback            0x08003321   Thumb Code     2  stm32h7xx_hal_fdcan.o(.text.HAL_FDCAN_ErrorStatusCallback)
    HAL_FDCAN_GetRxMessage                   0x08003329   Thumb Code   394  stm32h7xx_hal_fdcan.o(.text.HAL_FDCAN_GetRxMessage)
    HAL_FDCAN_HighPriorityMessageCallback    0x080034b9   Thumb Code     2  stm32h7xx_hal_fdcan.o(.text.HAL_FDCAN_HighPriorityMessageCallback)
    HAL_FDCAN_IRQHandler                     0x080034c1   Thumb Code   790  stm32h7xx_hal_fdcan.o(.text.HAL_FDCAN_IRQHandler)
    HAL_FDCAN_Init                           0x080037d9   Thumb Code   966  stm32h7xx_hal_fdcan.o(.text.HAL_FDCAN_Init)
    HAL_FDCAN_MspInit                        0x08003ba1   Thumb Code   328  fdcan.o(.text.HAL_FDCAN_MspInit)
    HAL_FDCAN_RxBufferNewMessageCallback     0x08003ce9   Thumb Code     2  stm32h7xx_hal_fdcan.o(.text.HAL_FDCAN_RxBufferNewMessageCallback)
    HAL_FDCAN_RxFifo0Callback                0x08003cf1   Thumb Code    40  bsp_can.o(.text.HAL_FDCAN_RxFifo0Callback)
    HAL_FDCAN_RxFifo1Callback                0x08003d19   Thumb Code     2  stm32h7xx_hal_fdcan.o(.text.HAL_FDCAN_RxFifo1Callback)
    HAL_FDCAN_Start                          0x08003d21   Thumb Code    50  stm32h7xx_hal_fdcan.o(.text.HAL_FDCAN_Start)
    HAL_FDCAN_TT_GlobalTimeCallback          0x08003d59   Thumb Code     2  stm32h7xx_hal_fdcan.o(.text.HAL_FDCAN_TT_GlobalTimeCallback)
    HAL_FDCAN_TT_ScheduleSyncCallback        0x08003d61   Thumb Code     2  stm32h7xx_hal_fdcan.o(.text.HAL_FDCAN_TT_ScheduleSyncCallback)
    HAL_FDCAN_TT_StopWatchCallback           0x08003d69   Thumb Code     2  stm32h7xx_hal_fdcan.o(.text.HAL_FDCAN_TT_StopWatchCallback)
    HAL_FDCAN_TT_TimeMarkCallback            0x08003d71   Thumb Code     2  stm32h7xx_hal_fdcan.o(.text.HAL_FDCAN_TT_TimeMarkCallback)
    HAL_FDCAN_TimeoutOccurredCallback        0x08003d79   Thumb Code     2  stm32h7xx_hal_fdcan.o(.text.HAL_FDCAN_TimeoutOccurredCallback)
    HAL_FDCAN_TimestampWraparoundCallback    0x08003d81   Thumb Code     2  stm32h7xx_hal_fdcan.o(.text.HAL_FDCAN_TimestampWraparoundCallback)
    HAL_FDCAN_TxBufferAbortCallback          0x08003d89   Thumb Code     2  stm32h7xx_hal_fdcan.o(.text.HAL_FDCAN_TxBufferAbortCallback)
    HAL_FDCAN_TxBufferCompleteCallback       0x08003d91   Thumb Code     2  stm32h7xx_hal_fdcan.o(.text.HAL_FDCAN_TxBufferCompleteCallback)
    HAL_FDCAN_TxEventFifoCallback            0x08003d99   Thumb Code     2  stm32h7xx_hal_fdcan.o(.text.HAL_FDCAN_TxEventFifoCallback)
    HAL_FDCAN_TxFifoEmptyCallback            0x08003da1   Thumb Code     2  stm32h7xx_hal_fdcan.o(.text.HAL_FDCAN_TxFifoEmptyCallback)
    HAL_GPIO_Init                            0x08003da9   Thumb Code   414  stm32h7xx_hal_gpio.o(.text.HAL_GPIO_Init)
    HAL_GPIO_WritePin                        0x08003f49   Thumb Code    10  stm32h7xx_hal_gpio.o(.text.HAL_GPIO_WritePin)
    HAL_GetREVID                             0x08003f59   Thumb Code    14  stm32h7xx_hal.o(.text.HAL_GetREVID)
    HAL_GetTick                              0x08003f69   Thumb Code    12  stm32h7xx_hal.o(.text.HAL_GetTick)
    HAL_IncTick                              0x08003f79   Thumb Code    26  stm32h7xx_hal.o(.text.HAL_IncTick)
    HAL_Init                                 0x08003f99   Thumb Code   100  stm32h7xx_hal.o(.text.HAL_Init)
    HAL_InitTick                             0x08004001   Thumb Code   160  stm32h7xx_hal_timebase_tim.o(.text.HAL_InitTick)
    HAL_MspInit                              0x080040a1   Thumb Code    42  stm32h7xx_hal_msp.o(.text.HAL_MspInit)
    HAL_NVIC_EnableIRQ                       0x080040d1   Thumb Code    32  stm32h7xx_hal_cortex.o(.text.HAL_NVIC_EnableIRQ)
    HAL_NVIC_SetPriority                     0x080040f1   Thumb Code    90  stm32h7xx_hal_cortex.o(.text.HAL_NVIC_SetPriority)
    HAL_NVIC_SetPriorityGrouping             0x08004151   Thumb Code    32  stm32h7xx_hal_cortex.o(.text.HAL_NVIC_SetPriorityGrouping)
    HAL_PWREx_ConfigSupply                   0x08004171   Thumb Code    72  stm32h7xx_hal_pwr_ex.o(.text.HAL_PWREx_ConfigSupply)
    HAL_RCCEx_GetD3PCLK1Freq                 0x080041b9   Thumb Code    38  stm32h7xx_hal_rcc_ex.o(.text.HAL_RCCEx_GetD3PCLK1Freq)
    HAL_RCCEx_GetPLL2ClockFreq               0x080041e1   Thumb Code   296  stm32h7xx_hal_rcc_ex.o(.text.HAL_RCCEx_GetPLL2ClockFreq)
    HAL_RCCEx_GetPLL3ClockFreq               0x08004309   Thumb Code   296  stm32h7xx_hal_rcc_ex.o(.text.HAL_RCCEx_GetPLL3ClockFreq)
    HAL_RCCEx_PeriphCLKConfig                0x08004431   Thumb Code  2572  stm32h7xx_hal_rcc_ex.o(.text.HAL_RCCEx_PeriphCLKConfig)
    HAL_RCC_ClockConfig                      0x08004e41   Thumb Code   600  stm32h7xx_hal_rcc.o(.text.HAL_RCC_ClockConfig)
    HAL_RCC_GetClockConfig                   0x08005099   Thumb Code    88  stm32h7xx_hal_rcc.o(.text.HAL_RCC_GetClockConfig)
    HAL_RCC_GetHCLKFreq                      0x080050f1   Thumb Code    76  stm32h7xx_hal_rcc.o(.text.HAL_RCC_GetHCLKFreq)
    HAL_RCC_GetPCLK1Freq                     0x08005141   Thumb Code    96  stm32h7xx_hal_rcc.o(.text.HAL_RCC_GetPCLK1Freq)
    HAL_RCC_GetPCLK2Freq                     0x080051a1   Thumb Code    96  stm32h7xx_hal_rcc.o(.text.HAL_RCC_GetPCLK2Freq)
    HAL_RCC_GetSysClockFreq                  0x08005201   Thumb Code   268  stm32h7xx_hal_rcc.o(.text.HAL_RCC_GetSysClockFreq)
    HAL_RCC_OscConfig                        0x08005311   Thumb Code  1670  stm32h7xx_hal_rcc.o(.text.HAL_RCC_OscConfig)
    HAL_TIMEx_Break2Callback                 0x08005999   Thumb Code     2  stm32h7xx_hal_tim_ex.o(.text.HAL_TIMEx_Break2Callback)
    HAL_TIMEx_BreakCallback                  0x080059a1   Thumb Code     2  stm32h7xx_hal_tim_ex.o(.text.HAL_TIMEx_BreakCallback)
    HAL_TIMEx_CommutCallback                 0x080059a9   Thumb Code     2  stm32h7xx_hal_tim_ex.o(.text.HAL_TIMEx_CommutCallback)
    HAL_TIMEx_ConfigBreakDeadTime            0x080059b1   Thumb Code   166  stm32h7xx_hal_tim_ex.o(.text.HAL_TIMEx_ConfigBreakDeadTime)
    HAL_TIMEx_MasterConfigSynchronization    0x08005a59   Thumb Code   204  stm32h7xx_hal_tim_ex.o(.text.HAL_TIMEx_MasterConfigSynchronization)
    HAL_TIM_Base_Init                        0x08005b29   Thumb Code    96  stm32h7xx_hal_tim.o(.text.HAL_TIM_Base_Init)
    HAL_TIM_Base_MspInit                     0x08005b89   Thumb Code     2  stm32h7xx_hal_tim.o(.text.HAL_TIM_Base_MspInit)
    HAL_TIM_Base_Start                       0x08005b91   Thumb Code   170  stm32h7xx_hal_tim.o(.text.HAL_TIM_Base_Start)
    HAL_TIM_Base_Start_IT                    0x08005c41   Thumb Code   178  stm32h7xx_hal_tim.o(.text.HAL_TIM_Base_Start_IT)
    HAL_TIM_IC_CaptureCallback               0x08005cf9   Thumb Code     2  stm32h7xx_hal_tim.o(.text.HAL_TIM_IC_CaptureCallback)
    HAL_TIM_IRQHandler                       0x08005d01   Thumb Code   392  stm32h7xx_hal_tim.o(.text.HAL_TIM_IRQHandler)
    HAL_TIM_MspPostInit                      0x08005e89   Thumb Code   202  tim.o(.text.HAL_TIM_MspPostInit)
    HAL_TIM_OC_DelayElapsedCallback          0x08005f59   Thumb Code     2  stm32h7xx_hal_tim.o(.text.HAL_TIM_OC_DelayElapsedCallback)
    HAL_TIM_PWM_ConfigChannel                0x08005f61   Thumb Code  1188  stm32h7xx_hal_tim.o(.text.HAL_TIM_PWM_ConfigChannel)
    HAL_TIM_PWM_Init                         0x08006409   Thumb Code    96  stm32h7xx_hal_tim.o(.text.HAL_TIM_PWM_Init)
    HAL_TIM_PWM_MspInit                      0x08006469   Thumb Code   134  tim.o(.text.HAL_TIM_PWM_MspInit)
    HAL_TIM_PWM_PulseFinishedCallback        0x080064f1   Thumb Code     2  stm32h7xx_hal_tim.o(.text.HAL_TIM_PWM_PulseFinishedCallback)
    HAL_TIM_PWM_Start                        0x080064f9   Thumb Code   436  stm32h7xx_hal_tim.o(.text.HAL_TIM_PWM_Start)
    HAL_TIM_PeriodElapsedCallback            0x080066b1   Thumb Code    14  main.o(.text.HAL_TIM_PeriodElapsedCallback)
    HAL_TIM_TriggerCallback                  0x080066c1   Thumb Code     2  stm32h7xx_hal_tim.o(.text.HAL_TIM_TriggerCallback)
    HAL_UARTEx_DisableFifoMode               0x080066c9   Thumb Code    54  stm32h7xx_hal_uart_ex.o(.text.HAL_UARTEx_DisableFifoMode)
    HAL_UARTEx_RxEventCallback               0x08006701   Thumb Code     2  stm32h7xx_hal_uart.o(.text.HAL_UARTEx_RxEventCallback)
    HAL_UARTEx_RxFifoFullCallback            0x08006709   Thumb Code     2  stm32h7xx_hal_uart_ex.o(.text.HAL_UARTEx_RxFifoFullCallback)
    HAL_UARTEx_SetRxFifoThreshold            0x08006711   Thumb Code   146  stm32h7xx_hal_uart_ex.o(.text.HAL_UARTEx_SetRxFifoThreshold)
    HAL_UARTEx_SetTxFifoThreshold            0x080067a9   Thumb Code   146  stm32h7xx_hal_uart_ex.o(.text.HAL_UARTEx_SetTxFifoThreshold)
    HAL_UARTEx_TxFifoEmptyCallback           0x08006841   Thumb Code     2  stm32h7xx_hal_uart_ex.o(.text.HAL_UARTEx_TxFifoEmptyCallback)
    HAL_UARTEx_WakeupCallback                0x08006849   Thumb Code     2  stm32h7xx_hal_uart_ex.o(.text.HAL_UARTEx_WakeupCallback)
    HAL_UART_ErrorCallback                   0x08006851   Thumb Code     2  stm32h7xx_hal_uart.o(.text.HAL_UART_ErrorCallback)
    HAL_UART_IRQHandler                      0x08006859   Thumb Code  1136  stm32h7xx_hal_uart.o(.text.HAL_UART_IRQHandler)
    HAL_UART_Init                            0x08006cc9   Thumb Code   100  stm32h7xx_hal_uart.o(.text.HAL_UART_Init)
    HAL_UART_MspInit                         0x08006d31   Thumb Code   228  usart.o(.text.HAL_UART_MspInit)
    HAL_UART_Receive_DMA                     0x08006e19   Thumb Code   236  stm32h7xx_hal_uart.o(.text.HAL_UART_Receive_DMA)
    HAL_UART_RxCpltCallback                  0x08006f09   Thumb Code     2  stm32h7xx_hal_uart.o(.text.HAL_UART_RxCpltCallback)
    HAL_UART_RxHalfCpltCallback              0x08006f11   Thumb Code     2  stm32h7xx_hal_uart.o(.text.HAL_UART_RxHalfCpltCallback)
    HAL_UART_TxCpltCallback                  0x08006f19   Thumb Code     2  stm32h7xx_hal_uart.o(.text.HAL_UART_TxCpltCallback)
    HardFault_Handler                        0x08006f21   Thumb Code     2  stm32h7xx_it.o(.text.HardFault_Handler)
    MX_DMA_Init                              0x08006fc1   Thumb Code    52  dma.o(.text.MX_DMA_Init)
    MX_FDCAN1_Init                           0x08006ff9   Thumb Code   118  fdcan.o(.text.MX_FDCAN1_Init)
    MX_FDCAN2_Init                           0x08007071   Thumb Code   116  fdcan.o(.text.MX_FDCAN2_Init)
    MX_FREERTOS_Init                         0x080070e9   Thumb Code   388  freertos.o(.text.MX_FREERTOS_Init)
    MX_GPIO_Init                             0x08007271   Thumb Code   156  gpio.o(.text.MX_GPIO_Init)
    MX_TIM1_Init                             0x08007311   Thumb Code   234  tim.o(.text.MX_TIM1_Init)
    MX_TIM3_Init                             0x08007401   Thumb Code   144  tim.o(.text.MX_TIM3_Init)
    MX_TIM8_Init                             0x08007491   Thumb Code   236  tim.o(.text.MX_TIM8_Init)
    MX_USART1_UART_Init                      0x08007581   Thumb Code   136  usart.o(.text.MX_USART1_UART_Init)
    MemManage_Handler                        0x08007609   Thumb Code     2  stm32h7xx_it.o(.text.MemManage_Handler)
    MotorDataDeal                            0x08007611   Thumb Code   288  gimbalmotor.o(.text.MotorDataDeal)
    NMI_Handler                              0x08007731   Thumb Code     2  stm32h7xx_it.o(.text.NMI_Handler)
    PendSV_Handler                           0x08007761   Thumb Code   100  port.o(.text.PendSV_Handler)
    PidCalculate                             0x080077c9   Thumb Code   580  pid.o(.text.PidCalculate)
    PidInit                                  0x08007a11   Thumb Code    48  pid.o(.text.PidInit)
    PidInitMode                              0x08007a41   Thumb Code   154  pid.o(.text.PidInitMode)
    RC_Check_Data_IS_ERROR                   0x08007d39   Thumb Code   134  bsp_dr16.o(.text.RC_Check_Data_IS_ERROR)
    RC_DataProcess                           0x08007dc1   Thumb Code   214  bsp_dr16.o(.text.RC_DataProcess)
    RC_Init                                  0x08007e99   Thumb Code    78  bsp_dr16.o(.text.RC_Init)
    RC_UART_Handler                          0x08007ee9   Thumb Code    20  bsp_dr16.o(.text.RC_UART_Handler)
    Remote_Data_Deal                         0x08007f01   Thumb Code   360  remotedeal.o(.text.Remote_Data_Deal)
    Remote_Task                              0x08008069   Thumb Code    64  remote_task.o(.text.Remote_Task)
    Return_Gimbal_FSM                        0x080080a9   Thumb Code    10  gimbal_fsm.o(.text.Return_Gimbal_FSM)
    Return_Grasp_t_Pointer                   0x080080b9   Thumb Code    10  gimbalmotor.o(.text.Return_Grasp_t_Pointer)
    Return_RemoteDeal_Point                  0x080080c9   Thumb Code    10  remotedeal.o(.text.Return_RemoteDeal_Point)
    SVC_Handler                              0x080080e1   Thumb Code    36  port.o(.text.SVC_Handler)
    StartDefaultTask                         0x08008109   Thumb Code     8  freertos.o(.text.StartDefaultTask)
    StateChange                              0x08008111   Thumb Code     8  fsm.o(.text.StateChange)
    SysTick_Handler                          0x08008119   Thumb Code    46  port.o(.text.SysTick_Handler)
    SystemClock_Config                       0x08008149   Thumb Code   270  main.o(.text.SystemClock_Config)
    SystemInit                               0x08008259   Thumb Code   204  system_stm32h7xx.o(.text.SystemInit)
    TIM2_IRQHandler                          0x08008329   Thumb Code    12  stm32h7xx_it.o(.text.TIM2_IRQHandler)
    TIM_Base_SetConfig                       0x08008339   Thumb Code   314  stm32h7xx_hal_tim.o(.text.TIM_Base_SetConfig)
    Three_Degrees_Arms_Init                  0x08008479   Thumb Code    48  gimbalmotor.o(.text.Three_Degrees_Arms_Init)
    UART_AdvFeatureConfig                    0x080084a9   Thumb Code   224  stm32h7xx_hal_uart.o(.text.UART_AdvFeatureConfig)
    UART_CheckIdleState                      0x08008589   Thumb Code   184  stm32h7xx_hal_uart.o(.text.UART_CheckIdleState)
    UART_SetConfig                           0x080087c1   Thumb Code  1200  stm32h7xx_hal_uart.o(.text.UART_SetConfig)
    UART_WaitOnFlagUntilTimeout              0x08008c79   Thumb Code   318  stm32h7xx_hal_uart.o(.text.UART_WaitOnFlagUntilTimeout)
    USART1_IRQHandler                        0x08008db9   Thumb Code    56  stm32h7xx_it.o(.text.USART1_IRQHandler)
    UsageFault_Handler                       0x08008df1   Thumb Code     2  stm32h7xx_it.o(.text.UsageFault_Handler)
    arm_power_f32                            0x08008df9   Thumb Code   108  statisticsfunctions.o(.text.arm_power_f32)
    detect_hook                              0x08008e69   Thumb Code   102  detect_task.o(.text.detect_hook)
    first_order_filter                       0x08008ed1   Thumb Code    42  filter.o(.text.first_order_filter)
    main                                     0x08008f01   Thumb Code   170  main.o(.text.main)
    motor_position_speed_control             0x08008fb1   Thumb Code    46  pid.o(.text.motor_position_speed_control)
    osDelay                                  0x08008fe1   Thumb Code    16  cmsis_os.o(.text.osDelay)
    osKernelStart                            0x08008ff1   Thumb Code    10  cmsis_os.o(.text.osKernelStart)
    osThreadCreate                           0x08009001   Thumb Code    94  cmsis_os.o(.text.osThreadCreate)
    pvPortMalloc                             0x08009279   Thumb Code   454  heap_4.o(.text.pvPortMalloc)
    pxPortInitialiseStack                    0x08009441   Thumb Code    44  port.o(.text.pxPortInitialiseStack)
    uxListRemove                             0x08009471   Thumb Code    42  list.o(.text.uxListRemove)
    vApplicationGetIdleTaskMemory            0x080094a1   Thumb Code    26  freertos.o(.text.vApplicationGetIdleTaskMemory)
    vListInitialise                          0x080094c1   Thumb Code    22  list.o(.text.vListInitialise)
    vListInitialiseItem                      0x080094d9   Thumb Code     6  list.o(.text.vListInitialiseItem)
    vListInsert                              0x080094e1   Thumb Code    58  list.o(.text.vListInsert)
    vListInsertEnd                           0x08009521   Thumb Code    28  list.o(.text.vListInsertEnd)
    vPortEnterCritical                       0x08009559   Thumb Code    74  port.o(.text.vPortEnterCritical)
    vPortExitCritical                        0x080095a9   Thumb Code    46  port.o(.text.vPortExitCritical)
    vPortFree                                0x080095d9   Thumb Code   210  heap_4.o(.text.vPortFree)
    vPortSetupTimerInterrupt                 0x080096b1   Thumb Code    52  port.o(.text.vPortSetupTimerInterrupt)
    vTaskDelay                               0x080096e9   Thumb Code   194  tasks.o(.text.vTaskDelay)
    vTaskStartScheduler                      0x080097b1   Thumb Code   120  tasks.o(.text.vTaskStartScheduler)
    vTaskSuspendAll                          0x08009831   Thumb Code    16  tasks.o(.text.vTaskSuspendAll)
    vTaskSwitchContext                       0x08009841   Thumb Code   134  tasks.o(.text.vTaskSwitchContext)
    xPortStartScheduler                      0x080098c9   Thumb Code   306  port.o(.text.xPortStartScheduler)
    xTaskCreate                              0x08009a01   Thumb Code   196  tasks.o(.text.xTaskCreate)
    xTaskCreateStatic                        0x08009ac9   Thumb Code   224  tasks.o(.text.xTaskCreateStatic)
    xTaskGetTickCount                        0x08009ba9   Thumb Code    12  tasks.o(.text.xTaskGetTickCount)
    xTaskIncrementTick                       0x08009bb9   Thumb Code   384  tasks.o(.text.xTaskIncrementTick)
    xTaskResumeAll                           0x08009d39   Thumb Code   316  tasks.o(.text.xTaskResumeAll)
    __hardfp_acosf                           0x08009e75   Thumb Code   234  acosf.o(i.__hardfp_acosf)
    __mathlib_flt_infnan                     0x08009f8d   Thumb Code     6  funder.o(i.__mathlib_flt_infnan)
    __mathlib_flt_invalid                    0x08009f95   Thumb Code    10  funder.o(i.__mathlib_flt_invalid)
    __scatterload_copy                       0x08009fa5   Thumb Code    14  handlers.o(i.__scatterload_copy)
    __scatterload_null                       0x08009fb3   Thumb Code     2  handlers.o(i.__scatterload_null)
    __scatterload_zeroinit                   0x08009fb5   Thumb Code    14  handlers.o(i.__scatterload_zeroinit)
    __set_errno                              0x08009fc5   Thumb Code     6  errno.o(i.__set_errno)
    sqrtf                                    0x08009fd1   Thumb Code    62  sqrtf.o(i.sqrtf)
    D1CorePrescTable                         0x0800a086   Data          16  system_stm32h7xx.o(.rodata.D1CorePrescTable)
    UARTPrescTable                           0x0800a096   Data          24  stm32h7xx_hal_uart.o(.rodata.UARTPrescTable)
    Region$$Table$$Base                      0x0800a110   Number         0  anon$$obj.o(Region$$Table)
    Region$$Table$$Limit                     0x0800a130   Number         0  anon$$obj.o(Region$$Table)
    SystemCoreClock                          0x24000004   Data           4  system_stm32h7xx.o(.data.SystemCoreClock)
    SystemD2Clock                            0x24000008   Data           4  system_stm32h7xx.o(.data.SystemD2Clock)
    pwm                                      0x2400000c   Data           4  main.o(.data.pwm)
    uwTickFreq                               0x24000010   Data           1  stm32h7xx_hal.o(.data.uwTickFreq)
    uwTickPrio                               0x24000014   Data           4  stm32h7xx_hal.o(.data.uwTickPrio)
    Arm_Test                                 0x24000020   Data          12  gimbal_fsm.o(.bss.Arm_Test)
    CAN_Encoder                              0x24000034   Data         680  bsp_motor_encoder.o(.bss.CAN_Encoder)
    Gimbal                                   0x240002e4   Data          24  gimbal_task.o(.bss.Gimbal)
    Gimbal_Fsm                               0x240002fc   Data          16  gimbal_fsm.o(.bss.Gimbal_Fsm)
    Gimbal_State_Table                       0x2400030c   Data         108  gimbal_fsm.o(.bss.Gimbal_State_Table)
    Grasp                                    0x24000378   Data          12  gimbalmotor.o(.bss.Grasp)
    Keyboard                                 0x24000388   Data          12  gimbal_fsm.o(.bss.Keyboard)
    LIFT                                     0x24000394   Data          12  gimbal_fsm.o(.bss.LIFT)
    OFFLINE                                  0x240003a0   Data          12  gimbal_fsm.o(.bss.OFFLINE)
    REMOTE                                   0x240003b4   Data         104  remotedeal.o(.bss.REMOTE)
    Sbus_RX_Buffer                           0x2400041c   Data          36  bsp_dr16.o(.bss.Sbus_RX_Buffer)
    TD_t                                     0x24000440   Data        1312  gimbalmotor.o(.bss.TD_t)
    Task_BoardCommuHandle                    0x24000960   Data           4  freertos.o(.bss.Task_BoardCommuHandle)
    Task_DetectHandle                        0x24000964   Data           4  freertos.o(.bss.Task_DetectHandle)
    Task_GimbalHandle                        0x24000968   Data           4  freertos.o(.bss.Task_GimbalHandle)
    Task_RemoteHandle                        0x2400096c   Data           4  freertos.o(.bss.Task_RemoteHandle)
    can1_manage                              0x24000994   Data           8  bsp_can.o(.bss.can1_manage)
    ch1                                      0x2400099c   Data           4  bsp_dr16.o(.bss.ch1)
    ch2                                      0x240009a0   Data           4  bsp_dr16.o(.bss.ch2)
    defaultTaskHandle                        0x240009a4   Data           4  freertos.o(.bss.defaultTaskHandle)
    error_list                               0x240009a8   Data         240  detect_task.o(.bss.error_list)
    hdma_usart1_rx                           0x24000a98   Data         120  usart.o(.bss.hdma_usart1_rx)
    hfdcan1                                  0x24000b10   Data         160  fdcan.o(.bss.hfdcan1)
    hfdcan2                                  0x24000bb0   Data         160  fdcan.o(.bss.hfdcan2)
    htim1                                    0x24000c50   Data          76  tim.o(.bss.htim1)
    htim2                                    0x24000c9c   Data          76  stm32h7xx_hal_timebase_tim.o(.bss.htim2)
    htim3                                    0x24000ce8   Data          76  tim.o(.bss.htim3)
    htim8                                    0x24000d34   Data          76  tim.o(.bss.htim8)
    huart1                                   0x24000d80   Data         148  usart.o(.bss.huart1)
    pxCurrentTCB                             0x24000e14   Data           4  tasks.o(.bss.pxCurrentTCB)
    rc_ctl                                   0x24000eb0   Data          64  bsp_dr16.o(.bss.rc_ctl)
    s1                                       0x24000ef0   Data           1  bsp_dr16.o(.bss.s1)
    s2                                       0x24000ef1   Data           1  bsp_dr16.o(.bss.s2)
    uwTick                                   0x24004af8   Data           4  stm32h7xx_hal.o(.bss.uwTick)
    __initial_sp                             0x24005200   Data           0  startup_stm32h750xx.o(STACK)



==============================================================================

Memory Map of the image

  Image Entry point : 0x08000299

  Load Region LR_IROM1 (Base: 0x08000000, Size: 0x0000a150, Max: 0x00020000, ABSOLUTE)

    Execution Region ER_IROM1 (Exec base: 0x08000000, Load base: 0x08000000, Size: 0x0000a130, Max: 0x00020000, ABSOLUTE)

    Exec Addr    Load Addr    Size         Type   Attr      Idx    E Section Name        Object

    0x08000000   0x08000000   0x00000298   Data   RO            3    RESET               startup_stm32h750xx.o
    0x08000298   0x08000298   0x00000000   Code   RO         3987  * .ARM.Collect$$$$00000000  mc_w.l(entry.o)
    0x08000298   0x08000298   0x00000004   Code   RO         4063    .ARM.Collect$$$$00000001  mc_w.l(entry2.o)
    0x0800029c   0x0800029c   0x00000004   Code   RO         4066    .ARM.Collect$$$$00000004  mc_w.l(entry5.o)
    0x080002a0   0x080002a0   0x00000000   Code   RO         4068    .ARM.Collect$$$$00000008  mc_w.l(entry7b.o)
    0x080002a0   0x080002a0   0x00000000   Code   RO         4070    .ARM.Collect$$$$0000000A  mc_w.l(entry8b.o)
    0x080002a0   0x080002a0   0x00000008   Code   RO         4071    .ARM.Collect$$$$0000000B  mc_w.l(entry9a.o)
    0x080002a8   0x080002a8   0x00000000   Code   RO         4073    .ARM.Collect$$$$0000000D  mc_w.l(entry10a.o)
    0x080002a8   0x080002a8   0x00000000   Code   RO         4075    .ARM.Collect$$$$0000000F  mc_w.l(entry11a.o)
    0x080002a8   0x080002a8   0x00000004   Code   RO         4064    .ARM.Collect$$$$00002712  mc_w.l(entry2.o)
    0x080002ac   0x080002ac   0x00000024   Code   RO            4    .text               startup_stm32h750xx.o
    0x080002d0   0x080002d0   0x00000062   Code   RO         3990    .text               mc_w.l(uldiv.o)
    0x08000332   0x08000332   0x00000024   Code   RO         3996    .text               mc_w.l(memseta.o)
    0x08000356   0x08000356   0x0000001e   Code   RO         4077    .text               mc_w.l(llshl.o)
    0x08000374   0x08000374   0x00000020   Code   RO         4079    .text               mc_w.l(llushr.o)
    0x08000394   0x08000394   0x00000000   Code   RO         4090    .text               mc_w.l(iusefp.o)
    0x08000394   0x08000394   0x00000024   Code   RO         4093    .text               mc_w.l(init.o)
    0x080003b8   0x080003b8   0x00000002   Code   RO         2402    .text.Arm_Prepare   gimbal_fsm.o
    0x080003ba   0x080003ba   0x00000006   PAD
    0x080003c0   0x080003c0   0x00000016   Code   RO         2400    .text.Arm_State     gimbal_fsm.o
    0x080003d6   0x080003d6   0x00000002   PAD
    0x080003d8   0x080003d8   0x00000046   Code   RO         2412    .text.Arm_bhv       gimbal_fsm.o
    0x0800041e   0x0800041e   0x00000002   PAD
    0x08000420   0x08000420   0x00000200   Code   RO         2315    .text.Arms_Drive    gimbalmotor.o
    0x08000620   0x08000620   0x0000000c   Code   RO         2346    .text.BoardCommuni_Task  boardcommuni_task.o
    0x0800062c   0x0800062c   0x00000004   PAD
    0x08000630   0x08000630   0x00000002   Code   RO          133    .text.BusFault_Handler  stm32h7xx_it.o
    0x08000632   0x08000632   0x00000006   PAD
    0x08000638   0x08000638   0x00000064   Code   RO         1760    .text.CAN1_C620_OR_C610_201_TO_204_SendMsg  bsp_can.o
    0x0800069c   0x0800069c   0x00000004   PAD
    0x080006a0   0x080006a0   0x00000064   Code   RO         1762    .text.CAN1_C620_OR_C610_205_TO_208_SendMsg  bsp_can.o
    0x08000704   0x08000704   0x00000004   PAD
    0x08000708   0x08000708   0x0000006a   Code   RO         1766    .text.CAN1_GM6020_5_TO_8_SendMsg  bsp_can.o
    0x08000772   0x08000772   0x00000006   PAD
    0x08000778   0x08000778   0x00000072   Code   RO         2333    .text.CAN_A2B_RC_Send  boardcommuni.o
    0x080007ea   0x080007ea   0x00000006   PAD
    0x080007f0   0x080007f0   0x00000104   Code   RO         1785    .text.CAN_DATA_Encoder_Deal  bsp_motor_encoder.o
    0x080008f4   0x080008f4   0x00000004   PAD
    0x080008f8   0x080008f8   0x0000000c   Code   RO          139    .text.DMA1_Stream0_IRQHandler  stm32h7xx_it.o
    0x08000904   0x08000904   0x00000004   PAD
    0x08000908   0x08000908   0x00000118   Code   RO          651    .text.DMA_CalcBaseAndBitshift  stm32h7xx_hal_dma.o
    0x08000a20   0x08000a20   0x000002fe   Code   RO          657    .text.DMA_SetConfig  stm32h7xx_hal_dma.o
    0x08000d1e   0x08000d1e   0x00000002   PAD
    0x08000d20   0x08000d20   0x00000002   Code   RO          137    .text.DebugMon_Handler  stm32h7xx_it.o
    0x08000d22   0x08000d22   0x00000006   PAD
    0x08000d28   0x08000d28   0x00000178   Code   RO         2360    .text.Detect_Task   detect_task.o
    0x08000ea0   0x08000ea0   0x00000082   Code   RO         1752    .text.ECF_CAN_Init  bsp_can.o
    0x08000f22   0x08000f22   0x00000006   PAD
    0x08000f28   0x08000f28   0x00000004   Code   RO         1754    .text.ECF_CAN_Rx_Callback_Register  bsp_can.o
    0x08000f2c   0x08000f2c   0x00000004   PAD
    0x08000f30   0x08000f30   0x00000026   Code   RO         1758    .text.ECF_CAN_Send_Msg_FIFO  bsp_can.o
    0x08000f56   0x08000f56   0x00000002   PAD
    0x08000f58   0x08000f58   0x00000056   Code   RO         1809    .text.ECF_PWM_50HZ_Output_Init  bsp_pwm.o
    0x08000fae   0x08000fae   0x00000002   PAD
    0x08000fb0   0x08000fb0   0x0000007e   Code   RO         1781    .text.Encoder_Init  bsp_motor_encoder.o
    0x0800102e   0x0800102e   0x00000002   PAD
    0x08001030   0x08001030   0x0000000a   Code   RO           15    .text.Error_Handler  main.o
    0x0800103a   0x0800103a   0x00000006   PAD
    0x08001040   0x08001040   0x0000000c   Code   RO          141    .text.FDCAN1_IT0_IRQHandler  stm32h7xx_it.o
    0x0800104c   0x0800104c   0x00000004   PAD
    0x08001050   0x08001050   0x0000007e   Code   RO          298    .text.FDCAN_CopyMessageToRAM  stm32h7xx_hal_fdcan.o
    0x080010ce   0x080010ce   0x00000002   PAD
    0x080010d0   0x080010d0   0x00000050   Code   RO         2374    .text.FSM_Deal      fsm.o
    0x08001120   0x08001120   0x0000010c   Code   RO         2388    .text.Gimbal_Fsm_Init  gimbal_fsm.o
    0x0800122c   0x0800122c   0x00000004   PAD
    0x08001230   0x08001230   0x0000029c   Code   RO         2309    .text.Gimbal_Motor_Init  gimbalmotor.o
    0x080014cc   0x080014cc   0x00000004   PAD
    0x080014d0   0x080014d0   0x00000002   Code   RO         2311    .text.Gimbal_PowerOff_Drive  gimbalmotor.o
    0x080014d2   0x080014d2   0x00000006   PAD
    0x080014d8   0x080014d8   0x0000005e   Code   RO         2428    .text.Gimbal_Task   gimbal_task.o
    0x08001536   0x08001536   0x00000002   PAD
    0x08001538   0x08001538   0x000004ec   Code   RO          661    .text.HAL_DMA_Abort  stm32h7xx_hal_dma.o
    0x08001a24   0x08001a24   0x00000004   PAD
    0x08001a28   0x08001a28   0x0000029c   Code   RO          663    .text.HAL_DMA_Abort_IT  stm32h7xx_hal_dma.o
    0x08001cc4   0x08001cc4   0x00000004   PAD
    0x08001cc8   0x08001cc8   0x00000a98   Code   RO          667    .text.HAL_DMA_IRQHandler  stm32h7xx_hal_dma.o
    0x08002760   0x08002760   0x0000061e   Code   RO          649    .text.HAL_DMA_Init  stm32h7xx_hal_dma.o
    0x08002d7e   0x08002d7e   0x00000002   PAD
    0x08002d80   0x08002d80   0x0000037e   Code   RO          659    .text.HAL_DMA_Start_IT  stm32h7xx_hal_dma.o
    0x080030fe   0x080030fe   0x00000002   PAD
    0x08003100   0x08003100   0x00000028   Code   RO          907    .text.HAL_Delay     stm32h7xx_hal.o
    0x08003128   0x08003128   0x00000078   Code   RO          376    .text.HAL_FDCAN_ActivateNotification  stm32h7xx_hal_fdcan.o
    0x080031a0   0x080031a0   0x00000066   Code   RO          296    .text.HAL_FDCAN_AddMessageToTxFifoQ  stm32h7xx_hal_fdcan.o
    0x08003206   0x08003206   0x00000002   PAD
    0x08003208   0x08003208   0x00000002   Code   RO          390    .text.HAL_FDCAN_ClockCalibrationCallback  stm32h7xx_hal_fdcan.o
    0x0800320a   0x0800320a   0x00000006   PAD
    0x08003210   0x08003210   0x00000088   Code   RO          248    .text.HAL_FDCAN_ConfigFilter  stm32h7xx_hal_fdcan.o
    0x08003298   0x08003298   0x00000036   Code   RO          250    .text.HAL_FDCAN_ConfigGlobalFilter  stm32h7xx_hal_fdcan.o
    0x080032ce   0x080032ce   0x00000002   PAD
    0x080032d0   0x080032d0   0x00000042   Code   RO          254    .text.HAL_FDCAN_ConfigRxFifoOverwrite  stm32h7xx_hal_fdcan.o
    0x08003312   0x08003312   0x00000006   PAD
    0x08003318   0x08003318   0x00000002   Code   RO          418    .text.HAL_FDCAN_ErrorCallback  stm32h7xx_hal_fdcan.o
    0x0800331a   0x0800331a   0x00000006   PAD
    0x08003320   0x08003320   0x00000002   Code   RO          408    .text.HAL_FDCAN_ErrorStatusCallback  stm32h7xx_hal_fdcan.o
    0x08003322   0x08003322   0x00000006   PAD
    0x08003328   0x08003328   0x0000018a   Code   RO          308    .text.HAL_FDCAN_GetRxMessage  stm32h7xx_hal_fdcan.o
    0x080034b2   0x080034b2   0x00000006   PAD
    0x080034b8   0x080034b8   0x00000002   Code   RO          386    .text.HAL_FDCAN_HighPriorityMessageCallback  stm32h7xx_hal_fdcan.o
    0x080034ba   0x080034ba   0x00000006   PAD
    0x080034c0   0x080034c0   0x00000316   Code   RO          384    .text.HAL_FDCAN_IRQHandler  stm32h7xx_hal_fdcan.o
    0x080037d6   0x080037d6   0x00000002   PAD
    0x080037d8   0x080037d8   0x000003c6   Code   RO          226    .text.HAL_FDCAN_Init  stm32h7xx_hal_fdcan.o
    0x08003b9e   0x08003b9e   0x00000002   PAD
    0x08003ba0   0x08003ba0   0x00000148   Code   RO           73    .text.HAL_FDCAN_MspInit  fdcan.o
    0x08003ce8   0x08003ce8   0x00000002   Code   RO          402    .text.HAL_FDCAN_RxBufferNewMessageCallback  stm32h7xx_hal_fdcan.o
    0x08003cea   0x08003cea   0x00000006   PAD
    0x08003cf0   0x08003cf0   0x00000028   Code   RO         1756    .text.HAL_FDCAN_RxFifo0Callback  bsp_can.o
    0x08003d18   0x08003d18   0x00000002   Code   RO          396    .text.HAL_FDCAN_RxFifo1Callback  stm32h7xx_hal_fdcan.o
    0x08003d1a   0x08003d1a   0x00000006   PAD
    0x08003d20   0x08003d20   0x00000032   Code   RO          294    .text.HAL_FDCAN_Start  stm32h7xx_hal_fdcan.o
    0x08003d52   0x08003d52   0x00000006   PAD
    0x08003d58   0x08003d58   0x00000002   Code   RO          416    .text.HAL_FDCAN_TT_GlobalTimeCallback  stm32h7xx_hal_fdcan.o
    0x08003d5a   0x08003d5a   0x00000006   PAD
    0x08003d60   0x08003d60   0x00000002   Code   RO          410    .text.HAL_FDCAN_TT_ScheduleSyncCallback  stm32h7xx_hal_fdcan.o
    0x08003d62   0x08003d62   0x00000006   PAD
    0x08003d68   0x08003d68   0x00000002   Code   RO          414    .text.HAL_FDCAN_TT_StopWatchCallback  stm32h7xx_hal_fdcan.o
    0x08003d6a   0x08003d6a   0x00000006   PAD
    0x08003d70   0x08003d70   0x00000002   Code   RO          412    .text.HAL_FDCAN_TT_TimeMarkCallback  stm32h7xx_hal_fdcan.o
    0x08003d72   0x08003d72   0x00000006   PAD
    0x08003d78   0x08003d78   0x00000002   Code   RO          406    .text.HAL_FDCAN_TimeoutOccurredCallback  stm32h7xx_hal_fdcan.o
    0x08003d7a   0x08003d7a   0x00000006   PAD
    0x08003d80   0x08003d80   0x00000002   Code   RO          404    .text.HAL_FDCAN_TimestampWraparoundCallback  stm32h7xx_hal_fdcan.o
    0x08003d82   0x08003d82   0x00000006   PAD
    0x08003d88   0x08003d88   0x00000002   Code   RO          388    .text.HAL_FDCAN_TxBufferAbortCallback  stm32h7xx_hal_fdcan.o
    0x08003d8a   0x08003d8a   0x00000006   PAD
    0x08003d90   0x08003d90   0x00000002   Code   RO          400    .text.HAL_FDCAN_TxBufferCompleteCallback  stm32h7xx_hal_fdcan.o
    0x08003d92   0x08003d92   0x00000006   PAD
    0x08003d98   0x08003d98   0x00000002   Code   RO          392    .text.HAL_FDCAN_TxEventFifoCallback  stm32h7xx_hal_fdcan.o
    0x08003d9a   0x08003d9a   0x00000006   PAD
    0x08003da0   0x08003da0   0x00000002   Code   RO          398    .text.HAL_FDCAN_TxFifoEmptyCallback  stm32h7xx_hal_fdcan.o
    0x08003da2   0x08003da2   0x00000006   PAD
    0x08003da8   0x08003da8   0x0000019e   Code   RO          595    .text.HAL_GPIO_Init  stm32h7xx_hal_gpio.o
    0x08003f46   0x08003f46   0x00000002   PAD
    0x08003f48   0x08003f48   0x0000000a   Code   RO          601    .text.HAL_GPIO_WritePin  stm32h7xx_hal_gpio.o
    0x08003f52   0x08003f52   0x00000006   PAD
    0x08003f58   0x08003f58   0x0000000e   Code   RO          915    .text.HAL_GetREVID  stm32h7xx_hal.o
    0x08003f66   0x08003f66   0x00000002   PAD
    0x08003f68   0x08003f68   0x0000000c   Code   RO          899    .text.HAL_GetTick   stm32h7xx_hal.o
    0x08003f74   0x08003f74   0x00000004   PAD
    0x08003f78   0x08003f78   0x0000001a   Code   RO          897    .text.HAL_IncTick   stm32h7xx_hal.o
    0x08003f92   0x08003f92   0x00000006   PAD
    0x08003f98   0x08003f98   0x00000064   Code   RO          887    .text.HAL_Init      stm32h7xx_hal.o
    0x08003ffc   0x08003ffc   0x00000004   PAD
    0x08004000   0x08004000   0x000000a0   Code   RO          163    .text.HAL_InitTick  stm32h7xx_hal_timebase_tim.o
    0x080040a0   0x080040a0   0x0000002a   Code   RO          154    .text.HAL_MspInit   stm32h7xx_hal_msp.o
    0x080040ca   0x080040ca   0x00000006   PAD
    0x080040d0   0x080040d0   0x00000020   Code   RO          182    .text.HAL_NVIC_EnableIRQ  stm32h7xx_hal_cortex.o
    0x080040f0   0x080040f0   0x0000005a   Code   RO          180    .text.HAL_NVIC_SetPriority  stm32h7xx_hal_cortex.o
    0x0800414a   0x0800414a   0x00000006   PAD
    0x08004150   0x08004150   0x00000020   Code   RO          178    .text.HAL_NVIC_SetPriorityGrouping  stm32h7xx_hal_cortex.o
    0x08004170   0x08004170   0x00000048   Code   RO          799    .text.HAL_PWREx_ConfigSupply  stm32h7xx_hal_pwr_ex.o
    0x080041b8   0x080041b8   0x00000026   Code   RO          486    .text.HAL_RCCEx_GetD3PCLK1Freq  stm32h7xx_hal_rcc_ex.o
    0x080041de   0x080041de   0x00000002   PAD
    0x080041e0   0x080041e0   0x00000128   Code   RO          482    .text.HAL_RCCEx_GetPLL2ClockFreq  stm32h7xx_hal_rcc_ex.o
    0x08004308   0x08004308   0x00000128   Code   RO          484    .text.HAL_RCCEx_GetPLL3ClockFreq  stm32h7xx_hal_rcc_ex.o
    0x08004430   0x08004430   0x00000a0c   Code   RO          470    .text.HAL_RCCEx_PeriphCLKConfig  stm32h7xx_hal_rcc_ex.o
    0x08004e3c   0x08004e3c   0x00000004   PAD
    0x08004e40   0x08004e40   0x00000258   Code   RO          438    .text.HAL_RCC_ClockConfig  stm32h7xx_hal_rcc.o
    0x08005098   0x08005098   0x00000058   Code   RO          456    .text.HAL_RCC_GetClockConfig  stm32h7xx_hal_rcc.o
    0x080050f0   0x080050f0   0x0000004c   Code   RO          448    .text.HAL_RCC_GetHCLKFreq  stm32h7xx_hal_rcc.o
    0x0800513c   0x0800513c   0x00000004   PAD
    0x08005140   0x08005140   0x00000060   Code   RO          450    .text.HAL_RCC_GetPCLK1Freq  stm32h7xx_hal_rcc.o
    0x080051a0   0x080051a0   0x00000060   Code   RO          452    .text.HAL_RCC_GetPCLK2Freq  stm32h7xx_hal_rcc.o
    0x08005200   0x08005200   0x0000010c   Code   RO          440    .text.HAL_RCC_GetSysClockFreq  stm32h7xx_hal_rcc.o
    0x0800530c   0x0800530c   0x00000004   PAD
    0x08005310   0x08005310   0x00000686   Code   RO          436    .text.HAL_RCC_OscConfig  stm32h7xx_hal_rcc.o
    0x08005996   0x08005996   0x00000002   PAD
    0x08005998   0x08005998   0x00000002   Code   RO         1503    .text.HAL_TIMEx_Break2Callback  stm32h7xx_hal_tim_ex.o
    0x0800599a   0x0800599a   0x00000006   PAD
    0x080059a0   0x080059a0   0x00000002   Code   RO         1501    .text.HAL_TIMEx_BreakCallback  stm32h7xx_hal_tim_ex.o
    0x080059a2   0x080059a2   0x00000006   PAD
    0x080059a8   0x080059a8   0x00000002   Code   RO         1497    .text.HAL_TIMEx_CommutCallback  stm32h7xx_hal_tim_ex.o
    0x080059aa   0x080059aa   0x00000006   PAD
    0x080059b0   0x080059b0   0x000000a6   Code   RO         1487    .text.HAL_TIMEx_ConfigBreakDeadTime  stm32h7xx_hal_tim_ex.o
    0x08005a56   0x08005a56   0x00000002   PAD
    0x08005a58   0x08005a58   0x000000cc   Code   RO         1485    .text.HAL_TIMEx_MasterConfigSynchronization  stm32h7xx_hal_tim_ex.o
    0x08005b24   0x08005b24   0x00000004   PAD
    0x08005b28   0x08005b28   0x00000060   Code   RO         1190    .text.HAL_TIM_Base_Init  stm32h7xx_hal_tim.o
    0x08005b88   0x08005b88   0x00000002   Code   RO         1192    .text.HAL_TIM_Base_MspInit  stm32h7xx_hal_tim.o
    0x08005b8a   0x08005b8a   0x00000006   PAD
    0x08005b90   0x08005b90   0x000000aa   Code   RO         1200    .text.HAL_TIM_Base_Start  stm32h7xx_hal_tim.o
    0x08005c3a   0x08005c3a   0x00000006   PAD
    0x08005c40   0x08005c40   0x000000b2   Code   RO         1204    .text.HAL_TIM_Base_Start_IT  stm32h7xx_hal_tim.o
    0x08005cf2   0x08005cf2   0x00000006   PAD
    0x08005cf8   0x08005cf8   0x00000002   Code   RO         1326    .text.HAL_TIM_IC_CaptureCallback  stm32h7xx_hal_tim.o
    0x08005cfa   0x08005cfa   0x00000006   PAD
    0x08005d00   0x08005d00   0x00000188   Code   RO         1324    .text.HAL_TIM_IRQHandler  stm32h7xx_hal_tim.o
    0x08005e88   0x08005e88   0x000000ca   Code   RO           90    .text.HAL_TIM_MspPostInit  tim.o
    0x08005f52   0x08005f52   0x00000006   PAD
    0x08005f58   0x08005f58   0x00000002   Code   RO         1328    .text.HAL_TIM_OC_DelayElapsedCallback  stm32h7xx_hal_tim.o
    0x08005f5a   0x08005f5a   0x00000006   PAD
    0x08005f60   0x08005f60   0x000004a4   Code   RO         1344    .text.HAL_TIM_PWM_ConfigChannel  stm32h7xx_hal_tim.o
    0x08006404   0x08006404   0x00000004   PAD
    0x08006408   0x08006408   0x00000060   Code   RO         1244    .text.HAL_TIM_PWM_Init  stm32h7xx_hal_tim.o
    0x08006468   0x08006468   0x00000086   Code   RO           96    .text.HAL_TIM_PWM_MspInit  tim.o
    0x080064ee   0x080064ee   0x00000002   PAD
    0x080064f0   0x080064f0   0x00000002   Code   RO         1330    .text.HAL_TIM_PWM_PulseFinishedCallback  stm32h7xx_hal_tim.o
    0x080064f2   0x080064f2   0x00000006   PAD
    0x080064f8   0x080064f8   0x000001b4   Code   RO         1252    .text.HAL_TIM_PWM_Start  stm32h7xx_hal_tim.o
    0x080066ac   0x080066ac   0x00000004   PAD
    0x080066b0   0x080066b0   0x0000000e   Code   RO           17    .text.HAL_TIM_PeriodElapsedCallback  main.o
    0x080066be   0x080066be   0x00000002   PAD
    0x080066c0   0x080066c0   0x00000002   Code   RO         1334    .text.HAL_TIM_TriggerCallback  stm32h7xx_hal_tim.o
    0x080066c2   0x080066c2   0x00000006   PAD
    0x080066c8   0x080066c8   0x00000036   Code   RO         1680    .text.HAL_UARTEx_DisableFifoMode  stm32h7xx_hal_uart_ex.o
    0x080066fe   0x080066fe   0x00000002   PAD
    0x08006700   0x08006700   0x00000002   Code   RO         1607    .text.HAL_UARTEx_RxEventCallback  stm32h7xx_hal_uart.o
    0x08006702   0x08006702   0x00000006   PAD
    0x08006708   0x08006708   0x00000002   Code   RO         1666    .text.HAL_UARTEx_RxFifoFullCallback  stm32h7xx_hal_uart_ex.o
    0x0800670a   0x0800670a   0x00000006   PAD
    0x08006710   0x08006710   0x00000092   Code   RO         1684    .text.HAL_UARTEx_SetRxFifoThreshold  stm32h7xx_hal_uart_ex.o
    0x080067a2   0x080067a2   0x00000006   PAD
    0x080067a8   0x080067a8   0x00000092   Code   RO         1682    .text.HAL_UARTEx_SetTxFifoThreshold  stm32h7xx_hal_uart_ex.o
    0x0800683a   0x0800683a   0x00000006   PAD
    0x08006840   0x08006840   0x00000002   Code   RO         1668    .text.HAL_UARTEx_TxFifoEmptyCallback  stm32h7xx_hal_uart_ex.o
    0x08006842   0x08006842   0x00000006   PAD
    0x08006848   0x08006848   0x00000002   Code   RO         1664    .text.HAL_UARTEx_WakeupCallback  stm32h7xx_hal_uart_ex.o
    0x0800684a   0x0800684a   0x00000006   PAD
    0x08006850   0x08006850   0x00000002   Code   RO         1605    .text.HAL_UART_ErrorCallback  stm32h7xx_hal_uart.o
    0x08006852   0x08006852   0x00000006   PAD
    0x08006858   0x08006858   0x00000470   Code   RO         1601    .text.HAL_UART_IRQHandler  stm32h7xx_hal_uart.o
    0x08006cc8   0x08006cc8   0x00000064   Code   RO         1517    .text.HAL_UART_Init  stm32h7xx_hal_uart.o
    0x08006d2c   0x08006d2c   0x00000004   PAD
    0x08006d30   0x08006d30   0x000000e4   Code   RO          113    .text.HAL_UART_MspInit  usart.o
    0x08006e14   0x08006e14   0x00000004   PAD
    0x08006e18   0x08006e18   0x000000ec   Code   RO         1565    .text.HAL_UART_Receive_DMA  stm32h7xx_hal_uart.o
    0x08006f04   0x08006f04   0x00000004   PAD
    0x08006f08   0x08006f08   0x00000002   Code   RO         1613    .text.HAL_UART_RxCpltCallback  stm32h7xx_hal_uart.o
    0x08006f0a   0x08006f0a   0x00000006   PAD
    0x08006f10   0x08006f10   0x00000002   Code   RO         1615    .text.HAL_UART_RxHalfCpltCallback  stm32h7xx_hal_uart.o
    0x08006f12   0x08006f12   0x00000006   PAD
    0x08006f18   0x08006f18   0x00000002   Code   RO         1609    .text.HAL_UART_TxCpltCallback  stm32h7xx_hal_uart.o
    0x08006f1a   0x08006f1a   0x00000006   PAD
    0x08006f20   0x08006f20   0x00000002   Code   RO          129    .text.HardFault_Handler  stm32h7xx_it.o
    0x08006f22   0x08006f22   0x00000006   PAD
    0x08006f28   0x08006f28   0x00000002   Code   RO         2404    .text.KeyBoard_Prepare  gimbal_fsm.o
    0x08006f2a   0x08006f2a   0x00000006   PAD
    0x08006f30   0x08006f30   0x00000002   Code   RO         2406    .text.KeyBoard_State  gimbal_fsm.o
    0x08006f32   0x08006f32   0x00000006   PAD
    0x08006f38   0x08006f38   0x00000036   Code   RO         2408    .text.KeyBoard_bhv  gimbal_fsm.o
    0x08006f6e   0x08006f6e   0x00000002   PAD
    0x08006f70   0x08006f70   0x00000002   Code   RO         2398    .text.Lift_Prepare  gimbal_fsm.o
    0x08006f72   0x08006f72   0x00000006   PAD
    0x08006f78   0x08006f78   0x00000016   Code   RO         2396    .text.Lift_State    gimbal_fsm.o
    0x08006f8e   0x08006f8e   0x00000002   PAD
    0x08006f90   0x08006f90   0x0000002c   Code   RO         2410    .text.Lift_bhv      gimbal_fsm.o
    0x08006fbc   0x08006fbc   0x00000004   PAD
    0x08006fc0   0x08006fc0   0x00000034   Code   RO           60    .text.MX_DMA_Init   dma.o
    0x08006ff4   0x08006ff4   0x00000004   PAD
    0x08006ff8   0x08006ff8   0x00000076   Code   RO           69    .text.MX_FDCAN1_Init  fdcan.o
    0x0800706e   0x0800706e   0x00000002   PAD
    0x08007070   0x08007070   0x00000074   Code   RO           71    .text.MX_FDCAN2_Init  fdcan.o
    0x080070e4   0x080070e4   0x00000004   PAD
    0x080070e8   0x080070e8   0x00000184   Code   RO           40    .text.MX_FREERTOS_Init  freertos.o
    0x0800726c   0x0800726c   0x00000004   PAD
    0x08007270   0x08007270   0x0000009c   Code   RO           29    .text.MX_GPIO_Init  gpio.o
    0x0800730c   0x0800730c   0x00000004   PAD
    0x08007310   0x08007310   0x000000ea   Code   RO           88    .text.MX_TIM1_Init  tim.o
    0x080073fa   0x080073fa   0x00000006   PAD
    0x08007400   0x08007400   0x00000090   Code   RO           92    .text.MX_TIM3_Init  tim.o
    0x08007490   0x08007490   0x000000ec   Code   RO           94    .text.MX_TIM8_Init  tim.o
    0x0800757c   0x0800757c   0x00000004   PAD
    0x08007580   0x08007580   0x00000088   Code   RO          111    .text.MX_USART1_UART_Init  usart.o
    0x08007608   0x08007608   0x00000002   Code   RO          131    .text.MemManage_Handler  stm32h7xx_it.o
    0x0800760a   0x0800760a   0x00000006   PAD
    0x08007610   0x08007610   0x00000120   Code   RO         2307    .text.MotorDataDeal  gimbalmotor.o
    0x08007730   0x08007730   0x00000002   Code   RO          127    .text.NMI_Handler   stm32h7xx_it.o
    0x08007732   0x08007732   0x00000006   PAD
    0x08007738   0x08007738   0x00000002   Code   RO         2390    .text.Offline_Prepare  gimbal_fsm.o
    0x0800773a   0x0800773a   0x00000006   PAD
    0x08007740   0x08007740   0x00000016   Code   RO         2392    .text.Offline_State  gimbal_fsm.o
    0x08007756   0x08007756   0x0000000a   PAD
    0x08007760   0x08007760   0x00000064   Code   RO         1843    .text.PendSV_Handler  port.o
    0x080077c4   0x080077c4   0x00000004   PAD
    0x080077c8   0x080077c8   0x00000244   Code   RO         2575    .text.PidCalculate  pid.o
    0x08007a0c   0x08007a0c   0x00000004   PAD
    0x08007a10   0x08007a10   0x00000030   Code   RO         2571    .text.PidInit       pid.o
    0x08007a40   0x08007a40   0x0000009a   Code   RO         2573    .text.PidInitMode   pid.o
    0x08007ada   0x08007ada   0x00000006   PAD
    0x08007ae0   0x08007ae0   0x00000018   Code   RO         2394    .text.PowerOff_bhv  gimbal_fsm.o
    0x08007af8   0x08007af8   0x0000011e   Code   RO          472    .text.RCCEx_PLL2_Config  stm32h7xx_hal_rcc_ex.o
    0x08007c16   0x08007c16   0x00000002   PAD
    0x08007c18   0x08007c18   0x0000011e   Code   RO          474    .text.RCCEx_PLL3_Config  stm32h7xx_hal_rcc_ex.o
    0x08007d36   0x08007d36   0x00000002   PAD
    0x08007d38   0x08007d38   0x00000086   Code   RO         1730    .text.RC_Check_Data_IS_ERROR  bsp_dr16.o
    0x08007dbe   0x08007dbe   0x00000002   PAD
    0x08007dc0   0x08007dc0   0x000000d6   Code   RO         1724    .text.RC_DataProcess  bsp_dr16.o
    0x08007e96   0x08007e96   0x00000002   PAD
    0x08007e98   0x08007e98   0x0000004e   Code   RO         1720    .text.RC_Init       bsp_dr16.o
    0x08007ee6   0x08007ee6   0x00000002   PAD
    0x08007ee8   0x08007ee8   0x00000014   Code   RO         1722    .text.RC_UART_Handler  bsp_dr16.o
    0x08007efc   0x08007efc   0x00000004   PAD
    0x08007f00   0x08007f00   0x00000168   Code   RO         2294    .text.Remote_Data_Deal  remotedeal.o
    0x08008068   0x08008068   0x00000040   Code   RO         2440    .text.Remote_Task   remote_task.o
    0x080080a8   0x080080a8   0x0000000a   Code   RO         2386    .text.Return_Gimbal_FSM  gimbal_fsm.o
    0x080080b2   0x080080b2   0x00000006   PAD
    0x080080b8   0x080080b8   0x0000000a   Code   RO         2305    .text.Return_Grasp_t_Pointer  gimbalmotor.o
    0x080080c2   0x080080c2   0x00000006   PAD
    0x080080c8   0x080080c8   0x0000000a   Code   RO         2290    .text.Return_RemoteDeal_Point  remotedeal.o
    0x080080d2   0x080080d2   0x0000000e   PAD
    0x080080e0   0x080080e0   0x00000024   Code   RO         1827    .text.SVC_Handler   port.o
    0x08008104   0x08008104   0x00000004   PAD
    0x08008108   0x08008108   0x00000008   Code   RO           42    .text.StartDefaultTask  freertos.o
    0x08008110   0x08008110   0x00000008   Code   RO         2376    .text.StateChange   fsm.o
    0x08008118   0x08008118   0x0000002e   Code   RO         1845    .text.SysTick_Handler  port.o
    0x08008146   0x08008146   0x00000002   PAD
    0x08008148   0x08008148   0x0000010e   Code   RO           13    .text.SystemClock_Config  main.o
    0x08008256   0x08008256   0x00000002   PAD
    0x08008258   0x08008258   0x000000cc   Code   RO         1703    .text.SystemInit    system_stm32h7xx.o
    0x08008324   0x08008324   0x00000004   PAD
    0x08008328   0x08008328   0x0000000c   Code   RO          143    .text.TIM2_IRQHandler  stm32h7xx_it.o
    0x08008334   0x08008334   0x00000004   PAD
    0x08008338   0x08008338   0x0000013a   Code   RO         1194    .text.TIM_Base_SetConfig  stm32h7xx_hal_tim.o
    0x08008472   0x08008472   0x00000006   PAD
    0x08008478   0x08008478   0x00000030   Code   RO         2317    .text.Three_Degrees_Arms_Init  gimbalmotor.o
    0x080084a8   0x080084a8   0x000000e0   Code   RO         1523    .text.UART_AdvFeatureConfig  stm32h7xx_hal_uart.o
    0x08008588   0x08008588   0x000000b8   Code   RO         1525    .text.UART_CheckIdleState  stm32h7xx_hal_uart.o
    0x08008640   0x08008640   0x00000010   Code   RO         1603    .text.UART_DMAAbortOnError  stm32h7xx_hal_uart.o
    0x08008650   0x08008650   0x000000c8   Code   RO         1563    .text.UART_DMAError  stm32h7xx_hal_uart.o
    0x08008718   0x08008718   0x00000082   Code   RO         1647    .text.UART_DMAReceiveCplt  stm32h7xx_hal_uart.o
    0x0800879a   0x0800879a   0x00000006   PAD
    0x080087a0   0x080087a0   0x0000001a   Code   RO         1649    .text.UART_DMARxHalfCplt  stm32h7xx_hal_uart.o
    0x080087ba   0x080087ba   0x00000006   PAD
    0x080087c0   0x080087c0   0x000004b8   Code   RO         1521    .text.UART_SetConfig  stm32h7xx_hal_uart.o
    0x08008c78   0x08008c78   0x0000013e   Code   RO         1539    .text.UART_WaitOnFlagUntilTimeout  stm32h7xx_hal_uart.o
    0x08008db6   0x08008db6   0x00000002   PAD
    0x08008db8   0x08008db8   0x00000038   Code   RO          145    .text.USART1_IRQHandler  stm32h7xx_it.o
    0x08008df0   0x08008df0   0x00000002   Code   RO          135    .text.UsageFault_Handler  stm32h7xx_it.o
    0x08008df2   0x08008df2   0x00000006   PAD
    0x08008df8   0x08008df8   0x0000006c   Code   RO         3535    .text.arm_power_f32  statisticsfunctions.o
    0x08008e64   0x08008e64   0x00000004   PAD
    0x08008e68   0x08008e68   0x00000066   Code   RO         2356    .text.detect_hook   detect_task.o
    0x08008ece   0x08008ece   0x00000002   PAD
    0x08008ed0   0x08008ed0   0x0000002a   Code   RO         2523    .text.first_order_filter  filter.o
    0x08008efa   0x08008efa   0x00000006   PAD
    0x08008f00   0x08008f00   0x000000aa   Code   RO           11    .text.main          main.o
    0x08008faa   0x08008faa   0x00000006   PAD
    0x08008fb0   0x08008fb0   0x0000002e   Code   RO         2583    .text.motor_position_speed_control  pid.o
    0x08008fde   0x08008fde   0x00000002   PAD
    0x08008fe0   0x08008fe0   0x00000010   Code   RO         2146    .text.osDelay       cmsis_os.o
    0x08008ff0   0x08008ff0   0x0000000a   Code   RO         2128    .text.osKernelStart  cmsis_os.o
    0x08008ffa   0x08008ffa   0x00000006   PAD
    0x08009000   0x08009000   0x0000005e   Code   RO         2134    .text.osThreadCreate  cmsis_os.o
    0x0800905e   0x0800905e   0x00000002   PAD
    0x08009060   0x08009060   0x0000011a   Code   RO         2008    .text.prvAddNewTaskToReadyList  tasks.o
    0x0800917a   0x0800917a   0x00000006   PAD
    0x08009180   0x08009180   0x00000096   Code   RO         2038    .text.prvIdleTask   tasks.o
    0x08009216   0x08009216   0x00000002   PAD
    0x08009218   0x08009218   0x00000028   Code   RO         1835    .text.prvPortStartFirstTask  port.o
    0x08009240   0x08009240   0x00000032   Code   RO         1825    .text.prvTaskExitError  port.o
    0x08009272   0x08009272   0x00000006   PAD
    0x08009278   0x08009278   0x000001c6   Code   RO         2242    .text.pvPortMalloc  heap_4.o
    0x0800943e   0x0800943e   0x00000002   PAD
    0x08009440   0x08009440   0x0000002c   Code   RO         1823    .text.pxPortInitialiseStack  port.o
    0x0800946c   0x0800946c   0x00000004   PAD
    0x08009470   0x08009470   0x0000002a   Code   RO         1897    .text.uxListRemove  list.o
    0x0800949a   0x0800949a   0x00000006   PAD
    0x080094a0   0x080094a0   0x0000001a   Code   RO           38    .text.vApplicationGetIdleTaskMemory  freertos.o
    0x080094ba   0x080094ba   0x00000006   PAD
    0x080094c0   0x080094c0   0x00000016   Code   RO         1889    .text.vListInitialise  list.o
    0x080094d6   0x080094d6   0x00000002   PAD
    0x080094d8   0x080094d8   0x00000006   Code   RO         1891    .text.vListInitialiseItem  list.o
    0x080094de   0x080094de   0x00000002   PAD
    0x080094e0   0x080094e0   0x0000003a   Code   RO         1895    .text.vListInsert   list.o
    0x0800951a   0x0800951a   0x00000006   PAD
    0x08009520   0x08009520   0x0000001c   Code   RO         1893    .text.vListInsertEnd  list.o
    0x0800953c   0x0800953c   0x00000004   PAD
    0x08009540   0x08009540   0x00000014   Code   RO         1833    .text.vPortEnableVFP  port.o
    0x08009554   0x08009554   0x00000004   PAD
    0x08009558   0x08009558   0x0000004a   Code   RO         1839    .text.vPortEnterCritical  port.o
    0x080095a2   0x080095a2   0x00000006   PAD
    0x080095a8   0x080095a8   0x0000002e   Code   RO         1841    .text.vPortExitCritical  port.o
    0x080095d6   0x080095d6   0x00000002   PAD
    0x080095d8   0x080095d8   0x000000d2   Code   RO         2244    .text.vPortFree     heap_4.o
    0x080096aa   0x080096aa   0x00000006   PAD
    0x080096b0   0x080096b0   0x00000034   Code   RO         1831    .text.vPortSetupTimerInterrupt  port.o
    0x080096e4   0x080096e4   0x00000004   PAD
    0x080096e8   0x080096e8   0x000000c2   Code   RO         2014    .text.vTaskDelay    tasks.o
    0x080097aa   0x080097aa   0x00000006   PAD
    0x080097b0   0x080097b0   0x00000080   Code   RO         2036    .text.vTaskStartScheduler  tasks.o
    0x08009830   0x08009830   0x00000010   Code   RO         2016    .text.vTaskSuspendAll  tasks.o
    0x08009840   0x08009840   0x00000086   Code   RO         2030    .text.vTaskSwitchContext  tasks.o
    0x080098c6   0x080098c6   0x00000002   PAD
    0x080098c8   0x080098c8   0x00000132   Code   RO         1829    .text.xPortStartScheduler  port.o
    0x080099fa   0x080099fa   0x00000006   PAD
    0x08009a00   0x08009a00   0x000000c4   Code   RO         2010    .text.xTaskCreate   tasks.o
    0x08009ac4   0x08009ac4   0x00000004   PAD
    0x08009ac8   0x08009ac8   0x000000e0   Code   RO         2006    .text.xTaskCreateStatic  tasks.o
    0x08009ba8   0x08009ba8   0x0000000c   Code   RO         2044    .text.xTaskGetTickCount  tasks.o
    0x08009bb4   0x08009bb4   0x00000004   PAD
    0x08009bb8   0x08009bb8   0x00000180   Code   RO         2042    .text.xTaskIncrementTick  tasks.o
    0x08009d38   0x08009d38   0x0000013c   Code   RO         2020    .text.xTaskResumeAll  tasks.o
    0x08009e74   0x08009e74   0x00000118   Code   RO         3928    i.__hardfp_acosf    m_wv.l(acosf.o)
    0x08009f8c   0x08009f8c   0x00000006   Code   RO         4047    i.__mathlib_flt_infnan  m_wv.l(funder.o)
    0x08009f92   0x08009f92   0x00000002   PAD
    0x08009f94   0x08009f94   0x00000010   Code   RO         4049    i.__mathlib_flt_invalid  m_wv.l(funder.o)
    0x08009fa4   0x08009fa4   0x0000000e   Code   RO         4097    i.__scatterload_copy  mc_w.l(handlers.o)
    0x08009fb2   0x08009fb2   0x00000002   Code   RO         4098    i.__scatterload_null  mc_w.l(handlers.o)
    0x08009fb4   0x08009fb4   0x0000000e   Code   RO         4099    i.__scatterload_zeroinit  mc_w.l(handlers.o)
    0x08009fc2   0x08009fc2   0x00000002   PAD
    0x08009fc4   0x08009fc4   0x0000000c   Code   RO         4085    i.__set_errno       mc_w.l(errno.o)
    0x08009fd0   0x08009fd0   0x0000003e   Code   RO         3977    i.sqrtf             m_wv.l(sqrtf.o)
    0x0800a00e   0x0800a00e   0x00000002   PAD
    0x0800a010   0x0800a010   0x0000004c   Data   RO          424    .rodata..L__const.HAL_FDCAN_Init.CvtEltSize  stm32h7xx_hal_fdcan.o
    0x0800a05c   0x0800a05c   0x0000001e   Data   RO         2365    .rodata..L__const.detect_init.set_item  detect_task.o
    0x0800a07a   0x0800a07a   0x00000006   Data   RO         1652    .rodata..Lswitch.table.UART_SetConfig.5  stm32h7xx_hal_uart.o
    0x0800a080   0x0800a080   0x00000006   Data   RO         1653    .rodata..Lswitch.table.UART_SetConfig.7  stm32h7xx_hal_uart.o
    0x0800a086   0x0800a086   0x00000010   Data   RO         1709    .rodata.D1CorePrescTable  system_stm32h7xx.o
    0x0800a096   0x0800a096   0x00000018   Data   RO         1651    .rodata.UARTPrescTable  stm32h7xx_hal_uart.o
    0x0800a0ae   0x0800a0ae   0x00000010   Data   RO          425    .rodata.cst16       stm32h7xx_hal_fdcan.o
    0x0800a0be   0x0800a0be   0x00000010   Data   RO         1694    .rodata.cst8        stm32h7xx_hal_uart_ex.o
    0x0800a0ce   0x0800a0ce   0x00000040   Data   RO           46    .rodata.str1.1      freertos.o
    0x0800a10e   0x0800a10e   0x00000002   PAD
    0x0800a110   0x0800a110   0x00000020   Data   RO         4096    Region$$Table       anon$$obj.o


    Execution Region RW_IRAM1 (Exec base: 0x20000000, Load base: 0x0800a130, Size: 0x00000000, Max: 0x00020000, ABSOLUTE)

    **** No section assigned to this execution region ****


    Execution Region RW_IRAM2 (Exec base: 0x24000000, Load base: 0x0800a130, Size: 0x00005200, Max: 0x00080000, ABSOLUTE)

    Exec Addr    Load Addr    Size         Type   Attr      Idx    E Section Name        Object

    0x24000000   0x0800a130   0x00000004   Data   RW         4086    .data               mc_w.l(errno.o)
    0x24000004   0x0800a134   0x00000004   Data   RW         1707    .data.SystemCoreClock  system_stm32h7xx.o
    0x24000008   0x0800a138   0x00000004   Data   RW         1708    .data.SystemD2Clock  system_stm32h7xx.o
    0x2400000c   0x0800a13c   0x00000004   Data   RW           19    .data.pwm           main.o
    0x24000010   0x0800a140   0x00000001   Data   RW          984    .data.uwTickFreq    stm32h7xx_hal.o
    0x24000011   0x0800a141   0x00000003   PAD
    0x24000014   0x0800a144   0x00000004   Data   RW          983    .data.uwTickPrio    stm32h7xx_hal.o
    0x24000018   0x0800a148   0x00000004   Data   RW         1851    .data.uxCriticalNesting  port.o
    0x2400001c   0x0800a14c   0x00000004   PAD
    0x24000020        -       0x0000000c   Zero   RW         2418    .bss.Arm_Test       gimbal_fsm.o
    0x2400002c        -       0x00000008   Zero   RW         1771    .bss.CAN1_GM6020_5_TO_8_SendMsg.Can_Send_Data4  bsp_can.o
    0x24000034        -       0x000002a8   Zero   RW         1799    .bss.CAN_Encoder    bsp_motor_encoder.o
    0x240002dc        -       0x00000001   Zero   RW         2364    .bss.Detect_Task.error_num_display  detect_task.o
    0x240002dd   0x0800a14c   0x00000003   PAD
    0x240002e0        -       0x00000004   Zero   RW         2363    .bss.Detect_Task.system_time  detect_task.o
    0x240002e4        -       0x00000018   Zero   RW         2432    .bss.Gimbal         gimbal_task.o
    0x240002fc        -       0x00000010   Zero   RW         2414    .bss.Gimbal_Fsm     gimbal_fsm.o
    0x2400030c        -       0x0000006c   Zero   RW         2415    .bss.Gimbal_State_Table  gimbal_fsm.o
    0x24000378        -       0x0000000c   Zero   RW         2319    .bss.Grasp          gimbalmotor.o
    0x24000384        -       0x00000004   Zero   RW           79    .bss.HAL_RCC_FDCAN_CLK_ENABLED  fdcan.o
    0x24000388        -       0x0000000c   Zero   RW         2419    .bss.Keyboard       gimbal_fsm.o
    0x24000394        -       0x0000000c   Zero   RW         2417    .bss.LIFT           gimbal_fsm.o
    0x240003a0        -       0x0000000c   Zero   RW         2416    .bss.OFFLINE        gimbal_fsm.o
    0x240003ac        -       0x00000008   Zero   RW         2337    .bss.RC_Data1       boardcommuni.o
    0x240003b4        -       0x00000068   Zero   RW         2296    .bss.REMOTE         remotedeal.o
    0x2400041c        -       0x00000024   Zero   RW         1737    .bss.Sbus_RX_Buffer  bsp_dr16.o
    0x24000440        -       0x00000520   Zero   RW         2320    .bss.TD_t           gimbalmotor.o
    0x24000960        -       0x00000004   Zero   RW           50    .bss.Task_BoardCommuHandle  freertos.o
    0x24000964        -       0x00000004   Zero   RW           51    .bss.Task_DetectHandle  freertos.o
    0x24000968        -       0x00000004   Zero   RW           49    .bss.Task_GimbalHandle  freertos.o
    0x2400096c        -       0x00000004   Zero   RW           48    .bss.Task_RemoteHandle  freertos.o
    0x24000970        -       0x00000024   Zero   RW         1769    .bss.Txmessage      bsp_can.o
    0x24000994        -       0x00000008   Zero   RW         1768    .bss.can1_manage    bsp_can.o
    0x2400099c        -       0x00000004   Zero   RW         1738    .bss.ch1            bsp_dr16.o
    0x240009a0        -       0x00000004   Zero   RW         1739    .bss.ch2            bsp_dr16.o
    0x240009a4        -       0x00000004   Zero   RW           47    .bss.defaultTaskHandle  freertos.o
    0x240009a8        -       0x000000f0   Zero   RW         2362    .bss.error_list     detect_task.o
    0x24000a98        -       0x00000078   Zero   RW          118    .bss.hdma_usart1_rx  usart.o
    0x24000b10        -       0x000000a0   Zero   RW           77    .bss.hfdcan1        fdcan.o
    0x24000bb0        -       0x000000a0   Zero   RW           78    .bss.hfdcan2        fdcan.o
    0x24000c50        -       0x0000004c   Zero   RW          100    .bss.htim1          tim.o
    0x24000c9c        -       0x0000004c   Zero   RW          169    .bss.htim2          stm32h7xx_hal_timebase_tim.o
    0x24000ce8        -       0x0000004c   Zero   RW          101    .bss.htim3          tim.o
    0x24000d34        -       0x0000004c   Zero   RW          102    .bss.htim8          tim.o
    0x24000d80        -       0x00000094   Zero   RW          117    .bss.huart1         usart.o
    0x24000e14        -       0x00000004   Zero   RW         2098    .bss.pxCurrentTCB   tasks.o
    0x24000e18        -       0x00000004   Zero   RW         2114    .bss.pxDelayedTaskList  tasks.o
    0x24000e1c        -       0x00000004   Zero   RW         2254    .bss.pxEnd          heap_4.o
    0x24000e20        -       0x00000004   Zero   RW         2115    .bss.pxOverflowDelayedTaskList  tasks.o
    0x24000e24        -       0x0000008c   Zero   RW         2099    .bss.pxReadyTasksLists  tasks.o
    0x24000eb0        -       0x00000040   Zero   RW         1736    .bss.rc_ctl         bsp_dr16.o
    0x24000ef0        -       0x00000001   Zero   RW         1740    .bss.s1             bsp_dr16.o
    0x24000ef1        -       0x00000001   Zero   RW         1741    .bss.s2             bsp_dr16.o
    0x24000ef2        -       0x00003c00   Zero   RW         2261    .bss.ucHeap         heap_4.o
    0x24004af2        -       0x00000001   Zero   RW         1849    .bss.ucMaxSysCallPriority  port.o
    0x24004af3   0x0800a14c   0x00000001   PAD
    0x24004af4        -       0x00000004   Zero   RW         1850    .bss.ulMaxPRIGROUPValue  port.o
    0x24004af8        -       0x00000004   Zero   RW          985    .bss.uwTick         stm32h7xx_hal.o
    0x24004afc        -       0x00000004   Zero   RW         2104    .bss.uxCurrentNumberOfTasks  tasks.o
    0x24004b00        -       0x00000004   Zero   RW         2103    .bss.uxDeletedTasksWaitingCleanUp  tasks.o
    0x24004b04        -       0x00000004   Zero   RW         2106    .bss.uxSchedulerSuspended  tasks.o
    0x24004b08        -       0x00000004   Zero   RW         2101    .bss.uxTaskNumber   tasks.o
    0x24004b0c        -       0x00000004   Zero   RW         2100    .bss.uxTopReadyPriority  tasks.o
    0x24004b10        -       0x00000001   Zero   RW         2255    .bss.xBlockAllocatedBit  heap_4.o
    0x24004b11   0x0800a14c   0x00000003   PAD
    0x24004b14        -       0x00000014   Zero   RW         2117    .bss.xDelayedTaskList1  tasks.o
    0x24004b28        -       0x00000014   Zero   RW         2118    .bss.xDelayedTaskList2  tasks.o
    0x24004b3c        -       0x00000004   Zero   RW         2256    .bss.xFreeBytesRemaining  heap_4.o
    0x24004b40        -       0x00000200   Zero   RW           45    .bss.xIdleStack     freertos.o
    0x24004d40        -       0x00000004   Zero   RW         2109    .bss.xIdleTaskHandle  tasks.o
    0x24004d44        -       0x00000054   Zero   RW           44    .bss.xIdleTaskTCBBuffer  freertos.o
    0x24004d98        -       0x00000004   Zero   RW         2258    .bss.xMinimumEverFreeBytesRemaining  heap_4.o
    0x24004d9c        -       0x00000004   Zero   RW         2110    .bss.xNextTaskUnblockTime  tasks.o
    0x24004da0        -       0x00000004   Zero   RW         2116    .bss.xNumOfOverflows  tasks.o
    0x24004da4        -       0x00000004   Zero   RW         2259    .bss.xNumberOfSuccessfulAllocations  heap_4.o
    0x24004da8        -       0x00000004   Zero   RW         2260    .bss.xNumberOfSuccessfulFrees  heap_4.o
    0x24004dac        -       0x00000004   Zero   RW         2113    .bss.xPendedTicks   tasks.o
    0x24004db0        -       0x00000014   Zero   RW         2108    .bss.xPendingReadyList  tasks.o
    0x24004dc4        -       0x00000004   Zero   RW         2105    .bss.xSchedulerRunning  tasks.o
    0x24004dc8        -       0x00000008   Zero   RW         2257    .bss.xStart         heap_4.o
    0x24004dd0        -       0x00000014   Zero   RW         2107    .bss.xSuspendedTaskList  tasks.o
    0x24004de4        -       0x00000014   Zero   RW         2102    .bss.xTasksWaitingTermination  tasks.o
    0x24004df8        -       0x00000004   Zero   RW         2111    .bss.xTickCount     tasks.o
    0x24004dfc        -       0x00000004   Zero   RW         2112    .bss.xYieldPending  tasks.o
    0x24004e00        -       0x00000400   Zero   RW            1    STACK               startup_stm32h750xx.o


==============================================================================

Image component sizes


      Code (inc. data)   RO Data    RW Data    ZI Data      Debug   Object Name

       114          0          0          0          8       4554   boardcommuni.o
        12          0          0          0          0        429   boardcommuni_task.o
       518          0          0          0         52       8494   bsp_can.o
       446          0          0          0        110       6678   bsp_dr16.o
       386          4          0          0        680       8472   bsp_motor_encoder.o
        86          6          0          0          0       5688   bsp_pwm.o
       120          0          0          0          0      23296   cmsis_os.o
       478          4         30          0        245       2959   detect_task.o
        52          0          0          0          0       5473   dma.o
       562          0          0          0        324      11769   fdcan.o
        42          0          0          0          0       4286   filter.o
       422        140         64          0        616       3468   freertos.o
        88          0          0          0          0       1436   fsm.o
       546          0          0          0        172       3076   gimbal_fsm.o
        94          0          0          0         24       8457   gimbal_task.o
      1528         28          0          0       1324      13514   gimbalmotor.o
       156          0          0          0          0       2970   gpio.o
       664          0          0          0      15389       5007   heap_4.o
       156          0          0          0          0       2165   list.o
       464          0          0          4          0       8579   main.o
       828         68          0          0          0       5632   pid.o
       814         16          0          4          5       3951   port.o
        64          0          0          0          0        455   remote_task.o
       370          0          0          0        104       3231   remotedeal.o
        36          8        664          0       1024        824   startup_stm32h750xx.o
       108          4          0          0          0      53477   statisticsfunctions.o
       192          0          0          5          4      14949   stm32h7xx_hal.o
       154          0          0          0          0      12284   stm32h7xx_hal_cortex.o
      8146         12          0          0          0      18124   stm32h7xx_hal_dma.o
      2836          0         92          0          0      41555   stm32h7xx_hal_fdcan.o
       424          0          0          0          0       6917   stm32h7xx_hal_gpio.o
        42          0          0          0          0       5516   stm32h7xx_hal_msp.o
        72          0          0          0          0      10504   stm32h7xx_hal_pwr_ex.o
      2894         16          0          0          0      11811   stm32h7xx_hal_rcc.o
      3774        122          0          0          0      17998   stm32h7xx_hal_rcc_ex.o
      2880         14          0          0          0      64512   stm32h7xx_hal_tim.o
       376          0          0          0          0      24987   stm32h7xx_hal_tim_ex.o
       160          0          0          0         76       9831   stm32h7xx_hal_timebase_tim.o
      3788        300         36          0          0      37439   stm32h7xx_hal_uart.o
       352          0         16          0          0      11191   stm32h7xx_hal_uart_ex.o
       104          0          0          0          0       8314   stm32h7xx_it.o
       204          0         16          8          0       5890   system_stm32h7xx.o
      2036          8          0          0        300      26785   tasks.o
       950          0          0          0        228       8446   tim.o
       364          0          0          0        268      11551   usart.o

    ----------------------------------------------------------------------
     39648        782        952         24      20964     546944   Object Totals
         0          0         32          0          0          0   (incl. Generated)
       746         32          2          3         11          0   (incl. Padding)

    ----------------------------------------------------------------------

      Code (inc. data)   RO Data    RW Data    ZI Data      Debug   Library Member Name

       280         46          0          0          0        176   acosf.o
        22          6          0          0          0        232   funder.o
        62          0          0          0          0        136   sqrtf.o
         0          0          0          0          0          0   entry.o
         0          0          0          0          0          0   entry10a.o
         0          0          0          0          0          0   entry11a.o
         8          4          0          0          0          0   entry2.o
         4          0          0          0          0          0   entry5.o
         0          0          0          0          0          0   entry7b.o
         0          0          0          0          0          0   entry8b.o
         8          4          0          0          0          0   entry9a.o
        12          6          0          4          0         68   errno.o
        30          0          0          0          0          0   handlers.o
        36          8          0          0          0         68   init.o
         0          0          0          0          0          0   iusefp.o
        30          0          0          0          0         68   llshl.o
        32          0          0          0          0         68   llushr.o
        36          0          0          0          0        108   memseta.o
        98          0          0          0          0         92   uldiv.o

    ----------------------------------------------------------------------
       664         74          0          4          0       1016   Library Totals
         6          0          0          0          0          0   (incl. Padding)

    ----------------------------------------------------------------------

      Code (inc. data)   RO Data    RW Data    ZI Data      Debug   Library Name

       364         52          0          0          0        544   m_wv.l
       294         22          0          4          0        472   mc_w.l

    ----------------------------------------------------------------------
       664         74          0          4          0       1016   Library Totals

    ----------------------------------------------------------------------

==============================================================================


      Code (inc. data)   RO Data    RW Data    ZI Data      Debug   

     40312        856        952         28      20964     546900   Grand Totals
     40312        856        952         28      20964     546900   ELF Image Totals
     40312        856        952         28          0          0   ROM Totals

==============================================================================

    Total RO  Size (Code + RO Data)                41264 (  40.30kB)
    Total RW  Size (RW Data + ZI Data)             20992 (  20.50kB)
    Total ROM Size (Code + RO Data + RW Data)      41292 (  40.32kB)

==============================================================================

