<!doctype html public "-//w3c//dtd html 4.0 transitional//en">
<html><head>
<title>Static Call Graph - [H7Test\H7Test.axf]</title></head>
<body><HR>
<H1>Static Call Graph for image H7Test\H7Test.axf</H1><HR>
<BR><P>#&#060CALLGRAPH&#062# ARM Linker, 6190004: Last Updated: Wed May 17 22:18:19 2023
<BR><P>
<H3>Maximum Stack Usage =        528 bytes + Unknown(Cycles, Untraceable Function Pointers)</H3><H3>
Call chain for Maximum Stack Depth:</H3>
main &rArr; MX_FDCAN2_Init &rArr; HAL_FDCAN_Init &rArr; HAL_FDCAN_MspInit &rArr; HAL_RCCEx_PeriphCLKConfig &rArr; RCCEx_PLL3_Config
<P>
<H3>
Mutually Recursive functions
</H3> <LI><a href="#[82]">ADC3_IRQHandler</a>&nbsp;&nbsp;&nbsp;&rArr;&nbsp;&nbsp;&nbsp;<a href="#[82]">ADC3_IRQHandler</a><BR>
</UL>
<P>
<H3>
Function Pointers
</H3><UL>
 <LI><a href="#[82]">ADC3_IRQHandler</a> from startup_stm32h750xx.o(.text) referenced from startup_stm32h750xx.o(RESET)
 <LI><a href="#[1c]">ADC_IRQHandler</a> from startup_stm32h750xx.o(.text) referenced from startup_stm32h750xx.o(RESET)
 <LI><a href="#[a1]">Arm_Prepare</a> from gimbal_fsm.o(.text.Arm_Prepare) referenced 2 times from gimbal_fsm.o(.text.Gimbal_Fsm_Init)
 <LI><a href="#[a0]">Arm_State</a> from gimbal_fsm.o(.text.Arm_State) referenced 2 times from gimbal_fsm.o(.text.Gimbal_Fsm_Init)
 <LI><a href="#[99]">Arm_bhv</a> from gimbal_fsm.o(.text.Arm_bhv) referenced 2 times from gimbal_fsm.o(.text.Arm_State)
 <LI><a href="#[84]">BDMA_Channel0_IRQHandler</a> from startup_stm32h750xx.o(.text) referenced from startup_stm32h750xx.o(RESET)
 <LI><a href="#[85]">BDMA_Channel1_IRQHandler</a> from startup_stm32h750xx.o(.text) referenced from startup_stm32h750xx.o(RESET)
 <LI><a href="#[86]">BDMA_Channel2_IRQHandler</a> from startup_stm32h750xx.o(.text) referenced from startup_stm32h750xx.o(RESET)
 <LI><a href="#[87]">BDMA_Channel3_IRQHandler</a> from startup_stm32h750xx.o(.text) referenced from startup_stm32h750xx.o(RESET)
 <LI><a href="#[88]">BDMA_Channel4_IRQHandler</a> from startup_stm32h750xx.o(.text) referenced from startup_stm32h750xx.o(RESET)
 <LI><a href="#[89]">BDMA_Channel5_IRQHandler</a> from startup_stm32h750xx.o(.text) referenced from startup_stm32h750xx.o(RESET)
 <LI><a href="#[8a]">BDMA_Channel6_IRQHandler</a> from startup_stm32h750xx.o(.text) referenced from startup_stm32h750xx.o(RESET)
 <LI><a href="#[8b]">BDMA_Channel7_IRQHandler</a> from startup_stm32h750xx.o(.text) referenced from startup_stm32h750xx.o(RESET)
 <LI><a href="#[af]">BoardCommuni_Task</a> from boardcommuni_task.o(.text.BoardCommuni_Task) referenced from freertos.o(.rodata..L__const.MX_FREERTOS_Init.os_thread_def_Task_BoardCommu)
 <LI><a href="#[4]">BusFault_Handler</a> from stm32h7xx_it.o(.text.BusFault_Handler) referenced from startup_stm32h750xx.o(RESET)
 <LI><a href="#[63]">CEC_IRQHandler</a> from startup_stm32h750xx.o(.text) referenced from startup_stm32h750xx.o(RESET)
 <LI><a href="#[8c]">COMP1_IRQHandler</a> from startup_stm32h750xx.o(.text) referenced from startup_stm32h750xx.o(RESET)
 <LI><a href="#[92]">CRS_IRQHandler</a> from startup_stm32h750xx.o(.text) referenced from startup_stm32h750xx.o(RESET)
 <LI><a href="#[54]">CRYP_IRQHandler</a> from startup_stm32h750xx.o(.text) referenced from startup_stm32h750xx.o(RESET)
 <LI><a href="#[53]">DCMI_IRQHandler</a> from startup_stm32h750xx.o(.text) referenced from startup_stm32h750xx.o(RESET)
 <LI><a href="#[73]">DFSDM1_FLT0_IRQHandler</a> from startup_stm32h750xx.o(.text) referenced from startup_stm32h750xx.o(RESET)
 <LI><a href="#[74]">DFSDM1_FLT1_IRQHandler</a> from startup_stm32h750xx.o(.text) referenced from startup_stm32h750xx.o(RESET)
 <LI><a href="#[75]">DFSDM1_FLT2_IRQHandler</a> from startup_stm32h750xx.o(.text) referenced from startup_stm32h750xx.o(RESET)
 <LI><a href="#[76]">DFSDM1_FLT3_IRQHandler</a> from startup_stm32h750xx.o(.text) referenced from startup_stm32h750xx.o(RESET)
 <LI><a href="#[15]">DMA1_Stream0_IRQHandler</a> from stm32h7xx_it.o(.text.DMA1_Stream0_IRQHandler) referenced from startup_stm32h750xx.o(RESET)
 <LI><a href="#[16]">DMA1_Stream1_IRQHandler</a> from startup_stm32h750xx.o(.text) referenced from startup_stm32h750xx.o(RESET)
 <LI><a href="#[17]">DMA1_Stream2_IRQHandler</a> from startup_stm32h750xx.o(.text) referenced from startup_stm32h750xx.o(RESET)
 <LI><a href="#[18]">DMA1_Stream3_IRQHandler</a> from startup_stm32h750xx.o(.text) referenced from startup_stm32h750xx.o(RESET)
 <LI><a href="#[19]">DMA1_Stream4_IRQHandler</a> from startup_stm32h750xx.o(.text) referenced from startup_stm32h750xx.o(RESET)
 <LI><a href="#[1a]">DMA1_Stream5_IRQHandler</a> from startup_stm32h750xx.o(.text) referenced from startup_stm32h750xx.o(RESET)
 <LI><a href="#[1b]">DMA1_Stream6_IRQHandler</a> from startup_stm32h750xx.o(.text) referenced from startup_stm32h750xx.o(RESET)
 <LI><a href="#[38]">DMA1_Stream7_IRQHandler</a> from startup_stm32h750xx.o(.text) referenced from startup_stm32h750xx.o(RESET)
 <LI><a href="#[5f]">DMA2D_IRQHandler</a> from startup_stm32h750xx.o(.text) referenced from startup_stm32h750xx.o(RESET)
 <LI><a href="#[41]">DMA2_Stream0_IRQHandler</a> from startup_stm32h750xx.o(.text) referenced from startup_stm32h750xx.o(RESET)
 <LI><a href="#[42]">DMA2_Stream1_IRQHandler</a> from startup_stm32h750xx.o(.text) referenced from startup_stm32h750xx.o(RESET)
 <LI><a href="#[43]">DMA2_Stream2_IRQHandler</a> from startup_stm32h750xx.o(.text) referenced from startup_stm32h750xx.o(RESET)
 <LI><a href="#[44]">DMA2_Stream3_IRQHandler</a> from startup_stm32h750xx.o(.text) referenced from startup_stm32h750xx.o(RESET)
 <LI><a href="#[45]">DMA2_Stream4_IRQHandler</a> from startup_stm32h750xx.o(.text) referenced from startup_stm32h750xx.o(RESET)
 <LI><a href="#[49]">DMA2_Stream5_IRQHandler</a> from startup_stm32h750xx.o(.text) referenced from startup_stm32h750xx.o(RESET)
 <LI><a href="#[4a]">DMA2_Stream6_IRQHandler</a> from startup_stm32h750xx.o(.text) referenced from startup_stm32h750xx.o(RESET)
 <LI><a href="#[4b]">DMA2_Stream7_IRQHandler</a> from startup_stm32h750xx.o(.text) referenced from startup_stm32h750xx.o(RESET)
 <LI><a href="#[6b]">DMAMUX1_OVR_IRQHandler</a> from startup_stm32h750xx.o(.text) referenced from startup_stm32h750xx.o(RESET)
 <LI><a href="#[83]">DMAMUX2_OVR_IRQHandler</a> from startup_stm32h750xx.o(.text) referenced from startup_stm32h750xx.o(RESET)
 <LI><a href="#[7]">DebugMon_Handler</a> from stm32h7xx_it.o(.text.DebugMon_Handler) referenced from startup_stm32h750xx.o(RESET)
 <LI><a href="#[b0]">Detect_Task</a> from detect_task.o(.text.Detect_Task) referenced from freertos.o(.rodata..L__const.MX_FREERTOS_Init.os_thread_def_Task_Detect)
 <LI><a href="#[93]">ECC_IRQHandler</a> from startup_stm32h750xx.o(.text) referenced from startup_stm32h750xx.o(RESET)
 <LI><a href="#[46]">ETH_IRQHandler</a> from startup_stm32h750xx.o(.text) referenced from startup_stm32h750xx.o(RESET)
 <LI><a href="#[47]">ETH_WKUP_IRQHandler</a> from startup_stm32h750xx.o(.text) referenced from startup_stm32h750xx.o(RESET)
 <LI><a href="#[10]">EXTI0_IRQHandler</a> from startup_stm32h750xx.o(.text) referenced from startup_stm32h750xx.o(RESET)
 <LI><a href="#[32]">EXTI15_10_IRQHandler</a> from startup_stm32h750xx.o(.text) referenced from startup_stm32h750xx.o(RESET)
 <LI><a href="#[11]">EXTI1_IRQHandler</a> from startup_stm32h750xx.o(.text) referenced from startup_stm32h750xx.o(RESET)
 <LI><a href="#[12]">EXTI2_IRQHandler</a> from startup_stm32h750xx.o(.text) referenced from startup_stm32h750xx.o(RESET)
 <LI><a href="#[13]">EXTI3_IRQHandler</a> from startup_stm32h750xx.o(.text) referenced from startup_stm32h750xx.o(RESET)
 <LI><a href="#[14]">EXTI4_IRQHandler</a> from startup_stm32h750xx.o(.text) referenced from startup_stm32h750xx.o(RESET)
 <LI><a href="#[21]">EXTI9_5_IRQHandler</a> from startup_stm32h750xx.o(.text) referenced from startup_stm32h750xx.o(RESET)
 <LI><a href="#[1d]">FDCAN1_IT0_IRQHandler</a> from stm32h7xx_it.o(.text.FDCAN1_IT0_IRQHandler) referenced from startup_stm32h750xx.o(RESET)
 <LI><a href="#[1f]">FDCAN1_IT1_IRQHandler</a> from startup_stm32h750xx.o(.text) referenced from startup_stm32h750xx.o(RESET)
 <LI><a href="#[1e]">FDCAN2_IT0_IRQHandler</a> from startup_stm32h750xx.o(.text) referenced from startup_stm32h750xx.o(RESET)
 <LI><a href="#[20]">FDCAN2_IT1_IRQHandler</a> from startup_stm32h750xx.o(.text) referenced from startup_stm32h750xx.o(RESET)
 <LI><a href="#[48]">FDCAN_CAL_IRQHandler</a> from startup_stm32h750xx.o(.text) referenced from startup_stm32h750xx.o(RESET)
 <LI><a href="#[e]">FLASH_IRQHandler</a> from startup_stm32h750xx.o(.text) referenced from startup_stm32h750xx.o(RESET)
 <LI><a href="#[39]">FMC_IRQHandler</a> from startup_stm32h750xx.o(.text) referenced from startup_stm32h750xx.o(RESET)
 <LI><a href="#[56]">FPU_IRQHandler</a> from startup_stm32h750xx.o(.text) referenced from startup_stm32h750xx.o(RESET)
 <LI><a href="#[a5]">Gimbal_PowerOff_Drive</a> from gimbalmotor.o(.text.Gimbal_PowerOff_Drive) referenced 2 times from gimbal_task.o(.text.Gimbal_Init)
 <LI><a href="#[b1]">Gimbal_Task</a> from gimbal_task.o(.text.Gimbal_Task) referenced from freertos.o(.rodata..L__const.MX_FREERTOS_Init.os_thread_def_Task_Gimbal)
 <LI><a href="#[55]">HASH_RNG_IRQHandler</a> from startup_stm32h750xx.o(.text) referenced from startup_stm32h750xx.o(RESET)
 <LI><a href="#[72]">HRTIM1_FLT_IRQHandler</a> from startup_stm32h750xx.o(.text) referenced from startup_stm32h750xx.o(RESET)
 <LI><a href="#[6c]">HRTIM1_Master_IRQHandler</a> from startup_stm32h750xx.o(.text) referenced from startup_stm32h750xx.o(RESET)
 <LI><a href="#[6d]">HRTIM1_TIMA_IRQHandler</a> from startup_stm32h750xx.o(.text) referenced from startup_stm32h750xx.o(RESET)
 <LI><a href="#[6e]">HRTIM1_TIMB_IRQHandler</a> from startup_stm32h750xx.o(.text) referenced from startup_stm32h750xx.o(RESET)
 <LI><a href="#[6f]">HRTIM1_TIMC_IRQHandler</a> from startup_stm32h750xx.o(.text) referenced from startup_stm32h750xx.o(RESET)
 <LI><a href="#[70]">HRTIM1_TIMD_IRQHandler</a> from startup_stm32h750xx.o(.text) referenced from startup_stm32h750xx.o(RESET)
 <LI><a href="#[71]">HRTIM1_TIME_IRQHandler</a> from startup_stm32h750xx.o(.text) referenced from startup_stm32h750xx.o(RESET)
 <LI><a href="#[81]">HSEM1_IRQHandler</a> from startup_stm32h750xx.o(.text) referenced from startup_stm32h750xx.o(RESET)
 <LI><a href="#[2]">HardFault_Handler</a> from stm32h7xx_it.o(.text.HardFault_Handler) referenced from startup_stm32h750xx.o(RESET)
 <LI><a href="#[2a]">I2C1_ER_IRQHandler</a> from startup_stm32h750xx.o(.text) referenced from startup_stm32h750xx.o(RESET)
 <LI><a href="#[29]">I2C1_EV_IRQHandler</a> from startup_stm32h750xx.o(.text) referenced from startup_stm32h750xx.o(RESET)
 <LI><a href="#[2c]">I2C2_ER_IRQHandler</a> from startup_stm32h750xx.o(.text) referenced from startup_stm32h750xx.o(RESET)
 <LI><a href="#[2b]">I2C2_EV_IRQHandler</a> from startup_stm32h750xx.o(.text) referenced from startup_stm32h750xx.o(RESET)
 <LI><a href="#[4e]">I2C3_ER_IRQHandler</a> from startup_stm32h750xx.o(.text) referenced from startup_stm32h750xx.o(RESET)
 <LI><a href="#[4d]">I2C3_EV_IRQHandler</a> from startup_stm32h750xx.o(.text) referenced from startup_stm32h750xx.o(RESET)
 <LI><a href="#[65]">I2C4_ER_IRQHandler</a> from startup_stm32h750xx.o(.text) referenced from startup_stm32h750xx.o(RESET)
 <LI><a href="#[64]">I2C4_EV_IRQHandler</a> from startup_stm32h750xx.o(.text) referenced from startup_stm32h750xx.o(RESET)
 <LI><a href="#[7e]">JPEG_IRQHandler</a> from startup_stm32h750xx.o(.text) referenced from startup_stm32h750xx.o(RESET)
 <LI><a href="#[a2]">KeyBoard_Prepare</a> from gimbal_fsm.o(.text.KeyBoard_Prepare) referenced 2 times from gimbal_fsm.o(.text.Gimbal_Fsm_Init)
 <LI><a href="#[a3]">KeyBoard_State</a> from gimbal_fsm.o(.text.KeyBoard_State) referenced 2 times from gimbal_fsm.o(.text.Gimbal_Fsm_Init)
 <LI><a href="#[a4]">KeyBoard_bhv</a> from gimbal_fsm.o(.text.KeyBoard_bhv) referenced 2 times from gimbal_fsm.o(.text.Gimbal_Fsm_Init)
 <LI><a href="#[62]">LPTIM1_IRQHandler</a> from startup_stm32h750xx.o(.text) referenced from startup_stm32h750xx.o(RESET)
 <LI><a href="#[8d]">LPTIM2_IRQHandler</a> from startup_stm32h750xx.o(.text) referenced from startup_stm32h750xx.o(RESET)
 <LI><a href="#[8e]">LPTIM3_IRQHandler</a> from startup_stm32h750xx.o(.text) referenced from startup_stm32h750xx.o(RESET)
 <LI><a href="#[8f]">LPTIM4_IRQHandler</a> from startup_stm32h750xx.o(.text) referenced from startup_stm32h750xx.o(RESET)
 <LI><a href="#[90]">LPTIM5_IRQHandler</a> from startup_stm32h750xx.o(.text) referenced from startup_stm32h750xx.o(RESET)
 <LI><a href="#[91]">LPUART1_IRQHandler</a> from startup_stm32h750xx.o(.text) referenced from startup_stm32h750xx.o(RESET)
 <LI><a href="#[5e]">LTDC_ER_IRQHandler</a> from startup_stm32h750xx.o(.text) referenced from startup_stm32h750xx.o(RESET)
 <LI><a href="#[5d]">LTDC_IRQHandler</a> from startup_stm32h750xx.o(.text) referenced from startup_stm32h750xx.o(RESET)
 <LI><a href="#[9f]">Lift_Prepare</a> from gimbal_fsm.o(.text.Lift_Prepare) referenced 2 times from gimbal_fsm.o(.text.Gimbal_Fsm_Init)
 <LI><a href="#[9e]">Lift_State</a> from gimbal_fsm.o(.text.Lift_State) referenced 2 times from gimbal_fsm.o(.text.Gimbal_Fsm_Init)
 <LI><a href="#[a8]">Lift_bhv</a> from gimbal_fsm.o(.text.Lift_bhv) referenced 2 times from gimbal_fsm.o(.text.Lift_State)
 <LI><a href="#[7d]">MDIOS_IRQHandler</a> from startup_stm32h750xx.o(.text) referenced from startup_stm32h750xx.o(RESET)
 <LI><a href="#[7c]">MDIOS_WKUP_IRQHandler</a> from startup_stm32h750xx.o(.text) referenced from startup_stm32h750xx.o(RESET)
 <LI><a href="#[7f]">MDMA_IRQHandler</a> from startup_stm32h750xx.o(.text) referenced from startup_stm32h750xx.o(RESET)
 <LI><a href="#[3]">MemManage_Handler</a> from stm32h7xx_it.o(.text.MemManage_Handler) referenced from startup_stm32h750xx.o(RESET)
 <LI><a href="#[a6]">MotorDataDeal</a> from gimbalmotor.o(.text.MotorDataDeal) referenced 2 times from gimbalmotor.o(.text.Gimbal_Motor_Init)
 <LI><a href="#[1]">NMI_Handler</a> from stm32h7xx_it.o(.text.NMI_Handler) referenced from startup_stm32h750xx.o(RESET)
 <LI><a href="#[68]">OTG_FS_EP1_IN_IRQHandler</a> from startup_stm32h750xx.o(.text) referenced from startup_stm32h750xx.o(RESET)
 <LI><a href="#[67]">OTG_FS_EP1_OUT_IRQHandler</a> from startup_stm32h750xx.o(.text) referenced from startup_stm32h750xx.o(RESET)
 <LI><a href="#[6a]">OTG_FS_IRQHandler</a> from startup_stm32h750xx.o(.text) referenced from startup_stm32h750xx.o(RESET)
 <LI><a href="#[69]">OTG_FS_WKUP_IRQHandler</a> from startup_stm32h750xx.o(.text) referenced from startup_stm32h750xx.o(RESET)
 <LI><a href="#[50]">OTG_HS_EP1_IN_IRQHandler</a> from startup_stm32h750xx.o(.text) referenced from startup_stm32h750xx.o(RESET)
 <LI><a href="#[4f]">OTG_HS_EP1_OUT_IRQHandler</a> from startup_stm32h750xx.o(.text) referenced from startup_stm32h750xx.o(RESET)
 <LI><a href="#[52]">OTG_HS_IRQHandler</a> from startup_stm32h750xx.o(.text) referenced from startup_stm32h750xx.o(RESET)
 <LI><a href="#[51]">OTG_HS_WKUP_IRQHandler</a> from startup_stm32h750xx.o(.text) referenced from startup_stm32h750xx.o(RESET)
 <LI><a href="#[9b]">Offline_Prepare</a> from gimbal_fsm.o(.text.Offline_Prepare) referenced 2 times from gimbal_fsm.o(.text.Gimbal_Fsm_Init)
 <LI><a href="#[9c]">Offline_State</a> from gimbal_fsm.o(.text.Offline_State) referenced 2 times from gimbal_fsm.o(.text.Gimbal_Fsm_Init)
 <LI><a href="#[b]">PVD_AVD_IRQHandler</a> from startup_stm32h750xx.o(.text) referenced from startup_stm32h750xx.o(RESET)
 <LI><a href="#[8]">PendSV_Handler</a> from port.o(.text.PendSV_Handler) referenced from startup_stm32h750xx.o(RESET)
 <LI><a href="#[9d]">PowerOff_bhv</a> from gimbal_fsm.o(.text.PowerOff_bhv) referenced 2 times from gimbal_fsm.o(.text.Gimbal_Fsm_Init)
 <LI><a href="#[9d]">PowerOff_bhv</a> from gimbal_fsm.o(.text.PowerOff_bhv) referenced 2 times from gimbal_fsm.o(.text.Offline_State)
 <LI><a href="#[61]">QUADSPI_IRQHandler</a> from startup_stm32h750xx.o(.text) referenced from startup_stm32h750xx.o(RESET)
 <LI><a href="#[f]">RCC_IRQHandler</a> from startup_stm32h750xx.o(.text) referenced from startup_stm32h750xx.o(RESET)
 <LI><a href="#[ac]">RC_Check_Data_IS_ERROR</a> from bsp_dr16.o(.text.RC_Check_Data_IS_ERROR) referenced 2 times from detect_task.o(.text.detect_init)
 <LI><a href="#[33]">RTC_Alarm_IRQHandler</a> from startup_stm32h750xx.o(.text) referenced from startup_stm32h750xx.o(RESET)
 <LI><a href="#[d]">RTC_WKUP_IRQHandler</a> from startup_stm32h750xx.o(.text) referenced from startup_stm32h750xx.o(RESET)
 <LI><a href="#[b2]">Remote_Task</a> from remote_task.o(.text.Remote_Task) referenced from freertos.o(.rodata..L__const.MX_FREERTOS_Init.os_thread_def_Task_Remote)
 <LI><a href="#[0]">Reset_Handler</a> from startup_stm32h750xx.o(.text) referenced from startup_stm32h750xx.o(RESET)
 <LI><a href="#[5c]">SAI1_IRQHandler</a> from startup_stm32h750xx.o(.text) referenced from startup_stm32h750xx.o(RESET)
 <LI><a href="#[60]">SAI2_IRQHandler</a> from startup_stm32h750xx.o(.text) referenced from startup_stm32h750xx.o(RESET)
 <LI><a href="#[77]">SAI3_IRQHandler</a> from startup_stm32h750xx.o(.text) referenced from startup_stm32h750xx.o(RESET)
 <LI><a href="#[94]">SAI4_IRQHandler</a> from startup_stm32h750xx.o(.text) referenced from startup_stm32h750xx.o(RESET)
 <LI><a href="#[3a]">SDMMC1_IRQHandler</a> from startup_stm32h750xx.o(.text) referenced from startup_stm32h750xx.o(RESET)
 <LI><a href="#[80]">SDMMC2_IRQHandler</a> from startup_stm32h750xx.o(.text) referenced from startup_stm32h750xx.o(RESET)
 <LI><a href="#[66]">SPDIF_RX_IRQHandler</a> from startup_stm32h750xx.o(.text) referenced from startup_stm32h750xx.o(RESET)
 <LI><a href="#[2d]">SPI1_IRQHandler</a> from startup_stm32h750xx.o(.text) referenced from startup_stm32h750xx.o(RESET)
 <LI><a href="#[2e]">SPI2_IRQHandler</a> from startup_stm32h750xx.o(.text) referenced from startup_stm32h750xx.o(RESET)
 <LI><a href="#[3c]">SPI3_IRQHandler</a> from startup_stm32h750xx.o(.text) referenced from startup_stm32h750xx.o(RESET)
 <LI><a href="#[59]">SPI4_IRQHandler</a> from startup_stm32h750xx.o(.text) referenced from startup_stm32h750xx.o(RESET)
 <LI><a href="#[5a]">SPI5_IRQHandler</a> from startup_stm32h750xx.o(.text) referenced from startup_stm32h750xx.o(RESET)
 <LI><a href="#[5b]">SPI6_IRQHandler</a> from startup_stm32h750xx.o(.text) referenced from startup_stm32h750xx.o(RESET)
 <LI><a href="#[6]">SVC_Handler</a> from port.o(.text.SVC_Handler) referenced from startup_stm32h750xx.o(RESET)
 <LI><a href="#[78]">SWPMI1_IRQHandler</a> from startup_stm32h750xx.o(.text) referenced from startup_stm32h750xx.o(RESET)
 <LI><a href="#[b3]">StartDefaultTask</a> from freertos.o(.text.StartDefaultTask) referenced from freertos.o(.rodata..L__const.MX_FREERTOS_Init.os_thread_def_defaultTask)
 <LI><a href="#[9a]">StateChange</a> from fsm.o(.text.StateChange) referenced 2 times from gimbal_fsm.o(.text.Gimbal_Fsm_Init)
 <LI><a href="#[9]">SysTick_Handler</a> from port.o(.text.SysTick_Handler) referenced from startup_stm32h750xx.o(RESET)
 <LI><a href="#[97]">SystemInit</a> from system_stm32h7xx.o(.text.SystemInit) referenced from startup_stm32h750xx.o(.text)
 <LI><a href="#[c]">TAMP_STAMP_IRQHandler</a> from startup_stm32h750xx.o(.text) referenced from startup_stm32h750xx.o(RESET)
 <LI><a href="#[79]">TIM15_IRQHandler</a> from startup_stm32h750xx.o(.text) referenced from startup_stm32h750xx.o(RESET)
 <LI><a href="#[7a]">TIM16_IRQHandler</a> from startup_stm32h750xx.o(.text) referenced from startup_stm32h750xx.o(RESET)
 <LI><a href="#[7b]">TIM17_IRQHandler</a> from startup_stm32h750xx.o(.text) referenced from startup_stm32h750xx.o(RESET)
 <LI><a href="#[22]">TIM1_BRK_IRQHandler</a> from startup_stm32h750xx.o(.text) referenced from startup_stm32h750xx.o(RESET)
 <LI><a href="#[25]">TIM1_CC_IRQHandler</a> from startup_stm32h750xx.o(.text) referenced from startup_stm32h750xx.o(RESET)
 <LI><a href="#[24]">TIM1_TRG_COM_IRQHandler</a> from startup_stm32h750xx.o(.text) referenced from startup_stm32h750xx.o(RESET)
 <LI><a href="#[23]">TIM1_UP_IRQHandler</a> from startup_stm32h750xx.o(.text) referenced from startup_stm32h750xx.o(RESET)
 <LI><a href="#[26]">TIM2_IRQHandler</a> from stm32h7xx_it.o(.text.TIM2_IRQHandler) referenced from startup_stm32h750xx.o(RESET)
 <LI><a href="#[27]">TIM3_IRQHandler</a> from startup_stm32h750xx.o(.text) referenced from startup_stm32h750xx.o(RESET)
 <LI><a href="#[28]">TIM4_IRQHandler</a> from startup_stm32h750xx.o(.text) referenced from startup_stm32h750xx.o(RESET)
 <LI><a href="#[3b]">TIM5_IRQHandler</a> from startup_stm32h750xx.o(.text) referenced from startup_stm32h750xx.o(RESET)
 <LI><a href="#[3f]">TIM6_DAC_IRQHandler</a> from startup_stm32h750xx.o(.text) referenced from startup_stm32h750xx.o(RESET)
 <LI><a href="#[40]">TIM7_IRQHandler</a> from startup_stm32h750xx.o(.text) referenced from startup_stm32h750xx.o(RESET)
 <LI><a href="#[34]">TIM8_BRK_TIM12_IRQHandler</a> from startup_stm32h750xx.o(.text) referenced from startup_stm32h750xx.o(RESET)
 <LI><a href="#[37]">TIM8_CC_IRQHandler</a> from startup_stm32h750xx.o(.text) referenced from startup_stm32h750xx.o(RESET)
 <LI><a href="#[36]">TIM8_TRG_COM_TIM14_IRQHandler</a> from startup_stm32h750xx.o(.text) referenced from startup_stm32h750xx.o(RESET)
 <LI><a href="#[35]">TIM8_UP_TIM13_IRQHandler</a> from startup_stm32h750xx.o(.text) referenced from startup_stm32h750xx.o(RESET)
 <LI><a href="#[3d]">UART4_IRQHandler</a> from startup_stm32h750xx.o(.text) referenced from startup_stm32h750xx.o(RESET)
 <LI><a href="#[3e]">UART5_IRQHandler</a> from startup_stm32h750xx.o(.text) referenced from startup_stm32h750xx.o(RESET)
 <LI><a href="#[57]">UART7_IRQHandler</a> from startup_stm32h750xx.o(.text) referenced from startup_stm32h750xx.o(RESET)
 <LI><a href="#[58]">UART8_IRQHandler</a> from startup_stm32h750xx.o(.text) referenced from startup_stm32h750xx.o(RESET)
 <LI><a href="#[a7]">UART_DMAAbortOnError</a> from stm32h7xx_hal_uart.o(.text.UART_DMAAbortOnError) referenced 2 times from stm32h7xx_hal_uart.o(.text.HAL_UART_IRQHandler)
 <LI><a href="#[ab]">UART_DMAError</a> from stm32h7xx_hal_uart.o(.text.UART_DMAError) referenced 2 times from stm32h7xx_hal_uart.o(.text.UART_Start_Receive_DMA)
 <LI><a href="#[a9]">UART_DMAReceiveCplt</a> from stm32h7xx_hal_uart.o(.text.UART_DMAReceiveCplt) referenced 2 times from stm32h7xx_hal_uart.o(.text.UART_Start_Receive_DMA)
 <LI><a href="#[aa]">UART_DMARxHalfCplt</a> from stm32h7xx_hal_uart.o(.text.UART_DMARxHalfCplt) referenced 2 times from stm32h7xx_hal_uart.o(.text.UART_Start_Receive_DMA)
 <LI><a href="#[2f]">USART1_IRQHandler</a> from stm32h7xx_it.o(.text.USART1_IRQHandler) referenced from startup_stm32h750xx.o(RESET)
 <LI><a href="#[30]">USART2_IRQHandler</a> from startup_stm32h750xx.o(.text) referenced from startup_stm32h750xx.o(RESET)
 <LI><a href="#[31]">USART3_IRQHandler</a> from startup_stm32h750xx.o(.text) referenced from startup_stm32h750xx.o(RESET)
 <LI><a href="#[4c]">USART6_IRQHandler</a> from startup_stm32h750xx.o(.text) referenced from startup_stm32h750xx.o(RESET)
 <LI><a href="#[5]">UsageFault_Handler</a> from stm32h7xx_it.o(.text.UsageFault_Handler) referenced from startup_stm32h750xx.o(RESET)
 <LI><a href="#[95]">WAKEUP_PIN_IRQHandler</a> from startup_stm32h750xx.o(.text) referenced from startup_stm32h750xx.o(RESET)
 <LI><a href="#[a]">WWDG_IRQHandler</a> from startup_stm32h750xx.o(.text) referenced from startup_stm32h750xx.o(RESET)
 <LI><a href="#[98]">__main</a> from entry.o(.ARM.Collect$$$$00000000) referenced from startup_stm32h750xx.o(.text)
 <LI><a href="#[96]">main</a> from main.o(.text.main) referenced from entry9a.o(.ARM.Collect$$$$0000000B)
 <LI><a href="#[ae]">prvIdleTask</a> from tasks.o(.text.prvIdleTask) referenced 2 times from tasks.o(.text.vTaskStartScheduler)
 <LI><a href="#[ad]">prvTaskExitError</a> from port.o(.text.prvTaskExitError) referenced 2 times from port.o(.text.pxPortInitialiseStack)
</UL>
<P>
<H3>
Global Symbols
</H3>
<P><STRONG><a name="[98]"></a>__main</STRONG> (Thumb, 0 bytes, Stack size unknown bytes, entry.o(.ARM.Collect$$$$00000000))
<BR>[Address Reference Count : 1]<UL><LI> startup_stm32h750xx.o(.text)
</UL>
<P><STRONG><a name="[1a3]"></a>_main_stk</STRONG> (Thumb, 0 bytes, Stack size unknown bytes, entry2.o(.ARM.Collect$$$$00000001))

<P><STRONG><a name="[b4]"></a>_main_scatterload</STRONG> (Thumb, 0 bytes, Stack size unknown bytes, entry5.o(.ARM.Collect$$$$00000004))
<BR><BR>[Calls]<UL><LI><a href="#[b5]">&gt;&gt;</a>&nbsp;&nbsp;&nbsp;__scatterload
</UL>

<P><STRONG><a name="[bc]"></a>__main_after_scatterload</STRONG> (Thumb, 0 bytes, Stack size unknown bytes, entry5.o(.ARM.Collect$$$$00000004))
<BR><BR>[Called By]<UL><LI><a href="#[b5]">&gt;&gt;</a>&nbsp;&nbsp;&nbsp;__scatterload
</UL>

<P><STRONG><a name="[1a4]"></a>_main_clock</STRONG> (Thumb, 0 bytes, Stack size unknown bytes, entry7b.o(.ARM.Collect$$$$00000008))

<P><STRONG><a name="[1a5]"></a>_main_cpp_init</STRONG> (Thumb, 0 bytes, Stack size unknown bytes, entry8b.o(.ARM.Collect$$$$0000000A))

<P><STRONG><a name="[1a6]"></a>_main_init</STRONG> (Thumb, 0 bytes, Stack size unknown bytes, entry9a.o(.ARM.Collect$$$$0000000B))

<P><STRONG><a name="[1a7]"></a>__rt_final_cpp</STRONG> (Thumb, 0 bytes, Stack size unknown bytes, entry10a.o(.ARM.Collect$$$$0000000D))

<P><STRONG><a name="[1a8]"></a>__rt_final_exit</STRONG> (Thumb, 0 bytes, Stack size unknown bytes, entry11a.o(.ARM.Collect$$$$0000000F))

<P><STRONG><a name="[0]"></a>Reset_Handler</STRONG> (Thumb, 8 bytes, Stack size 0 bytes, startup_stm32h750xx.o(.text))
<BR>[Address Reference Count : 1]<UL><LI> startup_stm32h750xx.o(RESET)
</UL>
<P><STRONG><a name="[82]"></a>ADC3_IRQHandler</STRONG> (Thumb, 0 bytes, Stack size 0 bytes, startup_stm32h750xx.o(.text))
<BR><BR>[Calls]<UL><LI><a href="#[82]">&gt;&gt;</a>&nbsp;&nbsp;&nbsp;ADC3_IRQHandler
</UL>
<BR>[Called By]<UL><LI><a href="#[82]">&gt;&gt;</a>&nbsp;&nbsp;&nbsp;ADC3_IRQHandler
</UL>
<BR>[Address Reference Count : 1]<UL><LI> startup_stm32h750xx.o(RESET)
</UL>
<P><STRONG><a name="[1c]"></a>ADC_IRQHandler</STRONG> (Thumb, 0 bytes, Stack size 0 bytes, startup_stm32h750xx.o(.text))
<BR>[Address Reference Count : 1]<UL><LI> startup_stm32h750xx.o(RESET)
</UL>
<P><STRONG><a name="[84]"></a>BDMA_Channel0_IRQHandler</STRONG> (Thumb, 0 bytes, Stack size 0 bytes, startup_stm32h750xx.o(.text))
<BR>[Address Reference Count : 1]<UL><LI> startup_stm32h750xx.o(RESET)
</UL>
<P><STRONG><a name="[85]"></a>BDMA_Channel1_IRQHandler</STRONG> (Thumb, 0 bytes, Stack size 0 bytes, startup_stm32h750xx.o(.text))
<BR>[Address Reference Count : 1]<UL><LI> startup_stm32h750xx.o(RESET)
</UL>
<P><STRONG><a name="[86]"></a>BDMA_Channel2_IRQHandler</STRONG> (Thumb, 0 bytes, Stack size 0 bytes, startup_stm32h750xx.o(.text))
<BR>[Address Reference Count : 1]<UL><LI> startup_stm32h750xx.o(RESET)
</UL>
<P><STRONG><a name="[87]"></a>BDMA_Channel3_IRQHandler</STRONG> (Thumb, 0 bytes, Stack size 0 bytes, startup_stm32h750xx.o(.text))
<BR>[Address Reference Count : 1]<UL><LI> startup_stm32h750xx.o(RESET)
</UL>
<P><STRONG><a name="[88]"></a>BDMA_Channel4_IRQHandler</STRONG> (Thumb, 0 bytes, Stack size 0 bytes, startup_stm32h750xx.o(.text))
<BR>[Address Reference Count : 1]<UL><LI> startup_stm32h750xx.o(RESET)
</UL>
<P><STRONG><a name="[89]"></a>BDMA_Channel5_IRQHandler</STRONG> (Thumb, 0 bytes, Stack size 0 bytes, startup_stm32h750xx.o(.text))
<BR>[Address Reference Count : 1]<UL><LI> startup_stm32h750xx.o(RESET)
</UL>
<P><STRONG><a name="[8a]"></a>BDMA_Channel6_IRQHandler</STRONG> (Thumb, 0 bytes, Stack size 0 bytes, startup_stm32h750xx.o(.text))
<BR>[Address Reference Count : 1]<UL><LI> startup_stm32h750xx.o(RESET)
</UL>
<P><STRONG><a name="[8b]"></a>BDMA_Channel7_IRQHandler</STRONG> (Thumb, 0 bytes, Stack size 0 bytes, startup_stm32h750xx.o(.text))
<BR>[Address Reference Count : 1]<UL><LI> startup_stm32h750xx.o(RESET)
</UL>
<P><STRONG><a name="[63]"></a>CEC_IRQHandler</STRONG> (Thumb, 0 bytes, Stack size 0 bytes, startup_stm32h750xx.o(.text))
<BR>[Address Reference Count : 1]<UL><LI> startup_stm32h750xx.o(RESET)
</UL>
<P><STRONG><a name="[8c]"></a>COMP1_IRQHandler</STRONG> (Thumb, 0 bytes, Stack size 0 bytes, startup_stm32h750xx.o(.text))
<BR>[Address Reference Count : 1]<UL><LI> startup_stm32h750xx.o(RESET)
</UL>
<P><STRONG><a name="[92]"></a>CRS_IRQHandler</STRONG> (Thumb, 0 bytes, Stack size 0 bytes, startup_stm32h750xx.o(.text))
<BR>[Address Reference Count : 1]<UL><LI> startup_stm32h750xx.o(RESET)
</UL>
<P><STRONG><a name="[54]"></a>CRYP_IRQHandler</STRONG> (Thumb, 0 bytes, Stack size 0 bytes, startup_stm32h750xx.o(.text))
<BR>[Address Reference Count : 1]<UL><LI> startup_stm32h750xx.o(RESET)
</UL>
<P><STRONG><a name="[53]"></a>DCMI_IRQHandler</STRONG> (Thumb, 0 bytes, Stack size 0 bytes, startup_stm32h750xx.o(.text))
<BR>[Address Reference Count : 1]<UL><LI> startup_stm32h750xx.o(RESET)
</UL>
<P><STRONG><a name="[73]"></a>DFSDM1_FLT0_IRQHandler</STRONG> (Thumb, 0 bytes, Stack size 0 bytes, startup_stm32h750xx.o(.text))
<BR>[Address Reference Count : 1]<UL><LI> startup_stm32h750xx.o(RESET)
</UL>
<P><STRONG><a name="[74]"></a>DFSDM1_FLT1_IRQHandler</STRONG> (Thumb, 0 bytes, Stack size 0 bytes, startup_stm32h750xx.o(.text))
<BR>[Address Reference Count : 1]<UL><LI> startup_stm32h750xx.o(RESET)
</UL>
<P><STRONG><a name="[75]"></a>DFSDM1_FLT2_IRQHandler</STRONG> (Thumb, 0 bytes, Stack size 0 bytes, startup_stm32h750xx.o(.text))
<BR>[Address Reference Count : 1]<UL><LI> startup_stm32h750xx.o(RESET)
</UL>
<P><STRONG><a name="[76]"></a>DFSDM1_FLT3_IRQHandler</STRONG> (Thumb, 0 bytes, Stack size 0 bytes, startup_stm32h750xx.o(.text))
<BR>[Address Reference Count : 1]<UL><LI> startup_stm32h750xx.o(RESET)
</UL>
<P><STRONG><a name="[16]"></a>DMA1_Stream1_IRQHandler</STRONG> (Thumb, 0 bytes, Stack size 0 bytes, startup_stm32h750xx.o(.text))
<BR>[Address Reference Count : 1]<UL><LI> startup_stm32h750xx.o(RESET)
</UL>
<P><STRONG><a name="[17]"></a>DMA1_Stream2_IRQHandler</STRONG> (Thumb, 0 bytes, Stack size 0 bytes, startup_stm32h750xx.o(.text))
<BR>[Address Reference Count : 1]<UL><LI> startup_stm32h750xx.o(RESET)
</UL>
<P><STRONG><a name="[18]"></a>DMA1_Stream3_IRQHandler</STRONG> (Thumb, 0 bytes, Stack size 0 bytes, startup_stm32h750xx.o(.text))
<BR>[Address Reference Count : 1]<UL><LI> startup_stm32h750xx.o(RESET)
</UL>
<P><STRONG><a name="[19]"></a>DMA1_Stream4_IRQHandler</STRONG> (Thumb, 0 bytes, Stack size 0 bytes, startup_stm32h750xx.o(.text))
<BR>[Address Reference Count : 1]<UL><LI> startup_stm32h750xx.o(RESET)
</UL>
<P><STRONG><a name="[1a]"></a>DMA1_Stream5_IRQHandler</STRONG> (Thumb, 0 bytes, Stack size 0 bytes, startup_stm32h750xx.o(.text))
<BR>[Address Reference Count : 1]<UL><LI> startup_stm32h750xx.o(RESET)
</UL>
<P><STRONG><a name="[1b]"></a>DMA1_Stream6_IRQHandler</STRONG> (Thumb, 0 bytes, Stack size 0 bytes, startup_stm32h750xx.o(.text))
<BR>[Address Reference Count : 1]<UL><LI> startup_stm32h750xx.o(RESET)
</UL>
<P><STRONG><a name="[38]"></a>DMA1_Stream7_IRQHandler</STRONG> (Thumb, 0 bytes, Stack size 0 bytes, startup_stm32h750xx.o(.text))
<BR>[Address Reference Count : 1]<UL><LI> startup_stm32h750xx.o(RESET)
</UL>
<P><STRONG><a name="[5f]"></a>DMA2D_IRQHandler</STRONG> (Thumb, 0 bytes, Stack size 0 bytes, startup_stm32h750xx.o(.text))
<BR>[Address Reference Count : 1]<UL><LI> startup_stm32h750xx.o(RESET)
</UL>
<P><STRONG><a name="[41]"></a>DMA2_Stream0_IRQHandler</STRONG> (Thumb, 0 bytes, Stack size 0 bytes, startup_stm32h750xx.o(.text))
<BR>[Address Reference Count : 1]<UL><LI> startup_stm32h750xx.o(RESET)
</UL>
<P><STRONG><a name="[42]"></a>DMA2_Stream1_IRQHandler</STRONG> (Thumb, 0 bytes, Stack size 0 bytes, startup_stm32h750xx.o(.text))
<BR>[Address Reference Count : 1]<UL><LI> startup_stm32h750xx.o(RESET)
</UL>
<P><STRONG><a name="[43]"></a>DMA2_Stream2_IRQHandler</STRONG> (Thumb, 0 bytes, Stack size 0 bytes, startup_stm32h750xx.o(.text))
<BR>[Address Reference Count : 1]<UL><LI> startup_stm32h750xx.o(RESET)
</UL>
<P><STRONG><a name="[44]"></a>DMA2_Stream3_IRQHandler</STRONG> (Thumb, 0 bytes, Stack size 0 bytes, startup_stm32h750xx.o(.text))
<BR>[Address Reference Count : 1]<UL><LI> startup_stm32h750xx.o(RESET)
</UL>
<P><STRONG><a name="[45]"></a>DMA2_Stream4_IRQHandler</STRONG> (Thumb, 0 bytes, Stack size 0 bytes, startup_stm32h750xx.o(.text))
<BR>[Address Reference Count : 1]<UL><LI> startup_stm32h750xx.o(RESET)
</UL>
<P><STRONG><a name="[49]"></a>DMA2_Stream5_IRQHandler</STRONG> (Thumb, 0 bytes, Stack size 0 bytes, startup_stm32h750xx.o(.text))
<BR>[Address Reference Count : 1]<UL><LI> startup_stm32h750xx.o(RESET)
</UL>
<P><STRONG><a name="[4a]"></a>DMA2_Stream6_IRQHandler</STRONG> (Thumb, 0 bytes, Stack size 0 bytes, startup_stm32h750xx.o(.text))
<BR>[Address Reference Count : 1]<UL><LI> startup_stm32h750xx.o(RESET)
</UL>
<P><STRONG><a name="[4b]"></a>DMA2_Stream7_IRQHandler</STRONG> (Thumb, 0 bytes, Stack size 0 bytes, startup_stm32h750xx.o(.text))
<BR>[Address Reference Count : 1]<UL><LI> startup_stm32h750xx.o(RESET)
</UL>
<P><STRONG><a name="[6b]"></a>DMAMUX1_OVR_IRQHandler</STRONG> (Thumb, 0 bytes, Stack size 0 bytes, startup_stm32h750xx.o(.text))
<BR>[Address Reference Count : 1]<UL><LI> startup_stm32h750xx.o(RESET)
</UL>
<P><STRONG><a name="[83]"></a>DMAMUX2_OVR_IRQHandler</STRONG> (Thumb, 0 bytes, Stack size 0 bytes, startup_stm32h750xx.o(.text))
<BR>[Address Reference Count : 1]<UL><LI> startup_stm32h750xx.o(RESET)
</UL>
<P><STRONG><a name="[93]"></a>ECC_IRQHandler</STRONG> (Thumb, 0 bytes, Stack size 0 bytes, startup_stm32h750xx.o(.text))
<BR>[Address Reference Count : 1]<UL><LI> startup_stm32h750xx.o(RESET)
</UL>
<P><STRONG><a name="[46]"></a>ETH_IRQHandler</STRONG> (Thumb, 0 bytes, Stack size 0 bytes, startup_stm32h750xx.o(.text))
<BR>[Address Reference Count : 1]<UL><LI> startup_stm32h750xx.o(RESET)
</UL>
<P><STRONG><a name="[47]"></a>ETH_WKUP_IRQHandler</STRONG> (Thumb, 0 bytes, Stack size 0 bytes, startup_stm32h750xx.o(.text))
<BR>[Address Reference Count : 1]<UL><LI> startup_stm32h750xx.o(RESET)
</UL>
<P><STRONG><a name="[10]"></a>EXTI0_IRQHandler</STRONG> (Thumb, 0 bytes, Stack size 0 bytes, startup_stm32h750xx.o(.text))
<BR>[Address Reference Count : 1]<UL><LI> startup_stm32h750xx.o(RESET)
</UL>
<P><STRONG><a name="[32]"></a>EXTI15_10_IRQHandler</STRONG> (Thumb, 0 bytes, Stack size 0 bytes, startup_stm32h750xx.o(.text))
<BR>[Address Reference Count : 1]<UL><LI> startup_stm32h750xx.o(RESET)
</UL>
<P><STRONG><a name="[11]"></a>EXTI1_IRQHandler</STRONG> (Thumb, 0 bytes, Stack size 0 bytes, startup_stm32h750xx.o(.text))
<BR>[Address Reference Count : 1]<UL><LI> startup_stm32h750xx.o(RESET)
</UL>
<P><STRONG><a name="[12]"></a>EXTI2_IRQHandler</STRONG> (Thumb, 0 bytes, Stack size 0 bytes, startup_stm32h750xx.o(.text))
<BR>[Address Reference Count : 1]<UL><LI> startup_stm32h750xx.o(RESET)
</UL>
<P><STRONG><a name="[13]"></a>EXTI3_IRQHandler</STRONG> (Thumb, 0 bytes, Stack size 0 bytes, startup_stm32h750xx.o(.text))
<BR>[Address Reference Count : 1]<UL><LI> startup_stm32h750xx.o(RESET)
</UL>
<P><STRONG><a name="[14]"></a>EXTI4_IRQHandler</STRONG> (Thumb, 0 bytes, Stack size 0 bytes, startup_stm32h750xx.o(.text))
<BR>[Address Reference Count : 1]<UL><LI> startup_stm32h750xx.o(RESET)
</UL>
<P><STRONG><a name="[21]"></a>EXTI9_5_IRQHandler</STRONG> (Thumb, 0 bytes, Stack size 0 bytes, startup_stm32h750xx.o(.text))
<BR>[Address Reference Count : 1]<UL><LI> startup_stm32h750xx.o(RESET)
</UL>
<P><STRONG><a name="[1f]"></a>FDCAN1_IT1_IRQHandler</STRONG> (Thumb, 0 bytes, Stack size 0 bytes, startup_stm32h750xx.o(.text))
<BR>[Address Reference Count : 1]<UL><LI> startup_stm32h750xx.o(RESET)
</UL>
<P><STRONG><a name="[1e]"></a>FDCAN2_IT0_IRQHandler</STRONG> (Thumb, 0 bytes, Stack size 0 bytes, startup_stm32h750xx.o(.text))
<BR>[Address Reference Count : 1]<UL><LI> startup_stm32h750xx.o(RESET)
</UL>
<P><STRONG><a name="[20]"></a>FDCAN2_IT1_IRQHandler</STRONG> (Thumb, 0 bytes, Stack size 0 bytes, startup_stm32h750xx.o(.text))
<BR>[Address Reference Count : 1]<UL><LI> startup_stm32h750xx.o(RESET)
</UL>
<P><STRONG><a name="[48]"></a>FDCAN_CAL_IRQHandler</STRONG> (Thumb, 0 bytes, Stack size 0 bytes, startup_stm32h750xx.o(.text))
<BR>[Address Reference Count : 1]<UL><LI> startup_stm32h750xx.o(RESET)
</UL>
<P><STRONG><a name="[e]"></a>FLASH_IRQHandler</STRONG> (Thumb, 0 bytes, Stack size 0 bytes, startup_stm32h750xx.o(.text))
<BR>[Address Reference Count : 1]<UL><LI> startup_stm32h750xx.o(RESET)
</UL>
<P><STRONG><a name="[39]"></a>FMC_IRQHandler</STRONG> (Thumb, 0 bytes, Stack size 0 bytes, startup_stm32h750xx.o(.text))
<BR>[Address Reference Count : 1]<UL><LI> startup_stm32h750xx.o(RESET)
</UL>
<P><STRONG><a name="[56]"></a>FPU_IRQHandler</STRONG> (Thumb, 0 bytes, Stack size 0 bytes, startup_stm32h750xx.o(.text))
<BR>[Address Reference Count : 1]<UL><LI> startup_stm32h750xx.o(RESET)
</UL>
<P><STRONG><a name="[55]"></a>HASH_RNG_IRQHandler</STRONG> (Thumb, 0 bytes, Stack size 0 bytes, startup_stm32h750xx.o(.text))
<BR>[Address Reference Count : 1]<UL><LI> startup_stm32h750xx.o(RESET)
</UL>
<P><STRONG><a name="[72]"></a>HRTIM1_FLT_IRQHandler</STRONG> (Thumb, 0 bytes, Stack size 0 bytes, startup_stm32h750xx.o(.text))
<BR>[Address Reference Count : 1]<UL><LI> startup_stm32h750xx.o(RESET)
</UL>
<P><STRONG><a name="[6c]"></a>HRTIM1_Master_IRQHandler</STRONG> (Thumb, 0 bytes, Stack size 0 bytes, startup_stm32h750xx.o(.text))
<BR>[Address Reference Count : 1]<UL><LI> startup_stm32h750xx.o(RESET)
</UL>
<P><STRONG><a name="[6d]"></a>HRTIM1_TIMA_IRQHandler</STRONG> (Thumb, 0 bytes, Stack size 0 bytes, startup_stm32h750xx.o(.text))
<BR>[Address Reference Count : 1]<UL><LI> startup_stm32h750xx.o(RESET)
</UL>
<P><STRONG><a name="[6e]"></a>HRTIM1_TIMB_IRQHandler</STRONG> (Thumb, 0 bytes, Stack size 0 bytes, startup_stm32h750xx.o(.text))
<BR>[Address Reference Count : 1]<UL><LI> startup_stm32h750xx.o(RESET)
</UL>
<P><STRONG><a name="[6f]"></a>HRTIM1_TIMC_IRQHandler</STRONG> (Thumb, 0 bytes, Stack size 0 bytes, startup_stm32h750xx.o(.text))
<BR>[Address Reference Count : 1]<UL><LI> startup_stm32h750xx.o(RESET)
</UL>
<P><STRONG><a name="[70]"></a>HRTIM1_TIMD_IRQHandler</STRONG> (Thumb, 0 bytes, Stack size 0 bytes, startup_stm32h750xx.o(.text))
<BR>[Address Reference Count : 1]<UL><LI> startup_stm32h750xx.o(RESET)
</UL>
<P><STRONG><a name="[71]"></a>HRTIM1_TIME_IRQHandler</STRONG> (Thumb, 0 bytes, Stack size 0 bytes, startup_stm32h750xx.o(.text))
<BR>[Address Reference Count : 1]<UL><LI> startup_stm32h750xx.o(RESET)
</UL>
<P><STRONG><a name="[81]"></a>HSEM1_IRQHandler</STRONG> (Thumb, 0 bytes, Stack size 0 bytes, startup_stm32h750xx.o(.text))
<BR>[Address Reference Count : 1]<UL><LI> startup_stm32h750xx.o(RESET)
</UL>
<P><STRONG><a name="[2a]"></a>I2C1_ER_IRQHandler</STRONG> (Thumb, 0 bytes, Stack size 0 bytes, startup_stm32h750xx.o(.text))
<BR>[Address Reference Count : 1]<UL><LI> startup_stm32h750xx.o(RESET)
</UL>
<P><STRONG><a name="[29]"></a>I2C1_EV_IRQHandler</STRONG> (Thumb, 0 bytes, Stack size 0 bytes, startup_stm32h750xx.o(.text))
<BR>[Address Reference Count : 1]<UL><LI> startup_stm32h750xx.o(RESET)
</UL>
<P><STRONG><a name="[2c]"></a>I2C2_ER_IRQHandler</STRONG> (Thumb, 0 bytes, Stack size 0 bytes, startup_stm32h750xx.o(.text))
<BR>[Address Reference Count : 1]<UL><LI> startup_stm32h750xx.o(RESET)
</UL>
<P><STRONG><a name="[2b]"></a>I2C2_EV_IRQHandler</STRONG> (Thumb, 0 bytes, Stack size 0 bytes, startup_stm32h750xx.o(.text))
<BR>[Address Reference Count : 1]<UL><LI> startup_stm32h750xx.o(RESET)
</UL>
<P><STRONG><a name="[4e]"></a>I2C3_ER_IRQHandler</STRONG> (Thumb, 0 bytes, Stack size 0 bytes, startup_stm32h750xx.o(.text))
<BR>[Address Reference Count : 1]<UL><LI> startup_stm32h750xx.o(RESET)
</UL>
<P><STRONG><a name="[4d]"></a>I2C3_EV_IRQHandler</STRONG> (Thumb, 0 bytes, Stack size 0 bytes, startup_stm32h750xx.o(.text))
<BR>[Address Reference Count : 1]<UL><LI> startup_stm32h750xx.o(RESET)
</UL>
<P><STRONG><a name="[65]"></a>I2C4_ER_IRQHandler</STRONG> (Thumb, 0 bytes, Stack size 0 bytes, startup_stm32h750xx.o(.text))
<BR>[Address Reference Count : 1]<UL><LI> startup_stm32h750xx.o(RESET)
</UL>
<P><STRONG><a name="[64]"></a>I2C4_EV_IRQHandler</STRONG> (Thumb, 0 bytes, Stack size 0 bytes, startup_stm32h750xx.o(.text))
<BR>[Address Reference Count : 1]<UL><LI> startup_stm32h750xx.o(RESET)
</UL>
<P><STRONG><a name="[7e]"></a>JPEG_IRQHandler</STRONG> (Thumb, 0 bytes, Stack size 0 bytes, startup_stm32h750xx.o(.text))
<BR>[Address Reference Count : 1]<UL><LI> startup_stm32h750xx.o(RESET)
</UL>
<P><STRONG><a name="[62]"></a>LPTIM1_IRQHandler</STRONG> (Thumb, 0 bytes, Stack size 0 bytes, startup_stm32h750xx.o(.text))
<BR>[Address Reference Count : 1]<UL><LI> startup_stm32h750xx.o(RESET)
</UL>
<P><STRONG><a name="[8d]"></a>LPTIM2_IRQHandler</STRONG> (Thumb, 0 bytes, Stack size 0 bytes, startup_stm32h750xx.o(.text))
<BR>[Address Reference Count : 1]<UL><LI> startup_stm32h750xx.o(RESET)
</UL>
<P><STRONG><a name="[8e]"></a>LPTIM3_IRQHandler</STRONG> (Thumb, 0 bytes, Stack size 0 bytes, startup_stm32h750xx.o(.text))
<BR>[Address Reference Count : 1]<UL><LI> startup_stm32h750xx.o(RESET)
</UL>
<P><STRONG><a name="[8f]"></a>LPTIM4_IRQHandler</STRONG> (Thumb, 0 bytes, Stack size 0 bytes, startup_stm32h750xx.o(.text))
<BR>[Address Reference Count : 1]<UL><LI> startup_stm32h750xx.o(RESET)
</UL>
<P><STRONG><a name="[90]"></a>LPTIM5_IRQHandler</STRONG> (Thumb, 0 bytes, Stack size 0 bytes, startup_stm32h750xx.o(.text))
<BR>[Address Reference Count : 1]<UL><LI> startup_stm32h750xx.o(RESET)
</UL>
<P><STRONG><a name="[91]"></a>LPUART1_IRQHandler</STRONG> (Thumb, 0 bytes, Stack size 0 bytes, startup_stm32h750xx.o(.text))
<BR>[Address Reference Count : 1]<UL><LI> startup_stm32h750xx.o(RESET)
</UL>
<P><STRONG><a name="[5e]"></a>LTDC_ER_IRQHandler</STRONG> (Thumb, 0 bytes, Stack size 0 bytes, startup_stm32h750xx.o(.text))
<BR>[Address Reference Count : 1]<UL><LI> startup_stm32h750xx.o(RESET)
</UL>
<P><STRONG><a name="[5d]"></a>LTDC_IRQHandler</STRONG> (Thumb, 0 bytes, Stack size 0 bytes, startup_stm32h750xx.o(.text))
<BR>[Address Reference Count : 1]<UL><LI> startup_stm32h750xx.o(RESET)
</UL>
<P><STRONG><a name="[7d]"></a>MDIOS_IRQHandler</STRONG> (Thumb, 0 bytes, Stack size 0 bytes, startup_stm32h750xx.o(.text))
<BR>[Address Reference Count : 1]<UL><LI> startup_stm32h750xx.o(RESET)
</UL>
<P><STRONG><a name="[7c]"></a>MDIOS_WKUP_IRQHandler</STRONG> (Thumb, 0 bytes, Stack size 0 bytes, startup_stm32h750xx.o(.text))
<BR>[Address Reference Count : 1]<UL><LI> startup_stm32h750xx.o(RESET)
</UL>
<P><STRONG><a name="[7f]"></a>MDMA_IRQHandler</STRONG> (Thumb, 0 bytes, Stack size 0 bytes, startup_stm32h750xx.o(.text))
<BR>[Address Reference Count : 1]<UL><LI> startup_stm32h750xx.o(RESET)
</UL>
<P><STRONG><a name="[68]"></a>OTG_FS_EP1_IN_IRQHandler</STRONG> (Thumb, 0 bytes, Stack size 0 bytes, startup_stm32h750xx.o(.text))
<BR>[Address Reference Count : 1]<UL><LI> startup_stm32h750xx.o(RESET)
</UL>
<P><STRONG><a name="[67]"></a>OTG_FS_EP1_OUT_IRQHandler</STRONG> (Thumb, 0 bytes, Stack size 0 bytes, startup_stm32h750xx.o(.text))
<BR>[Address Reference Count : 1]<UL><LI> startup_stm32h750xx.o(RESET)
</UL>
<P><STRONG><a name="[6a]"></a>OTG_FS_IRQHandler</STRONG> (Thumb, 0 bytes, Stack size 0 bytes, startup_stm32h750xx.o(.text))
<BR>[Address Reference Count : 1]<UL><LI> startup_stm32h750xx.o(RESET)
</UL>
<P><STRONG><a name="[69]"></a>OTG_FS_WKUP_IRQHandler</STRONG> (Thumb, 0 bytes, Stack size 0 bytes, startup_stm32h750xx.o(.text))
<BR>[Address Reference Count : 1]<UL><LI> startup_stm32h750xx.o(RESET)
</UL>
<P><STRONG><a name="[50]"></a>OTG_HS_EP1_IN_IRQHandler</STRONG> (Thumb, 0 bytes, Stack size 0 bytes, startup_stm32h750xx.o(.text))
<BR>[Address Reference Count : 1]<UL><LI> startup_stm32h750xx.o(RESET)
</UL>
<P><STRONG><a name="[4f]"></a>OTG_HS_EP1_OUT_IRQHandler</STRONG> (Thumb, 0 bytes, Stack size 0 bytes, startup_stm32h750xx.o(.text))
<BR>[Address Reference Count : 1]<UL><LI> startup_stm32h750xx.o(RESET)
</UL>
<P><STRONG><a name="[52]"></a>OTG_HS_IRQHandler</STRONG> (Thumb, 0 bytes, Stack size 0 bytes, startup_stm32h750xx.o(.text))
<BR>[Address Reference Count : 1]<UL><LI> startup_stm32h750xx.o(RESET)
</UL>
<P><STRONG><a name="[51]"></a>OTG_HS_WKUP_IRQHandler</STRONG> (Thumb, 0 bytes, Stack size 0 bytes, startup_stm32h750xx.o(.text))
<BR>[Address Reference Count : 1]<UL><LI> startup_stm32h750xx.o(RESET)
</UL>
<P><STRONG><a name="[b]"></a>PVD_AVD_IRQHandler</STRONG> (Thumb, 0 bytes, Stack size 0 bytes, startup_stm32h750xx.o(.text))
<BR>[Address Reference Count : 1]<UL><LI> startup_stm32h750xx.o(RESET)
</UL>
<P><STRONG><a name="[61]"></a>QUADSPI_IRQHandler</STRONG> (Thumb, 0 bytes, Stack size 0 bytes, startup_stm32h750xx.o(.text))
<BR>[Address Reference Count : 1]<UL><LI> startup_stm32h750xx.o(RESET)
</UL>
<P><STRONG><a name="[f]"></a>RCC_IRQHandler</STRONG> (Thumb, 0 bytes, Stack size 0 bytes, startup_stm32h750xx.o(.text))
<BR>[Address Reference Count : 1]<UL><LI> startup_stm32h750xx.o(RESET)
</UL>
<P><STRONG><a name="[33]"></a>RTC_Alarm_IRQHandler</STRONG> (Thumb, 0 bytes, Stack size 0 bytes, startup_stm32h750xx.o(.text))
<BR>[Address Reference Count : 1]<UL><LI> startup_stm32h750xx.o(RESET)
</UL>
<P><STRONG><a name="[d]"></a>RTC_WKUP_IRQHandler</STRONG> (Thumb, 0 bytes, Stack size 0 bytes, startup_stm32h750xx.o(.text))
<BR>[Address Reference Count : 1]<UL><LI> startup_stm32h750xx.o(RESET)
</UL>
<P><STRONG><a name="[5c]"></a>SAI1_IRQHandler</STRONG> (Thumb, 0 bytes, Stack size 0 bytes, startup_stm32h750xx.o(.text))
<BR>[Address Reference Count : 1]<UL><LI> startup_stm32h750xx.o(RESET)
</UL>
<P><STRONG><a name="[60]"></a>SAI2_IRQHandler</STRONG> (Thumb, 0 bytes, Stack size 0 bytes, startup_stm32h750xx.o(.text))
<BR>[Address Reference Count : 1]<UL><LI> startup_stm32h750xx.o(RESET)
</UL>
<P><STRONG><a name="[77]"></a>SAI3_IRQHandler</STRONG> (Thumb, 0 bytes, Stack size 0 bytes, startup_stm32h750xx.o(.text))
<BR>[Address Reference Count : 1]<UL><LI> startup_stm32h750xx.o(RESET)
</UL>
<P><STRONG><a name="[94]"></a>SAI4_IRQHandler</STRONG> (Thumb, 0 bytes, Stack size 0 bytes, startup_stm32h750xx.o(.text))
<BR>[Address Reference Count : 1]<UL><LI> startup_stm32h750xx.o(RESET)
</UL>
<P><STRONG><a name="[3a]"></a>SDMMC1_IRQHandler</STRONG> (Thumb, 0 bytes, Stack size 0 bytes, startup_stm32h750xx.o(.text))
<BR>[Address Reference Count : 1]<UL><LI> startup_stm32h750xx.o(RESET)
</UL>
<P><STRONG><a name="[80]"></a>SDMMC2_IRQHandler</STRONG> (Thumb, 0 bytes, Stack size 0 bytes, startup_stm32h750xx.o(.text))
<BR>[Address Reference Count : 1]<UL><LI> startup_stm32h750xx.o(RESET)
</UL>
<P><STRONG><a name="[66]"></a>SPDIF_RX_IRQHandler</STRONG> (Thumb, 0 bytes, Stack size 0 bytes, startup_stm32h750xx.o(.text))
<BR>[Address Reference Count : 1]<UL><LI> startup_stm32h750xx.o(RESET)
</UL>
<P><STRONG><a name="[2d]"></a>SPI1_IRQHandler</STRONG> (Thumb, 0 bytes, Stack size 0 bytes, startup_stm32h750xx.o(.text))
<BR>[Address Reference Count : 1]<UL><LI> startup_stm32h750xx.o(RESET)
</UL>
<P><STRONG><a name="[2e]"></a>SPI2_IRQHandler</STRONG> (Thumb, 0 bytes, Stack size 0 bytes, startup_stm32h750xx.o(.text))
<BR>[Address Reference Count : 1]<UL><LI> startup_stm32h750xx.o(RESET)
</UL>
<P><STRONG><a name="[3c]"></a>SPI3_IRQHandler</STRONG> (Thumb, 0 bytes, Stack size 0 bytes, startup_stm32h750xx.o(.text))
<BR>[Address Reference Count : 1]<UL><LI> startup_stm32h750xx.o(RESET)
</UL>
<P><STRONG><a name="[59]"></a>SPI4_IRQHandler</STRONG> (Thumb, 0 bytes, Stack size 0 bytes, startup_stm32h750xx.o(.text))
<BR>[Address Reference Count : 1]<UL><LI> startup_stm32h750xx.o(RESET)
</UL>
<P><STRONG><a name="[5a]"></a>SPI5_IRQHandler</STRONG> (Thumb, 0 bytes, Stack size 0 bytes, startup_stm32h750xx.o(.text))
<BR>[Address Reference Count : 1]<UL><LI> startup_stm32h750xx.o(RESET)
</UL>
<P><STRONG><a name="[5b]"></a>SPI6_IRQHandler</STRONG> (Thumb, 0 bytes, Stack size 0 bytes, startup_stm32h750xx.o(.text))
<BR>[Address Reference Count : 1]<UL><LI> startup_stm32h750xx.o(RESET)
</UL>
<P><STRONG><a name="[78]"></a>SWPMI1_IRQHandler</STRONG> (Thumb, 0 bytes, Stack size 0 bytes, startup_stm32h750xx.o(.text))
<BR>[Address Reference Count : 1]<UL><LI> startup_stm32h750xx.o(RESET)
</UL>
<P><STRONG><a name="[c]"></a>TAMP_STAMP_IRQHandler</STRONG> (Thumb, 0 bytes, Stack size 0 bytes, startup_stm32h750xx.o(.text))
<BR>[Address Reference Count : 1]<UL><LI> startup_stm32h750xx.o(RESET)
</UL>
<P><STRONG><a name="[79]"></a>TIM15_IRQHandler</STRONG> (Thumb, 0 bytes, Stack size 0 bytes, startup_stm32h750xx.o(.text))
<BR>[Address Reference Count : 1]<UL><LI> startup_stm32h750xx.o(RESET)
</UL>
<P><STRONG><a name="[7a]"></a>TIM16_IRQHandler</STRONG> (Thumb, 0 bytes, Stack size 0 bytes, startup_stm32h750xx.o(.text))
<BR>[Address Reference Count : 1]<UL><LI> startup_stm32h750xx.o(RESET)
</UL>
<P><STRONG><a name="[7b]"></a>TIM17_IRQHandler</STRONG> (Thumb, 0 bytes, Stack size 0 bytes, startup_stm32h750xx.o(.text))
<BR>[Address Reference Count : 1]<UL><LI> startup_stm32h750xx.o(RESET)
</UL>
<P><STRONG><a name="[22]"></a>TIM1_BRK_IRQHandler</STRONG> (Thumb, 0 bytes, Stack size 0 bytes, startup_stm32h750xx.o(.text))
<BR>[Address Reference Count : 1]<UL><LI> startup_stm32h750xx.o(RESET)
</UL>
<P><STRONG><a name="[25]"></a>TIM1_CC_IRQHandler</STRONG> (Thumb, 0 bytes, Stack size 0 bytes, startup_stm32h750xx.o(.text))
<BR>[Address Reference Count : 1]<UL><LI> startup_stm32h750xx.o(RESET)
</UL>
<P><STRONG><a name="[24]"></a>TIM1_TRG_COM_IRQHandler</STRONG> (Thumb, 0 bytes, Stack size 0 bytes, startup_stm32h750xx.o(.text))
<BR>[Address Reference Count : 1]<UL><LI> startup_stm32h750xx.o(RESET)
</UL>
<P><STRONG><a name="[23]"></a>TIM1_UP_IRQHandler</STRONG> (Thumb, 0 bytes, Stack size 0 bytes, startup_stm32h750xx.o(.text))
<BR>[Address Reference Count : 1]<UL><LI> startup_stm32h750xx.o(RESET)
</UL>
<P><STRONG><a name="[27]"></a>TIM3_IRQHandler</STRONG> (Thumb, 0 bytes, Stack size 0 bytes, startup_stm32h750xx.o(.text))
<BR>[Address Reference Count : 1]<UL><LI> startup_stm32h750xx.o(RESET)
</UL>
<P><STRONG><a name="[28]"></a>TIM4_IRQHandler</STRONG> (Thumb, 0 bytes, Stack size 0 bytes, startup_stm32h750xx.o(.text))
<BR>[Address Reference Count : 1]<UL><LI> startup_stm32h750xx.o(RESET)
</UL>
<P><STRONG><a name="[3b]"></a>TIM5_IRQHandler</STRONG> (Thumb, 0 bytes, Stack size 0 bytes, startup_stm32h750xx.o(.text))
<BR>[Address Reference Count : 1]<UL><LI> startup_stm32h750xx.o(RESET)
</UL>
<P><STRONG><a name="[3f]"></a>TIM6_DAC_IRQHandler</STRONG> (Thumb, 0 bytes, Stack size 0 bytes, startup_stm32h750xx.o(.text))
<BR>[Address Reference Count : 1]<UL><LI> startup_stm32h750xx.o(RESET)
</UL>
<P><STRONG><a name="[40]"></a>TIM7_IRQHandler</STRONG> (Thumb, 0 bytes, Stack size 0 bytes, startup_stm32h750xx.o(.text))
<BR>[Address Reference Count : 1]<UL><LI> startup_stm32h750xx.o(RESET)
</UL>
<P><STRONG><a name="[34]"></a>TIM8_BRK_TIM12_IRQHandler</STRONG> (Thumb, 0 bytes, Stack size 0 bytes, startup_stm32h750xx.o(.text))
<BR>[Address Reference Count : 1]<UL><LI> startup_stm32h750xx.o(RESET)
</UL>
<P><STRONG><a name="[37]"></a>TIM8_CC_IRQHandler</STRONG> (Thumb, 0 bytes, Stack size 0 bytes, startup_stm32h750xx.o(.text))
<BR>[Address Reference Count : 1]<UL><LI> startup_stm32h750xx.o(RESET)
</UL>
<P><STRONG><a name="[36]"></a>TIM8_TRG_COM_TIM14_IRQHandler</STRONG> (Thumb, 0 bytes, Stack size 0 bytes, startup_stm32h750xx.o(.text))
<BR>[Address Reference Count : 1]<UL><LI> startup_stm32h750xx.o(RESET)
</UL>
<P><STRONG><a name="[35]"></a>TIM8_UP_TIM13_IRQHandler</STRONG> (Thumb, 0 bytes, Stack size 0 bytes, startup_stm32h750xx.o(.text))
<BR>[Address Reference Count : 1]<UL><LI> startup_stm32h750xx.o(RESET)
</UL>
<P><STRONG><a name="[3d]"></a>UART4_IRQHandler</STRONG> (Thumb, 0 bytes, Stack size 0 bytes, startup_stm32h750xx.o(.text))
<BR>[Address Reference Count : 1]<UL><LI> startup_stm32h750xx.o(RESET)
</UL>
<P><STRONG><a name="[3e]"></a>UART5_IRQHandler</STRONG> (Thumb, 0 bytes, Stack size 0 bytes, startup_stm32h750xx.o(.text))
<BR>[Address Reference Count : 1]<UL><LI> startup_stm32h750xx.o(RESET)
</UL>
<P><STRONG><a name="[57]"></a>UART7_IRQHandler</STRONG> (Thumb, 0 bytes, Stack size 0 bytes, startup_stm32h750xx.o(.text))
<BR>[Address Reference Count : 1]<UL><LI> startup_stm32h750xx.o(RESET)
</UL>
<P><STRONG><a name="[58]"></a>UART8_IRQHandler</STRONG> (Thumb, 0 bytes, Stack size 0 bytes, startup_stm32h750xx.o(.text))
<BR>[Address Reference Count : 1]<UL><LI> startup_stm32h750xx.o(RESET)
</UL>
<P><STRONG><a name="[30]"></a>USART2_IRQHandler</STRONG> (Thumb, 0 bytes, Stack size 0 bytes, startup_stm32h750xx.o(.text))
<BR>[Address Reference Count : 1]<UL><LI> startup_stm32h750xx.o(RESET)
</UL>
<P><STRONG><a name="[31]"></a>USART3_IRQHandler</STRONG> (Thumb, 0 bytes, Stack size 0 bytes, startup_stm32h750xx.o(.text))
<BR>[Address Reference Count : 1]<UL><LI> startup_stm32h750xx.o(RESET)
</UL>
<P><STRONG><a name="[4c]"></a>USART6_IRQHandler</STRONG> (Thumb, 0 bytes, Stack size 0 bytes, startup_stm32h750xx.o(.text))
<BR>[Address Reference Count : 1]<UL><LI> startup_stm32h750xx.o(RESET)
</UL>
<P><STRONG><a name="[95]"></a>WAKEUP_PIN_IRQHandler</STRONG> (Thumb, 0 bytes, Stack size 0 bytes, startup_stm32h750xx.o(.text))
<BR>[Address Reference Count : 1]<UL><LI> startup_stm32h750xx.o(RESET)
</UL>
<P><STRONG><a name="[a]"></a>WWDG_IRQHandler</STRONG> (Thumb, 0 bytes, Stack size 0 bytes, startup_stm32h750xx.o(.text))
<BR>[Address Reference Count : 1]<UL><LI> startup_stm32h750xx.o(RESET)
</UL>
<P><STRONG><a name="[b6]"></a>__aeabi_uldivmod</STRONG> (Thumb, 98 bytes, Stack size 40 bytes, uldiv.o(.text))
<BR><BR>[Stack]<UL><LI>Max Depth = 40<LI>Call Chain = __aeabi_uldivmod
</UL>
<BR>[Calls]<UL><LI><a href="#[b7]">&gt;&gt;</a>&nbsp;&nbsp;&nbsp;__aeabi_llsr
<LI><a href="#[b8]">&gt;&gt;</a>&nbsp;&nbsp;&nbsp;__aeabi_llsl
</UL>
<BR>[Called By]<UL><LI><a href="#[148]">&gt;&gt;</a>&nbsp;&nbsp;&nbsp;UART_SetConfig
</UL>

<P><STRONG><a name="[17f]"></a>__aeabi_memcpy</STRONG> (Thumb, 36 bytes, Stack size 0 bytes, memcpya.o(.text))
<BR><BR>[Called By]<UL><LI><a href="#[cc]">&gt;&gt;</a>&nbsp;&nbsp;&nbsp;detect_init
</UL>

<P><STRONG><a name="[e2]"></a>__aeabi_memcpy4</STRONG> (Thumb, 0 bytes, Stack size 0 bytes, memcpya.o(.text))
<BR><BR>[Called By]<UL><LI><a href="#[103]">&gt;&gt;</a>&nbsp;&nbsp;&nbsp;HAL_FDCAN_Init
<LI><a href="#[e1]">&gt;&gt;</a>&nbsp;&nbsp;&nbsp;Gimbal_Motor_Init
</UL>

<P><STRONG><a name="[1a9]"></a>__aeabi_memcpy8</STRONG> (Thumb, 0 bytes, Stack size 0 bytes, memcpya.o(.text), UNUSED)

<P><STRONG><a name="[ba]"></a>__aeabi_memset</STRONG> (Thumb, 14 bytes, Stack size 0 bytes, memseta.o(.text))
<BR><BR>[Called By]<UL><LI><a href="#[bb]">&gt;&gt;</a>&nbsp;&nbsp;&nbsp;_memset$wrapper
<LI><a href="#[b9]">&gt;&gt;</a>&nbsp;&nbsp;&nbsp;__aeabi_memclr
</UL>

<P><STRONG><a name="[1aa]"></a>__aeabi_memset4</STRONG> (Thumb, 0 bytes, Stack size 0 bytes, memseta.o(.text), UNUSED)

<P><STRONG><a name="[1ab]"></a>__aeabi_memset8</STRONG> (Thumb, 0 bytes, Stack size 0 bytes, memseta.o(.text), UNUSED)

<P><STRONG><a name="[b9]"></a>__aeabi_memclr</STRONG> (Thumb, 4 bytes, Stack size 0 bytes, memseta.o(.text))
<BR><BR>[Calls]<UL><LI><a href="#[ba]">&gt;&gt;</a>&nbsp;&nbsp;&nbsp;__aeabi_memset
</UL>
<BR>[Called By]<UL><LI><a href="#[da]">&gt;&gt;</a>&nbsp;&nbsp;&nbsp;Encoder_Struct_Zero
</UL>

<P><STRONG><a name="[157]"></a>__aeabi_memclr4</STRONG> (Thumb, 0 bytes, Stack size 0 bytes, memseta.o(.text))
<BR><BR>[Called By]<UL><LI><a href="#[15b]">&gt;&gt;</a>&nbsp;&nbsp;&nbsp;MX_TIM8_Init
<LI><a href="#[156]">&gt;&gt;</a>&nbsp;&nbsp;&nbsp;MX_TIM1_Init
<LI><a href="#[177]">&gt;&gt;</a>&nbsp;&nbsp;&nbsp;SystemClock_Config
<LI><a href="#[e3]">&gt;&gt;</a>&nbsp;&nbsp;&nbsp;PidInit
</UL>

<P><STRONG><a name="[106]"></a>__aeabi_memclr8</STRONG> (Thumb, 0 bytes, Stack size 0 bytes, memseta.o(.text))
<BR><BR>[Called By]<UL><LI><a href="#[147]">&gt;&gt;</a>&nbsp;&nbsp;&nbsp;HAL_UART_MspInit
<LI><a href="#[104]">&gt;&gt;</a>&nbsp;&nbsp;&nbsp;HAL_FDCAN_MspInit
</UL>

<P><STRONG><a name="[bb]"></a>_memset$wrapper</STRONG> (Thumb, 18 bytes, Stack size 8 bytes, memseta.o(.text), UNUSED)
<BR><BR>[Calls]<UL><LI><a href="#[ba]">&gt;&gt;</a>&nbsp;&nbsp;&nbsp;__aeabi_memset
</UL>

<P><STRONG><a name="[b8]"></a>__aeabi_llsl</STRONG> (Thumb, 30 bytes, Stack size 0 bytes, llshl.o(.text))
<BR><BR>[Called By]<UL><LI><a href="#[b6]">&gt;&gt;</a>&nbsp;&nbsp;&nbsp;__aeabi_uldivmod
</UL>

<P><STRONG><a name="[1ac]"></a>_ll_shift_l</STRONG> (Thumb, 0 bytes, Stack size 0 bytes, llshl.o(.text), UNUSED)

<P><STRONG><a name="[b7]"></a>__aeabi_llsr</STRONG> (Thumb, 32 bytes, Stack size 0 bytes, llushr.o(.text))
<BR><BR>[Called By]<UL><LI><a href="#[b6]">&gt;&gt;</a>&nbsp;&nbsp;&nbsp;__aeabi_uldivmod
</UL>

<P><STRONG><a name="[1ad]"></a>_ll_ushift_r</STRONG> (Thumb, 0 bytes, Stack size 0 bytes, llushr.o(.text), UNUSED)

<P><STRONG><a name="[1ae]"></a>__I$use$fp</STRONG> (Thumb, 0 bytes, Stack size 0 bytes, iusefp.o(.text), UNUSED)

<P><STRONG><a name="[b5]"></a>__scatterload</STRONG> (Thumb, 28 bytes, Stack size 0 bytes, init.o(.text))
<BR><BR>[Calls]<UL><LI><a href="#[bc]">&gt;&gt;</a>&nbsp;&nbsp;&nbsp;__main_after_scatterload
</UL>
<BR>[Called By]<UL><LI><a href="#[b4]">&gt;&gt;</a>&nbsp;&nbsp;&nbsp;_main_scatterload
</UL>

<P><STRONG><a name="[1af]"></a>__scatterload_rt2</STRONG> (Thumb, 0 bytes, Stack size 0 bytes, init.o(.text), UNUSED)

<P><STRONG><a name="[bd]"></a>Arms_Drive</STRONG> (Thumb, 824 bytes, Stack size 72 bytes, gimbalmotor.o(.text.Arms_Drive))
<BR><BR>[Stack]<UL><LI>Max Depth = 192<LI>Call Chain = Arms_Drive &rArr; CAN1_C620_OR_C610_201_TO_204_SendMsg &rArr; ECF_CAN_Send_Msg_FIFO &rArr; HAL_FDCAN_AddMessageToTxFifoQ &rArr; FDCAN_CopyMessageToRAM
</UL>
<BR>[Calls]<UL><LI><a href="#[c2]">&gt;&gt;</a>&nbsp;&nbsp;&nbsp;motor_position_speed_control
<LI><a href="#[c1]">&gt;&gt;</a>&nbsp;&nbsp;&nbsp;PidCalculate
<LI><a href="#[bf]">&gt;&gt;</a>&nbsp;&nbsp;&nbsp;arm_power_f32
<LI><a href="#[c3]">&gt;&gt;</a>&nbsp;&nbsp;&nbsp;CAN1_C620_OR_C610_201_TO_204_SendMsg
<LI><a href="#[c0]">&gt;&gt;</a>&nbsp;&nbsp;&nbsp;__hardfp_acosf
</UL>
<BR>[Called By]<UL><LI><a href="#[99]">&gt;&gt;</a>&nbsp;&nbsp;&nbsp;Arm_bhv
<LI><a href="#[a8]">&gt;&gt;</a>&nbsp;&nbsp;&nbsp;Lift_bhv
<LI><a href="#[a4]">&gt;&gt;</a>&nbsp;&nbsp;&nbsp;KeyBoard_bhv
</UL>

<P><STRONG><a name="[c9]"></a>Block_Detect</STRONG> (Thumb, 140 bytes, Stack size 8 bytes, bsp_motor_encoder.o(.text.Block_Detect))
<BR><BR>[Stack]<UL><LI>Max Depth = 8<LI>Call Chain = Block_Detect
</UL>
<BR>[Called By]<UL><LI><a href="#[c7]">&gt;&gt;</a>&nbsp;&nbsp;&nbsp;CAN_DATA_Encoder_Deal
</UL>

<P><STRONG><a name="[af]"></a>BoardCommuni_Task</STRONG> (Thumb, 20 bytes, Stack size 16 bytes, boardcommuni_task.o(.text.BoardCommuni_Task))
<BR><BR>[Stack]<UL><LI>Max Depth = 136<LI>Call Chain = BoardCommuni_Task &rArr; CAN_A2B_RC_Send &rArr; ECF_CAN_Send_Msg_FIFO &rArr; HAL_FDCAN_AddMessageToTxFifoQ &rArr; FDCAN_CopyMessageToRAM
</UL>
<BR>[Calls]<UL><LI><a href="#[c4]">&gt;&gt;</a>&nbsp;&nbsp;&nbsp;CAN_A2B_RC_Send
<LI><a href="#[c5]">&gt;&gt;</a>&nbsp;&nbsp;&nbsp;vTaskDelay
</UL>
<BR>[Address Reference Count : 1]<UL><LI> freertos.o(.rodata..L__const.MX_FREERTOS_Init.os_thread_def_Task_BoardCommu)
</UL>
<P><STRONG><a name="[4]"></a>BusFault_Handler</STRONG> (Thumb, 4 bytes, Stack size 0 bytes, stm32h7xx_it.o(.text.BusFault_Handler))
<BR>[Address Reference Count : 1]<UL><LI> startup_stm32h750xx.o(RESET)
</UL>
<P><STRONG><a name="[c3]"></a>CAN1_C620_OR_C610_201_TO_204_SendMsg</STRONG> (Thumb, 108 bytes, Stack size 24 bytes, bsp_can.o(.text.CAN1_C620_OR_C610_201_TO_204_SendMsg))
<BR><BR>[Stack]<UL><LI>Max Depth = 120<LI>Call Chain = CAN1_C620_OR_C610_201_TO_204_SendMsg &rArr; ECF_CAN_Send_Msg_FIFO &rArr; HAL_FDCAN_AddMessageToTxFifoQ &rArr; FDCAN_CopyMessageToRAM
</UL>
<BR>[Calls]<UL><LI><a href="#[c6]">&gt;&gt;</a>&nbsp;&nbsp;&nbsp;ECF_CAN_Send_Msg_FIFO
</UL>
<BR>[Called By]<UL><LI><a href="#[bd]">&gt;&gt;</a>&nbsp;&nbsp;&nbsp;Arms_Drive
</UL>

<P><STRONG><a name="[c4]"></a>CAN_A2B_RC_Send</STRONG> (Thumb, 220 bytes, Stack size 24 bytes, boardcommuni.o(.text.CAN_A2B_RC_Send))
<BR><BR>[Stack]<UL><LI>Max Depth = 120<LI>Call Chain = CAN_A2B_RC_Send &rArr; ECF_CAN_Send_Msg_FIFO &rArr; HAL_FDCAN_AddMessageToTxFifoQ &rArr; FDCAN_CopyMessageToRAM
</UL>
<BR>[Calls]<UL><LI><a href="#[c5]">&gt;&gt;</a>&nbsp;&nbsp;&nbsp;vTaskDelay
<LI><a href="#[c6]">&gt;&gt;</a>&nbsp;&nbsp;&nbsp;ECF_CAN_Send_Msg_FIFO
</UL>
<BR>[Called By]<UL><LI><a href="#[af]">&gt;&gt;</a>&nbsp;&nbsp;&nbsp;BoardCommuni_Task
<LI><a href="#[b2]">&gt;&gt;</a>&nbsp;&nbsp;&nbsp;Remote_Task
</UL>

<P><STRONG><a name="[c7]"></a>CAN_DATA_Encoder_Deal</STRONG> (Thumb, 238 bytes, Stack size 24 bytes, bsp_motor_encoder.o(.text.CAN_DATA_Encoder_Deal))
<BR><BR>[Stack]<UL><LI>Max Depth = 32<LI>Call Chain = CAN_DATA_Encoder_Deal &rArr; Block_Detect
</UL>
<BR>[Calls]<UL><LI><a href="#[c9]">&gt;&gt;</a>&nbsp;&nbsp;&nbsp;Block_Detect
<LI><a href="#[c8]">&gt;&gt;</a>&nbsp;&nbsp;&nbsp;angle_limiting_int32
</UL>
<BR>[Called By]<UL><LI><a href="#[a6]">&gt;&gt;</a>&nbsp;&nbsp;&nbsp;MotorDataDeal
</UL>

<P><STRONG><a name="[15]"></a>DMA1_Stream0_IRQHandler</STRONG> (Thumb, 16 bytes, Stack size 8 bytes, stm32h7xx_it.o(.text.DMA1_Stream0_IRQHandler))
<BR><BR>[Stack]<UL><LI>Max Depth = 80<LI>Call Chain = DMA1_Stream0_IRQHandler &rArr; HAL_DMA_IRQHandler
</UL>
<BR>[Calls]<UL><LI><a href="#[ca]">&gt;&gt;</a>&nbsp;&nbsp;&nbsp;HAL_DMA_IRQHandler
</UL>
<BR>[Address Reference Count : 1]<UL><LI> startup_stm32h750xx.o(RESET)
</UL>
<P><STRONG><a name="[7]"></a>DebugMon_Handler</STRONG> (Thumb, 2 bytes, Stack size 0 bytes, stm32h7xx_it.o(.text.DebugMon_Handler))
<BR>[Address Reference Count : 1]<UL><LI> startup_stm32h750xx.o(RESET)
</UL>
<P><STRONG><a name="[b0]"></a>Detect_Task</STRONG> (Thumb, 740 bytes, Stack size 16 bytes, detect_task.o(.text.Detect_Task))
<BR><BR>[Stack]<UL><LI>Max Depth = 108<LI>Call Chain = Detect_Task &rArr; vTaskDelay &rArr; xTaskResumeAll &rArr; xTaskIncrementTick &rArr; vListInsertEnd
</UL>
<BR>[Calls]<UL><LI><a href="#[cc]">&gt;&gt;</a>&nbsp;&nbsp;&nbsp;detect_init
<LI><a href="#[cb]">&gt;&gt;</a>&nbsp;&nbsp;&nbsp;xTaskGetTickCount
<LI><a href="#[c5]">&gt;&gt;</a>&nbsp;&nbsp;&nbsp;vTaskDelay
</UL>
<BR>[Address Reference Count : 1]<UL><LI> freertos.o(.rodata..L__const.MX_FREERTOS_Init.os_thread_def_Task_Detect)
</UL>
<P><STRONG><a name="[cd]"></a>ECF_CAN_Init</STRONG> (Thumb, 142 bytes, Stack size 64 bytes, bsp_can.o(.text.ECF_CAN_Init))
<BR><BR>[Stack]<UL><LI>Max Depth = 92<LI>Call Chain = ECF_CAN_Init &rArr; HAL_FDCAN_ConfigFilter
</UL>
<BR>[Calls]<UL><LI><a href="#[d0]">&gt;&gt;</a>&nbsp;&nbsp;&nbsp;HAL_FDCAN_ActivateNotification
<LI><a href="#[d2]">&gt;&gt;</a>&nbsp;&nbsp;&nbsp;HAL_FDCAN_Start
<LI><a href="#[d1]">&gt;&gt;</a>&nbsp;&nbsp;&nbsp;HAL_FDCAN_ConfigRxFifoOverwrite
<LI><a href="#[cf]">&gt;&gt;</a>&nbsp;&nbsp;&nbsp;HAL_FDCAN_ConfigGlobalFilter
<LI><a href="#[ce]">&gt;&gt;</a>&nbsp;&nbsp;&nbsp;HAL_FDCAN_ConfigFilter
</UL>
<BR>[Called By]<UL><LI><a href="#[176]">&gt;&gt;</a>&nbsp;&nbsp;&nbsp;Sys_Init
</UL>

<P><STRONG><a name="[e5]"></a>ECF_CAN_Rx_Callback_Register</STRONG> (Thumb, 18 bytes, Stack size 12 bytes, bsp_can.o(.text.ECF_CAN_Rx_Callback_Register))
<BR><BR>[Stack]<UL><LI>Max Depth = 12<LI>Call Chain = ECF_CAN_Rx_Callback_Register
</UL>
<BR>[Called By]<UL><LI><a href="#[e1]">&gt;&gt;</a>&nbsp;&nbsp;&nbsp;Gimbal_Motor_Init
</UL>

<P><STRONG><a name="[c6]"></a>ECF_CAN_Send_Msg_FIFO</STRONG> (Thumb, 66 bytes, Stack size 32 bytes, bsp_can.o(.text.ECF_CAN_Send_Msg_FIFO))
<BR><BR>[Stack]<UL><LI>Max Depth = 96<LI>Call Chain = ECF_CAN_Send_Msg_FIFO &rArr; HAL_FDCAN_AddMessageToTxFifoQ &rArr; FDCAN_CopyMessageToRAM
</UL>
<BR>[Calls]<UL><LI><a href="#[d3]">&gt;&gt;</a>&nbsp;&nbsp;&nbsp;HAL_FDCAN_AddMessageToTxFifoQ
</UL>
<BR>[Called By]<UL><LI><a href="#[c4]">&gt;&gt;</a>&nbsp;&nbsp;&nbsp;CAN_A2B_RC_Send
<LI><a href="#[c3]">&gt;&gt;</a>&nbsp;&nbsp;&nbsp;CAN1_C620_OR_C610_201_TO_204_SendMsg
</UL>

<P><STRONG><a name="[d4]"></a>ECF_PWM_50HZ_Output_Init</STRONG> (Thumb, 158 bytes, Stack size 40 bytes, bsp_pwm.o(.text.ECF_PWM_50HZ_Output_Init))
<BR><BR>[Stack]<UL><LI>Max Depth = 128<LI>Call Chain = ECF_PWM_50HZ_Output_Init &rArr; HAL_TIM_PWM_Start &rArr; TIM_CCxChannelCmd
</UL>
<BR>[Calls]<UL><LI><a href="#[d6]">&gt;&gt;</a>&nbsp;&nbsp;&nbsp;HAL_TIM_PWM_Start
<LI><a href="#[d5]">&gt;&gt;</a>&nbsp;&nbsp;&nbsp;HAL_TIM_Base_Start
</UL>
<BR>[Called By]<UL><LI><a href="#[e1]">&gt;&gt;</a>&nbsp;&nbsp;&nbsp;Gimbal_Motor_Init
</UL>

<P><STRONG><a name="[d7]"></a>ECF_RC_Init</STRONG> (Thumb, 8 bytes, Stack size 8 bytes, bsp_dr16.o(.text.ECF_RC_Init))
<BR><BR>[Stack]<UL><LI>Max Depth = 164<LI>Call Chain = ECF_RC_Init &rArr; RC_Init &rArr; HAL_UART_Receive_DMA &rArr; UART_Start_Receive_DMA &rArr; HAL_DMA_Start_IT &rArr; DMA_SetConfig
</UL>
<BR>[Calls]<UL><LI><a href="#[d8]">&gt;&gt;</a>&nbsp;&nbsp;&nbsp;RC_Init
</UL>
<BR>[Called By]<UL><LI><a href="#[176]">&gt;&gt;</a>&nbsp;&nbsp;&nbsp;Sys_Init
<LI><a href="#[16f]">&gt;&gt;</a>&nbsp;&nbsp;&nbsp;Remote_Data_Init
</UL>

<P><STRONG><a name="[d9]"></a>Encoder_Init</STRONG> (Thumb, 196 bytes, Stack size 24 bytes, bsp_motor_encoder.o(.text.Encoder_Init))
<BR><BR>[Stack]<UL><LI>Max Depth = 40<LI>Call Chain = Encoder_Init &rArr; Encoder_Struct_Zero
</UL>
<BR>[Calls]<UL><LI><a href="#[da]">&gt;&gt;</a>&nbsp;&nbsp;&nbsp;Encoder_Struct_Zero
</UL>
<BR>[Called By]<UL><LI><a href="#[e1]">&gt;&gt;</a>&nbsp;&nbsp;&nbsp;Gimbal_Motor_Init
</UL>

<P><STRONG><a name="[da]"></a>Encoder_Struct_Zero</STRONG> (Thumb, 18 bytes, Stack size 16 bytes, bsp_motor_encoder.o(.text.Encoder_Struct_Zero))
<BR><BR>[Stack]<UL><LI>Max Depth = 16<LI>Call Chain = Encoder_Struct_Zero
</UL>
<BR>[Calls]<UL><LI><a href="#[b9]">&gt;&gt;</a>&nbsp;&nbsp;&nbsp;__aeabi_memclr
</UL>
<BR>[Called By]<UL><LI><a href="#[d9]">&gt;&gt;</a>&nbsp;&nbsp;&nbsp;Encoder_Init
</UL>

<P><STRONG><a name="[108]"></a>Error_Handler</STRONG> (Thumb, 14 bytes, Stack size 4 bytes, main.o(.text.Error_Handler))
<BR><BR>[Stack]<UL><LI>Max Depth = 4<LI>Call Chain = Error_Handler
</UL>
<BR>[Called By]<UL><LI><a href="#[147]">&gt;&gt;</a>&nbsp;&nbsp;&nbsp;HAL_UART_MspInit
<LI><a href="#[104]">&gt;&gt;</a>&nbsp;&nbsp;&nbsp;HAL_FDCAN_MspInit
<LI><a href="#[151]">&gt;&gt;</a>&nbsp;&nbsp;&nbsp;MX_FDCAN2_Init
<LI><a href="#[15a]">&gt;&gt;</a>&nbsp;&nbsp;&nbsp;MX_TIM3_Init
<LI><a href="#[15b]">&gt;&gt;</a>&nbsp;&nbsp;&nbsp;MX_TIM8_Init
<LI><a href="#[156]">&gt;&gt;</a>&nbsp;&nbsp;&nbsp;MX_TIM1_Init
<LI><a href="#[150]">&gt;&gt;</a>&nbsp;&nbsp;&nbsp;MX_FDCAN1_Init
<LI><a href="#[15c]">&gt;&gt;</a>&nbsp;&nbsp;&nbsp;MX_USART1_UART_Init
<LI><a href="#[177]">&gt;&gt;</a>&nbsp;&nbsp;&nbsp;SystemClock_Config
</UL>

<P><STRONG><a name="[1d]"></a>FDCAN1_IT0_IRQHandler</STRONG> (Thumb, 16 bytes, Stack size 8 bytes, stm32h7xx_it.o(.text.FDCAN1_IT0_IRQHandler))
<BR><BR>[Stack]<UL><LI>Max Depth = 112<LI>Call Chain = FDCAN1_IT0_IRQHandler &rArr; HAL_FDCAN_IRQHandler &rArr; HAL_FDCAN_RxFifo0Callback
</UL>
<BR>[Calls]<UL><LI><a href="#[db]">&gt;&gt;</a>&nbsp;&nbsp;&nbsp;HAL_FDCAN_IRQHandler
</UL>
<BR>[Address Reference Count : 1]<UL><LI> startup_stm32h750xx.o(RESET)
</UL>
<P><STRONG><a name="[e6]"></a>FSM_Deal</STRONG> (Thumb, 142 bytes, Stack size 16 bytes, fsm.o(.text.FSM_Deal))
<BR><BR>[Stack]<UL><LI>Max Depth = 16<LI>Call Chain = FSM_Deal
</UL>
<BR>[Called By]<UL><LI><a href="#[b1]">&gt;&gt;</a>&nbsp;&nbsp;&nbsp;Gimbal_Task
</UL>

<P><STRONG><a name="[e0]"></a>Gimbal_Fsm_Init</STRONG> (Thumb, 344 bytes, Stack size 8 bytes, gimbal_fsm.o(.text.Gimbal_Fsm_Init))
<BR><BR>[Stack]<UL><LI>Max Depth = 8<LI>Call Chain = Gimbal_Fsm_Init
</UL>
<BR>[Called By]<UL><LI><a href="#[dc]">&gt;&gt;</a>&nbsp;&nbsp;&nbsp;Gimbal_Init
</UL>

<P><STRONG><a name="[e1]"></a>Gimbal_Motor_Init</STRONG> (Thumb, 872 bytes, Stack size 320 bytes, gimbalmotor.o(.text.Gimbal_Motor_Init))
<BR><BR>[Stack]<UL><LI>Max Depth = 448<LI>Call Chain = Gimbal_Motor_Init &rArr; ECF_PWM_50HZ_Output_Init &rArr; HAL_TIM_PWM_Start &rArr; TIM_CCxChannelCmd
</UL>
<BR>[Calls]<UL><LI><a href="#[e4]">&gt;&gt;</a>&nbsp;&nbsp;&nbsp;PidInitMode
<LI><a href="#[e3]">&gt;&gt;</a>&nbsp;&nbsp;&nbsp;PidInit
<LI><a href="#[d4]">&gt;&gt;</a>&nbsp;&nbsp;&nbsp;ECF_PWM_50HZ_Output_Init
<LI><a href="#[d9]">&gt;&gt;</a>&nbsp;&nbsp;&nbsp;Encoder_Init
<LI><a href="#[e5]">&gt;&gt;</a>&nbsp;&nbsp;&nbsp;ECF_CAN_Rx_Callback_Register
<LI><a href="#[e2]">&gt;&gt;</a>&nbsp;&nbsp;&nbsp;__aeabi_memcpy4
</UL>
<BR>[Called By]<UL><LI><a href="#[dc]">&gt;&gt;</a>&nbsp;&nbsp;&nbsp;Gimbal_Init
</UL>

<P><STRONG><a name="[a5]"></a>Gimbal_PowerOff_Drive</STRONG> (Thumb, 8 bytes, Stack size 4 bytes, gimbalmotor.o(.text.Gimbal_PowerOff_Drive))
<BR><BR>[Stack]<UL><LI>Max Depth = 4<LI>Call Chain = Gimbal_PowerOff_Drive
</UL>
<BR>[Address Reference Count : 1]<UL><LI> gimbal_task.o(.text.Gimbal_Init)
</UL>
<P><STRONG><a name="[b1]"></a>Gimbal_Task</STRONG> (Thumb, 48 bytes, Stack size 16 bytes, gimbal_task.o(.text.Gimbal_Task))
<BR><BR>[Stack]<UL><LI>Max Depth = 480<LI>Call Chain = Gimbal_Task &rArr; Gimbal_Init &rArr; Gimbal_Motor_Init &rArr; ECF_PWM_50HZ_Output_Init &rArr; HAL_TIM_PWM_Start &rArr; TIM_CCxChannelCmd
</UL>
<BR>[Calls]<UL><LI><a href="#[dc]">&gt;&gt;</a>&nbsp;&nbsp;&nbsp;Gimbal_Init
<LI><a href="#[e6]">&gt;&gt;</a>&nbsp;&nbsp;&nbsp;FSM_Deal
<LI><a href="#[c5]">&gt;&gt;</a>&nbsp;&nbsp;&nbsp;vTaskDelay
</UL>
<BR>[Address Reference Count : 1]<UL><LI> freertos.o(.rodata..L__const.MX_FREERTOS_Init.os_thread_def_Task_Gimbal)
</UL>
<P><STRONG><a name="[e7]"></a>HAL_DMA_Abort</STRONG> (Thumb, 2424 bytes, Stack size 48 bytes, stm32h7xx_hal_dma.o(.text.HAL_DMA_Abort))
<BR><BR>[Stack]<UL><LI>Max Depth = 48<LI>Call Chain = HAL_DMA_Abort
</UL>
<BR>[Calls]<UL><LI><a href="#[e8]">&gt;&gt;</a>&nbsp;&nbsp;&nbsp;HAL_GetTick
</UL>
<BR>[Called By]<UL><LI><a href="#[13d]">&gt;&gt;</a>&nbsp;&nbsp;&nbsp;HAL_UART_IRQHandler
</UL>

<P><STRONG><a name="[13f]"></a>HAL_DMA_Abort_IT</STRONG> (Thumb, 1706 bytes, Stack size 32 bytes, stm32h7xx_hal_dma.o(.text.HAL_DMA_Abort_IT))
<BR><BR>[Stack]<UL><LI>Max Depth = 32<LI>Call Chain = HAL_DMA_Abort_IT
</UL>
<BR>[Called By]<UL><LI><a href="#[13d]">&gt;&gt;</a>&nbsp;&nbsp;&nbsp;HAL_UART_IRQHandler
</UL>

<P><STRONG><a name="[ca]"></a>HAL_DMA_IRQHandler</STRONG> (Thumb, 4544 bytes, Stack size 72 bytes, stm32h7xx_hal_dma.o(.text.HAL_DMA_IRQHandler))
<BR><BR>[Stack]<UL><LI>Max Depth = 72<LI>Call Chain = HAL_DMA_IRQHandler
</UL>
<BR>[Called By]<UL><LI><a href="#[15]">&gt;&gt;</a>&nbsp;&nbsp;&nbsp;DMA1_Stream0_IRQHandler
</UL>

<P><STRONG><a name="[e9]"></a>HAL_DMA_Init</STRONG> (Thumb, 2402 bytes, Stack size 64 bytes, stm32h7xx_hal_dma.o(.text.HAL_DMA_Init))
<BR><BR>[Stack]<UL><LI>Max Depth = 84<LI>Call Chain = HAL_DMA_Init &rArr; DMA_CheckFifoParam
</UL>
<BR>[Calls]<UL><LI><a href="#[ed]">&gt;&gt;</a>&nbsp;&nbsp;&nbsp;DMA_CalcDMAMUXRequestGenBaseAndMask
<LI><a href="#[ec]">&gt;&gt;</a>&nbsp;&nbsp;&nbsp;DMA_CalcDMAMUXChannelBaseAndMask
<LI><a href="#[eb]">&gt;&gt;</a>&nbsp;&nbsp;&nbsp;DMA_CalcBaseAndBitshift
<LI><a href="#[ea]">&gt;&gt;</a>&nbsp;&nbsp;&nbsp;DMA_CheckFifoParam
<LI><a href="#[e8]">&gt;&gt;</a>&nbsp;&nbsp;&nbsp;HAL_GetTick
</UL>
<BR>[Called By]<UL><LI><a href="#[147]">&gt;&gt;</a>&nbsp;&nbsp;&nbsp;HAL_UART_MspInit
</UL>

<P><STRONG><a name="[ee]"></a>HAL_DMA_Start_IT</STRONG> (Thumb, 1794 bytes, Stack size 40 bytes, stm32h7xx_hal_dma.o(.text.HAL_DMA_Start_IT))
<BR><BR>[Stack]<UL><LI>Max Depth = 76<LI>Call Chain = HAL_DMA_Start_IT &rArr; DMA_SetConfig
</UL>
<BR>[Calls]<UL><LI><a href="#[ef]">&gt;&gt;</a>&nbsp;&nbsp;&nbsp;DMA_SetConfig
</UL>
<BR>[Called By]<UL><LI><a href="#[14c]">&gt;&gt;</a>&nbsp;&nbsp;&nbsp;UART_Start_Receive_DMA
</UL>

<P><STRONG><a name="[f0]"></a>HAL_Delay</STRONG> (Thumb, 66 bytes, Stack size 24 bytes, stm32h7xx_hal.o(.text.HAL_Delay))
<BR><BR>[Stack]<UL><LI>Max Depth = 24<LI>Call Chain = HAL_Delay
</UL>
<BR>[Calls]<UL><LI><a href="#[e8]">&gt;&gt;</a>&nbsp;&nbsp;&nbsp;HAL_GetTick
</UL>
<BR>[Called By]<UL><LI><a href="#[96]">&gt;&gt;</a>&nbsp;&nbsp;&nbsp;main
</UL>

<P><STRONG><a name="[d0]"></a>HAL_FDCAN_ActivateNotification</STRONG> (Thumb, 254 bytes, Stack size 20 bytes, stm32h7xx_hal_fdcan.o(.text.HAL_FDCAN_ActivateNotification))
<BR><BR>[Stack]<UL><LI>Max Depth = 20<LI>Call Chain = HAL_FDCAN_ActivateNotification
</UL>
<BR>[Called By]<UL><LI><a href="#[a6]">&gt;&gt;</a>&nbsp;&nbsp;&nbsp;MotorDataDeal
<LI><a href="#[cd]">&gt;&gt;</a>&nbsp;&nbsp;&nbsp;ECF_CAN_Init
</UL>

<P><STRONG><a name="[d3]"></a>HAL_FDCAN_AddMessageToTxFifoQ</STRONG> (Thumb, 202 bytes, Stack size 32 bytes, stm32h7xx_hal_fdcan.o(.text.HAL_FDCAN_AddMessageToTxFifoQ))
<BR><BR>[Stack]<UL><LI>Max Depth = 64<LI>Call Chain = HAL_FDCAN_AddMessageToTxFifoQ &rArr; FDCAN_CopyMessageToRAM
</UL>
<BR>[Calls]<UL><LI><a href="#[f1]">&gt;&gt;</a>&nbsp;&nbsp;&nbsp;FDCAN_CopyMessageToRAM
</UL>
<BR>[Called By]<UL><LI><a href="#[c6]">&gt;&gt;</a>&nbsp;&nbsp;&nbsp;ECF_CAN_Send_Msg_FIFO
</UL>

<P><STRONG><a name="[f4]"></a>HAL_FDCAN_ClockCalibrationCallback</STRONG> (Thumb, 10 bytes, Stack size 8 bytes, stm32h7xx_hal_fdcan.o(.text.HAL_FDCAN_ClockCalibrationCallback))
<BR><BR>[Stack]<UL><LI>Max Depth = 8<LI>Call Chain = HAL_FDCAN_ClockCalibrationCallback
</UL>
<BR>[Called By]<UL><LI><a href="#[db]">&gt;&gt;</a>&nbsp;&nbsp;&nbsp;HAL_FDCAN_IRQHandler
</UL>

<P><STRONG><a name="[ce]"></a>HAL_FDCAN_ConfigFilter</STRONG> (Thumb, 278 bytes, Stack size 28 bytes, stm32h7xx_hal_fdcan.o(.text.HAL_FDCAN_ConfigFilter))
<BR><BR>[Stack]<UL><LI>Max Depth = 28<LI>Call Chain = HAL_FDCAN_ConfigFilter
</UL>
<BR>[Called By]<UL><LI><a href="#[cd]">&gt;&gt;</a>&nbsp;&nbsp;&nbsp;ECF_CAN_Init
</UL>

<P><STRONG><a name="[cf]"></a>HAL_FDCAN_ConfigGlobalFilter</STRONG> (Thumb, 92 bytes, Stack size 20 bytes, stm32h7xx_hal_fdcan.o(.text.HAL_FDCAN_ConfigGlobalFilter))
<BR><BR>[Stack]<UL><LI>Max Depth = 20<LI>Call Chain = HAL_FDCAN_ConfigGlobalFilter
</UL>
<BR>[Called By]<UL><LI><a href="#[cd]">&gt;&gt;</a>&nbsp;&nbsp;&nbsp;ECF_CAN_Init
</UL>

<P><STRONG><a name="[d1]"></a>HAL_FDCAN_ConfigRxFifoOverwrite</STRONG> (Thumb, 118 bytes, Stack size 16 bytes, stm32h7xx_hal_fdcan.o(.text.HAL_FDCAN_ConfigRxFifoOverwrite))
<BR><BR>[Stack]<UL><LI>Max Depth = 16<LI>Call Chain = HAL_FDCAN_ConfigRxFifoOverwrite
</UL>
<BR>[Called By]<UL><LI><a href="#[cd]">&gt;&gt;</a>&nbsp;&nbsp;&nbsp;ECF_CAN_Init
</UL>

<P><STRONG><a name="[102]"></a>HAL_FDCAN_ErrorCallback</STRONG> (Thumb, 8 bytes, Stack size 4 bytes, stm32h7xx_hal_fdcan.o(.text.HAL_FDCAN_ErrorCallback))
<BR><BR>[Stack]<UL><LI>Max Depth = 4<LI>Call Chain = HAL_FDCAN_ErrorCallback
</UL>
<BR>[Called By]<UL><LI><a href="#[db]">&gt;&gt;</a>&nbsp;&nbsp;&nbsp;HAL_FDCAN_IRQHandler
</UL>

<P><STRONG><a name="[fd]"></a>HAL_FDCAN_ErrorStatusCallback</STRONG> (Thumb, 10 bytes, Stack size 8 bytes, stm32h7xx_hal_fdcan.o(.text.HAL_FDCAN_ErrorStatusCallback))
<BR><BR>[Stack]<UL><LI>Max Depth = 8<LI>Call Chain = HAL_FDCAN_ErrorStatusCallback
</UL>
<BR>[Called By]<UL><LI><a href="#[db]">&gt;&gt;</a>&nbsp;&nbsp;&nbsp;HAL_FDCAN_IRQHandler
</UL>

<P><STRONG><a name="[15e]"></a>HAL_FDCAN_GetRxMessage</STRONG> (Thumb, 764 bytes, Stack size 40 bytes, stm32h7xx_hal_fdcan.o(.text.HAL_FDCAN_GetRxMessage))
<BR><BR>[Stack]<UL><LI>Max Depth = 40<LI>Call Chain = HAL_FDCAN_GetRxMessage
</UL>
<BR>[Called By]<UL><LI><a href="#[a6]">&gt;&gt;</a>&nbsp;&nbsp;&nbsp;MotorDataDeal
</UL>

<P><STRONG><a name="[f2]"></a>HAL_FDCAN_HighPriorityMessageCallback</STRONG> (Thumb, 8 bytes, Stack size 4 bytes, stm32h7xx_hal_fdcan.o(.text.HAL_FDCAN_HighPriorityMessageCallback))
<BR><BR>[Stack]<UL><LI>Max Depth = 4<LI>Call Chain = HAL_FDCAN_HighPriorityMessageCallback
</UL>
<BR>[Called By]<UL><LI><a href="#[db]">&gt;&gt;</a>&nbsp;&nbsp;&nbsp;HAL_FDCAN_IRQHandler
</UL>

<P><STRONG><a name="[db]"></a>HAL_FDCAN_IRQHandler</STRONG> (Thumb, 1506 bytes, Stack size 88 bytes, stm32h7xx_hal_fdcan.o(.text.HAL_FDCAN_IRQHandler))
<BR><BR>[Stack]<UL><LI>Max Depth = 104<LI>Call Chain = HAL_FDCAN_IRQHandler &rArr; HAL_FDCAN_RxFifo0Callback
</UL>
<BR>[Calls]<UL><LI><a href="#[102]">&gt;&gt;</a>&nbsp;&nbsp;&nbsp;HAL_FDCAN_ErrorCallback
<LI><a href="#[101]">&gt;&gt;</a>&nbsp;&nbsp;&nbsp;HAL_FDCAN_TT_GlobalTimeCallback
<LI><a href="#[100]">&gt;&gt;</a>&nbsp;&nbsp;&nbsp;HAL_FDCAN_TT_StopWatchCallback
<LI><a href="#[ff]">&gt;&gt;</a>&nbsp;&nbsp;&nbsp;HAL_FDCAN_TT_TimeMarkCallback
<LI><a href="#[fe]">&gt;&gt;</a>&nbsp;&nbsp;&nbsp;HAL_FDCAN_TT_ScheduleSyncCallback
<LI><a href="#[fd]">&gt;&gt;</a>&nbsp;&nbsp;&nbsp;HAL_FDCAN_ErrorStatusCallback
<LI><a href="#[fc]">&gt;&gt;</a>&nbsp;&nbsp;&nbsp;HAL_FDCAN_TimeoutOccurredCallback
<LI><a href="#[fb]">&gt;&gt;</a>&nbsp;&nbsp;&nbsp;HAL_FDCAN_TimestampWraparoundCallback
<LI><a href="#[fa]">&gt;&gt;</a>&nbsp;&nbsp;&nbsp;HAL_FDCAN_RxBufferNewMessageCallback
<LI><a href="#[f9]">&gt;&gt;</a>&nbsp;&nbsp;&nbsp;HAL_FDCAN_TxBufferCompleteCallback
<LI><a href="#[f8]">&gt;&gt;</a>&nbsp;&nbsp;&nbsp;HAL_FDCAN_TxFifoEmptyCallback
<LI><a href="#[f7]">&gt;&gt;</a>&nbsp;&nbsp;&nbsp;HAL_FDCAN_RxFifo1Callback
<LI><a href="#[f5]">&gt;&gt;</a>&nbsp;&nbsp;&nbsp;HAL_FDCAN_TxEventFifoCallback
<LI><a href="#[f4]">&gt;&gt;</a>&nbsp;&nbsp;&nbsp;HAL_FDCAN_ClockCalibrationCallback
<LI><a href="#[f3]">&gt;&gt;</a>&nbsp;&nbsp;&nbsp;HAL_FDCAN_TxBufferAbortCallback
<LI><a href="#[f2]">&gt;&gt;</a>&nbsp;&nbsp;&nbsp;HAL_FDCAN_HighPriorityMessageCallback
<LI><a href="#[f6]">&gt;&gt;</a>&nbsp;&nbsp;&nbsp;HAL_FDCAN_RxFifo0Callback
</UL>
<BR>[Called By]<UL><LI><a href="#[1d]">&gt;&gt;</a>&nbsp;&nbsp;&nbsp;FDCAN1_IT0_IRQHandler
</UL>

<P><STRONG><a name="[103]"></a>HAL_FDCAN_Init</STRONG> (Thumb, 992 bytes, Stack size 104 bytes, stm32h7xx_hal_fdcan.o(.text.HAL_FDCAN_Init))
<BR><BR>[Stack]<UL><LI>Max Depth = 496<LI>Call Chain = HAL_FDCAN_Init &rArr; HAL_FDCAN_MspInit &rArr; HAL_RCCEx_PeriphCLKConfig &rArr; RCCEx_PLL3_Config
</UL>
<BR>[Calls]<UL><LI><a href="#[e8]">&gt;&gt;</a>&nbsp;&nbsp;&nbsp;HAL_GetTick
<LI><a href="#[105]">&gt;&gt;</a>&nbsp;&nbsp;&nbsp;FDCAN_CalcultateRamBlockAddresses
<LI><a href="#[104]">&gt;&gt;</a>&nbsp;&nbsp;&nbsp;HAL_FDCAN_MspInit
<LI><a href="#[e2]">&gt;&gt;</a>&nbsp;&nbsp;&nbsp;__aeabi_memcpy4
</UL>
<BR>[Called By]<UL><LI><a href="#[151]">&gt;&gt;</a>&nbsp;&nbsp;&nbsp;MX_FDCAN2_Init
<LI><a href="#[150]">&gt;&gt;</a>&nbsp;&nbsp;&nbsp;MX_FDCAN1_Init
</UL>

<P><STRONG><a name="[104]"></a>HAL_FDCAN_MspInit</STRONG> (Thumb, 390 bytes, Stack size 248 bytes, fdcan.o(.text.HAL_FDCAN_MspInit))
<BR><BR>[Stack]<UL><LI>Max Depth = 392<LI>Call Chain = HAL_FDCAN_MspInit &rArr; HAL_RCCEx_PeriphCLKConfig &rArr; RCCEx_PLL3_Config
</UL>
<BR>[Calls]<UL><LI><a href="#[107]">&gt;&gt;</a>&nbsp;&nbsp;&nbsp;HAL_RCCEx_PeriphCLKConfig
<LI><a href="#[10b]">&gt;&gt;</a>&nbsp;&nbsp;&nbsp;HAL_NVIC_EnableIRQ
<LI><a href="#[10a]">&gt;&gt;</a>&nbsp;&nbsp;&nbsp;HAL_NVIC_SetPriority
<LI><a href="#[109]">&gt;&gt;</a>&nbsp;&nbsp;&nbsp;HAL_GPIO_Init
<LI><a href="#[108]">&gt;&gt;</a>&nbsp;&nbsp;&nbsp;Error_Handler
<LI><a href="#[106]">&gt;&gt;</a>&nbsp;&nbsp;&nbsp;__aeabi_memclr8
</UL>
<BR>[Called By]<UL><LI><a href="#[103]">&gt;&gt;</a>&nbsp;&nbsp;&nbsp;HAL_FDCAN_Init
</UL>

<P><STRONG><a name="[fa]"></a>HAL_FDCAN_RxBufferNewMessageCallback</STRONG> (Thumb, 8 bytes, Stack size 4 bytes, stm32h7xx_hal_fdcan.o(.text.HAL_FDCAN_RxBufferNewMessageCallback))
<BR><BR>[Stack]<UL><LI>Max Depth = 4<LI>Call Chain = HAL_FDCAN_RxBufferNewMessageCallback
</UL>
<BR>[Called By]<UL><LI><a href="#[db]">&gt;&gt;</a>&nbsp;&nbsp;&nbsp;HAL_FDCAN_IRQHandler
</UL>

<P><STRONG><a name="[f6]"></a>HAL_FDCAN_RxFifo0Callback</STRONG> (Thumb, 66 bytes, Stack size 16 bytes, bsp_can.o(.text.HAL_FDCAN_RxFifo0Callback))
<BR><BR>[Stack]<UL><LI>Max Depth = 16<LI>Call Chain = HAL_FDCAN_RxFifo0Callback
</UL>
<BR>[Called By]<UL><LI><a href="#[db]">&gt;&gt;</a>&nbsp;&nbsp;&nbsp;HAL_FDCAN_IRQHandler
</UL>

<P><STRONG><a name="[f7]"></a>HAL_FDCAN_RxFifo1Callback</STRONG> (Thumb, 10 bytes, Stack size 8 bytes, stm32h7xx_hal_fdcan.o(.text.HAL_FDCAN_RxFifo1Callback))
<BR><BR>[Stack]<UL><LI>Max Depth = 8<LI>Call Chain = HAL_FDCAN_RxFifo1Callback
</UL>
<BR>[Called By]<UL><LI><a href="#[db]">&gt;&gt;</a>&nbsp;&nbsp;&nbsp;HAL_FDCAN_IRQHandler
</UL>

[...]
<BR><BR>[Stack]<UL><LI>Max Depth = 36<LI>Call Chain = DMA_SetConfig
</UL>
<BR>[Called By]<UL><LI><a href="#[ee]">&gt;&gt;</a>&nbsp;&nbsp;&nbsp;HAL_DMA_Start_IT
</UL>

<P><STRONG><a name="[130]"></a>TIM_OC1_SetConfig</STRONG> (Thumb, 336 bytes, Stack size 20 bytes, stm32h7xx_hal_tim.o(.text.TIM_OC1_SetConfig))
<BR><BR>[Stack]<UL><LI>Max Depth = 20<LI>Call Chain = TIM_OC1_SetConfig
</UL>
<BR>[Called By]<UL><LI><a href="#[12f]">&gt;&gt;</a>&nbsp;&nbsp;&nbsp;HAL_TIM_PWM_ConfigChannel
</UL>

<P><STRONG><a name="[132]"></a>TIM_OC3_SetConfig</STRONG> (Thumb, 362 bytes, Stack size 20 bytes, stm32h7xx_hal_tim.o(.text.TIM_OC3_SetConfig))
<BR><BR>[Stack]<UL><LI>Max Depth = 20<LI>Call Chain = TIM_OC3_SetConfig
</UL>
<BR>[Called By]<UL><LI><a href="#[12f]">&gt;&gt;</a>&nbsp;&nbsp;&nbsp;HAL_TIM_PWM_ConfigChannel
</UL>

<P><STRONG><a name="[133]"></a>TIM_OC4_SetConfig</STRONG> (Thumb, 218 bytes, Stack size 20 bytes, stm32h7xx_hal_tim.o(.text.TIM_OC4_SetConfig))
<BR><BR>[Stack]<UL><LI>Max Depth = 20<LI>Call Chain = TIM_OC4_SetConfig
</UL>
<BR>[Called By]<UL><LI><a href="#[12f]">&gt;&gt;</a>&nbsp;&nbsp;&nbsp;HAL_TIM_PWM_ConfigChannel
</UL>

<P><STRONG><a name="[134]"></a>TIM_OC5_SetConfig</STRONG> (Thumb, 208 bytes, Stack size 20 bytes, stm32h7xx_hal_tim.o(.text.TIM_OC5_SetConfig))
<BR><BR>[Stack]<UL><LI>Max Depth = 20<LI>Call Chain = TIM_OC5_SetConfig
</UL>
<BR>[Called By]<UL><LI><a href="#[12f]">&gt;&gt;</a>&nbsp;&nbsp;&nbsp;HAL_TIM_PWM_ConfigChannel
</UL>

<P><STRONG><a name="[135]"></a>TIM_OC6_SetConfig</STRONG> (Thumb, 210 bytes, Stack size 20 bytes, stm32h7xx_hal_tim.o(.text.TIM_OC6_SetConfig))
<BR><BR>[Stack]<UL><LI>Max Depth = 20<LI>Call Chain = TIM_OC6_SetConfig
</UL>
<BR>[Called By]<UL><LI><a href="#[12f]">&gt;&gt;</a>&nbsp;&nbsp;&nbsp;HAL_TIM_PWM_ConfigChannel
</UL>

<P><STRONG><a name="[13e]"></a>UART_EndRxTransfer</STRONG> (Thumb, 158 bytes, Stack size 16 bytes, stm32h7xx_hal_uart.o(.text.UART_EndRxTransfer))
<BR><BR>[Stack]<UL><LI>Max Depth = 16<LI>Call Chain = UART_EndRxTransfer
</UL>
<BR>[Called By]<UL><LI><a href="#[13d]">&gt;&gt;</a>&nbsp;&nbsp;&nbsp;HAL_UART_IRQHandler
<LI><a href="#[178]">&gt;&gt;</a>&nbsp;&nbsp;&nbsp;UART_WaitOnFlagUntilTimeout
<LI><a href="#[ab]">&gt;&gt;</a>&nbsp;&nbsp;&nbsp;UART_DMAError
</UL>

<P><STRONG><a name="[ab]"></a>UART_DMAError</STRONG> (Thumb, 128 bytes, Stack size 24 bytes, stm32h7xx_hal_uart.o(.text.UART_DMAError))
<BR><BR>[Stack]<UL><LI>Max Depth = 40<LI>Call Chain = UART_DMAError &rArr; UART_EndRxTransfer
</UL>
<BR>[Calls]<UL><LI><a href="#[140]">&gt;&gt;</a>&nbsp;&nbsp;&nbsp;HAL_UART_ErrorCallback
<LI><a href="#[179]">&gt;&gt;</a>&nbsp;&nbsp;&nbsp;UART_EndTxTransfer
<LI><a href="#[13e]">&gt;&gt;</a>&nbsp;&nbsp;&nbsp;UART_EndRxTransfer
</UL>
<BR>[Address Reference Count : 1]<UL><LI> stm32h7xx_hal_uart.o(.text.UART_Start_Receive_DMA)
</UL>
<P><STRONG><a name="[179]"></a>UART_EndTxTransfer</STRONG> (Thumb, 92 bytes, Stack size 12 bytes, stm32h7xx_hal_uart.o(.text.UART_EndTxTransfer))
<BR><BR>[Stack]<UL><LI>Max Depth = 12<LI>Call Chain = UART_EndTxTransfer
</UL>
<BR>[Called By]<UL><LI><a href="#[ab]">&gt;&gt;</a>&nbsp;&nbsp;&nbsp;UART_DMAError
</UL>

<P><STRONG><a name="[a9]"></a>UART_DMAReceiveCplt</STRONG> (Thumb, 246 bytes, Stack size 32 bytes, stm32h7xx_hal_uart.o(.text.UART_DMAReceiveCplt))
<BR><BR>[Stack]<UL><LI>Max Depth = 40<LI>Call Chain = UART_DMAReceiveCplt &rArr; HAL_UARTEx_RxEventCallback
</UL>
<BR>[Calls]<UL><LI><a href="#[17a]">&gt;&gt;</a>&nbsp;&nbsp;&nbsp;HAL_UART_RxCpltCallback
<LI><a href="#[141]">&gt;&gt;</a>&nbsp;&nbsp;&nbsp;HAL_UARTEx_RxEventCallback
</UL>
<BR>[Address Reference Count : 1]<UL><LI> stm32h7xx_hal_uart.o(.text.UART_Start_Receive_DMA)
</UL>
<P><STRONG><a name="[aa]"></a>UART_DMARxHalfCplt</STRONG> (Thumb, 54 bytes, Stack size 16 bytes, stm32h7xx_hal_uart.o(.text.UART_DMARxHalfCplt))
<BR><BR>[Stack]<UL><LI>Max Depth = 24<LI>Call Chain = UART_DMARxHalfCplt &rArr; HAL_UARTEx_RxEventCallback
</UL>
<BR>[Calls]<UL><LI><a href="#[17b]">&gt;&gt;</a>&nbsp;&nbsp;&nbsp;HAL_UART_RxHalfCpltCallback
<LI><a href="#[141]">&gt;&gt;</a>&nbsp;&nbsp;&nbsp;HAL_UARTEx_RxEventCallback
</UL>
<BR>[Address Reference Count : 1]<UL><LI> stm32h7xx_hal_uart.o(.text.UART_Start_Receive_DMA)
</UL>
<P><STRONG><a name="[a7]"></a>UART_DMAAbortOnError</STRONG> (Thumb, 36 bytes, Stack size 16 bytes, stm32h7xx_hal_uart.o(.text.UART_DMAAbortOnError))
<BR><BR>[Stack]<UL><LI>Max Depth = 20<LI>Call Chain = UART_DMAAbortOnError &rArr; HAL_UART_ErrorCallback
</UL>
<BR>[Calls]<UL><LI><a href="#[140]">&gt;&gt;</a>&nbsp;&nbsp;&nbsp;HAL_UART_ErrorCallback
</UL>
<BR>[Address Reference Count : 1]<UL><LI> stm32h7xx_hal_uart.o(.text.HAL_UART_IRQHandler)
</UL>
<P><STRONG><a name="[143]"></a>UART_EndTransmit_IT</STRONG> (Thumb, 68 bytes, Stack size 16 bytes, stm32h7xx_hal_uart.o(.text.UART_EndTransmit_IT))
<BR><BR>[Stack]<UL><LI>Max Depth = 20<LI>Call Chain = UART_EndTransmit_IT &rArr; HAL_UART_TxCpltCallback
</UL>
<BR>[Calls]<UL><LI><a href="#[17c]">&gt;&gt;</a>&nbsp;&nbsp;&nbsp;HAL_UART_TxCpltCallback
</UL>
<BR>[Called By]<UL><LI><a href="#[13d]">&gt;&gt;</a>&nbsp;&nbsp;&nbsp;HAL_UART_IRQHandler
</UL>

<P><STRONG><a name="[13b]"></a>UARTEx_SetNbDataToProcess</STRONG> (Thumb, 134 bytes, Stack size 8 bytes, stm32h7xx_hal_uart_ex.o(.text.UARTEx_SetNbDataToProcess))
<BR><BR>[Stack]<UL><LI>Max Depth = 8<LI>Call Chain = UARTEx_SetNbDataToProcess
</UL>
<BR>[Called By]<UL><LI><a href="#[13a]">&gt;&gt;</a>&nbsp;&nbsp;&nbsp;HAL_UARTEx_SetRxFifoThreshold
<LI><a href="#[13c]">&gt;&gt;</a>&nbsp;&nbsp;&nbsp;HAL_UARTEx_SetTxFifoThreshold
</UL>

<P><STRONG><a name="[169]"></a>RC_abs</STRONG> (Thumb, 48 bytes, Stack size 4 bytes, bsp_dr16.o(.text.RC_abs))
<BR><BR>[Stack]<UL><LI>Max Depth = 4<LI>Call Chain = RC_abs
</UL>
<BR>[Called By]<UL><LI><a href="#[ac]">&gt;&gt;</a>&nbsp;&nbsp;&nbsp;RC_Check_Data_IS_ERROR
</UL>

<P><STRONG><a name="[ad]"></a>prvTaskExitError</STRONG> (Thumb, 76 bytes, Stack size 12 bytes, port.o(.text.prvTaskExitError))
<BR><BR>[Stack]<UL><LI>Max Depth = 12<LI>Call Chain = prvTaskExitError
</UL>
<BR>[Called By]<UL><LI><a href="#[19a]">&gt;&gt;</a>&nbsp;&nbsp;&nbsp;xPortStartScheduler
</UL>
<BR>[Address Reference Count : 1]<UL><LI> port.o(.text.pxPortInitialiseStack)
</UL>
<P><STRONG><a name="[19c]"></a>vPortEnableVFP</STRONG> (Thumb, 14 bytes, Stack size 0 bytes, port.o(.text.vPortEnableVFP))
<BR><BR>[Called By]<UL><LI><a href="#[19a]">&gt;&gt;</a>&nbsp;&nbsp;&nbsp;xPortStartScheduler
</UL>

<P><STRONG><a name="[19d]"></a>prvPortStartFirstTask</STRONG> (Thumb, 34 bytes, Stack size 0 bytes, port.o(.text.prvPortStartFirstTask))
<BR><BR>[Called By]<UL><LI><a href="#[19a]">&gt;&gt;</a>&nbsp;&nbsp;&nbsp;xPortStartScheduler
</UL>

<P><STRONG><a name="[190]"></a>prvInitialiseNewTask</STRONG> (Thumb, 276 bytes, Stack size 40 bytes, tasks.o(.text.prvInitialiseNewTask))
<BR><BR>[Stack]<UL><LI>Max Depth = 52<LI>Call Chain = prvInitialiseNewTask &rArr; pxPortInitialiseStack
</UL>
<BR>[Calls]<UL><LI><a href="#[191]">&gt;&gt;</a>&nbsp;&nbsp;&nbsp;vListInitialiseItem
<LI><a href="#[192]">&gt;&gt;</a>&nbsp;&nbsp;&nbsp;pxPortInitialiseStack
</UL>
<BR>[Called By]<UL><LI><a href="#[184]">&gt;&gt;</a>&nbsp;&nbsp;&nbsp;xTaskCreate
<LI><a href="#[183]">&gt;&gt;</a>&nbsp;&nbsp;&nbsp;xTaskCreateStatic
</UL>

<P><STRONG><a name="[189]"></a>prvAddNewTaskToReadyList</STRONG> (Thumb, 272 bytes, Stack size 16 bytes, tasks.o(.text.prvAddNewTaskToReadyList))
<BR><BR>[Stack]<UL><LI>Max Depth = 44<LI>Call Chain = prvAddNewTaskToReadyList &rArr; prvInitialiseTaskLists &rArr; vListInitialise
</UL>
<BR>[Calls]<UL><LI><a href="#[18b]">&gt;&gt;</a>&nbsp;&nbsp;&nbsp;prvInitialiseTaskLists
<LI><a href="#[187]">&gt;&gt;</a>&nbsp;&nbsp;&nbsp;vListInsertEnd
<LI><a href="#[18c]">&gt;&gt;</a>&nbsp;&nbsp;&nbsp;vPortExitCritical
<LI><a href="#[18a]">&gt;&gt;</a>&nbsp;&nbsp;&nbsp;vPortEnterCritical
</UL>
<BR>[Called By]<UL><LI><a href="#[184]">&gt;&gt;</a>&nbsp;&nbsp;&nbsp;xTaskCreate
<LI><a href="#[183]">&gt;&gt;</a>&nbsp;&nbsp;&nbsp;xTaskCreateStatic
</UL>

<P><STRONG><a name="[18b]"></a>prvInitialiseTaskLists</STRONG> (Thumb, 142 bytes, Stack size 24 bytes, tasks.o(.text.prvInitialiseTaskLists))
<BR><BR>[Stack]<UL><LI>Max Depth = 28<LI>Call Chain = prvInitialiseTaskLists &rArr; vListInitialise
</UL>
<BR>[Calls]<UL><LI><a href="#[193]">&gt;&gt;</a>&nbsp;&nbsp;&nbsp;vListInitialise
</UL>
<BR>[Called By]<UL><LI><a href="#[189]">&gt;&gt;</a>&nbsp;&nbsp;&nbsp;prvAddNewTaskToReadyList
</UL>

<P><STRONG><a name="[18e]"></a>prvDeleteTCB</STRONG> (Thumb, 94 bytes, Stack size 16 bytes, tasks.o(.text.prvDeleteTCB))
<BR><BR>[Stack]<UL><LI>Max Depth = 116<LI>Call Chain = prvDeleteTCB &rArr; vPortFree &rArr; xTaskResumeAll &rArr; xTaskIncrementTick &rArr; vListInsertEnd
</UL>
<BR>[Calls]<UL><LI><a href="#[18f]">&gt;&gt;</a>&nbsp;&nbsp;&nbsp;vPortFree
</UL>
<BR>[Called By]<UL><LI><a href="#[18d]">&gt;&gt;</a>&nbsp;&nbsp;&nbsp;prvCheckTasksWaitingTermination
</UL>

<P><STRONG><a name="[19e]"></a>prvResetNextTaskUnblockTime</STRONG> (Thumb, 70 bytes, Stack size 4 bytes, tasks.o(.text.prvResetNextTaskUnblockTime))
<BR><BR>[Stack]<UL><LI>Max Depth = 4<LI>Call Chain = prvResetNextTaskUnblockTime
</UL>
<BR>[Called By]<UL><LI><a href="#[198]">&gt;&gt;</a>&nbsp;&nbsp;&nbsp;xTaskResumeAll
<LI><a href="#[175]">&gt;&gt;</a>&nbsp;&nbsp;&nbsp;xTaskIncrementTick
</UL>

<P><STRONG><a name="[185]"></a>prvAddCurrentTaskToDelayedList</STRONG> (Thumb, 244 bytes, Stack size 24 bytes, tasks.o(.text.prvAddCurrentTaskToDelayedList))
<BR><BR>[Stack]<UL><LI>Max Depth = 40<LI>Call Chain = prvAddCurrentTaskToDelayedList &rArr; vListInsert
</UL>
<BR>[Calls]<UL><LI><a href="#[186]">&gt;&gt;</a>&nbsp;&nbsp;&nbsp;uxListRemove
<LI><a href="#[188]">&gt;&gt;</a>&nbsp;&nbsp;&nbsp;vListInsert
<LI><a href="#[187]">&gt;&gt;</a>&nbsp;&nbsp;&nbsp;vListInsertEnd
</UL>
<BR>[Called By]<UL><LI><a href="#[c5]">&gt;&gt;</a>&nbsp;&nbsp;&nbsp;vTaskDelay
</UL>

<P><STRONG><a name="[ae]"></a>prvIdleTask</STRONG> (Thumb, 56 bytes, Stack size 16 bytes, tasks.o(.text.prvIdleTask))
<BR><BR>[Stack]<UL><LI>Max Depth = 148<LI>Call Chain = prvIdleTask &rArr; prvCheckTasksWaitingTermination &rArr; prvDeleteTCB &rArr; vPortFree &rArr; xTaskResumeAll &rArr; xTaskIncrementTick &rArr; vListInsertEnd
</UL>
<BR>[Calls]<UL><LI><a href="#[18d]">&gt;&gt;</a>&nbsp;&nbsp;&nbsp;prvCheckTasksWaitingTermination
</UL>
<BR>[Address Reference Count : 1]<UL><LI> tasks.o(.text.vTaskStartScheduler)
</UL>
<P><STRONG><a name="[18d]"></a>prvCheckTasksWaitingTermination</STRONG> (Thumb, 90 bytes, Stack size 16 bytes, tasks.o(.text.prvCheckTasksWaitingTermination))
<BR><BR>[Stack]<UL><LI>Max Depth = 132<LI>Call Chain = prvCheckTasksWaitingTermination &rArr; prvDeleteTCB &rArr; vPortFree &rArr; xTaskResumeAll &rArr; xTaskIncrementTick &rArr; vListInsertEnd
</UL>
<BR>[Calls]<UL><LI><a href="#[18e]">&gt;&gt;</a>&nbsp;&nbsp;&nbsp;prvDeleteTCB
<LI><a href="#[186]">&gt;&gt;</a>&nbsp;&nbsp;&nbsp;uxListRemove
<LI><a href="#[18c]">&gt;&gt;</a>&nbsp;&nbsp;&nbsp;vPortExitCritical
<LI><a href="#[18a]">&gt;&gt;</a>&nbsp;&nbsp;&nbsp;vPortEnterCritical
</UL>
<BR>[Called By]<UL><LI><a href="#[ae]">&gt;&gt;</a>&nbsp;&nbsp;&nbsp;prvIdleTask
</UL>

<P><STRONG><a name="[182]"></a>makeFreeRtosPriority</STRONG> (Thumb, 40 bytes, Stack size 8 bytes, cmsis_os.o(.text.makeFreeRtosPriority))
<BR><BR>[Stack]<UL><LI>Max Depth = 8<LI>Call Chain = makeFreeRtosPriority
</UL>
<BR>[Called By]<UL><LI><a href="#[153]">&gt;&gt;</a>&nbsp;&nbsp;&nbsp;osThreadCreate
</UL>

<P><STRONG><a name="[196]"></a>prvHeapInit</STRONG> (Thumb, 188 bytes, Stack size 16 bytes, heap_4.o(.text.prvHeapInit))
<BR><BR>[Stack]<UL><LI>Max Depth = 16<LI>Call Chain = prvHeapInit
</UL>
<BR>[Called By]<UL><LI><a href="#[194]">&gt;&gt;</a>&nbsp;&nbsp;&nbsp;pvPortMalloc
</UL>

<P><STRONG><a name="[197]"></a>prvInsertBlockIntoFreeList</STRONG> (Thumb, 198 bytes, Stack size 12 bytes, heap_4.o(.text.prvInsertBlockIntoFreeList))
<BR><BR>[Stack]<UL><LI>Max Depth = 12<LI>Call Chain = prvInsertBlockIntoFreeList
</UL>
<BR>[Called By]<UL><LI><a href="#[18f]">&gt;&gt;</a>&nbsp;&nbsp;&nbsp;vPortFree
<LI><a href="#[194]">&gt;&gt;</a>&nbsp;&nbsp;&nbsp;pvPortMalloc
</UL>

<P><STRONG><a name="[171]"></a>Remote_Data_Zero</STRONG> (Thumb, 28 bytes, Stack size 8 bytes, remotedeal.o(.text.Remote_Data_Zero))
<BR><BR>[Stack]<UL><LI>Max Depth = 8<LI>Call Chain = Remote_Data_Zero
</UL>
<BR>[Calls]<UL><LI><a href="#[173]">&gt;&gt;</a>&nbsp;&nbsp;&nbsp;RC_DataReload
</UL>
<BR>[Called By]<UL><LI><a href="#[16f]">&gt;&gt;</a>&nbsp;&nbsp;&nbsp;Remote_Data_Init
</UL>

<P><STRONG><a name="[14d]"></a>Key_Mouse_Deal</STRONG> (Thumb, 1334 bytes, Stack size 72 bytes, remotedeal.o(.text.Key_Mouse_Deal))
<BR><BR>[Stack]<UL><LI>Max Depth = 80<LI>Call Chain = Key_Mouse_Deal &rArr; first_order_filter
</UL>
<BR>[Calls]<UL><LI><a href="#[14e]">&gt;&gt;</a>&nbsp;&nbsp;&nbsp;first_order_filter
</UL>
<BR>[Called By]<UL><LI><a href="#[16e]">&gt;&gt;</a>&nbsp;&nbsp;&nbsp;Remote_Data_Deal
</UL>

<P><STRONG><a name="[cc]"></a>detect_init</STRONG> (Thumb, 402 bytes, Stack size 48 bytes, detect_task.o(.text.detect_init))
<BR><BR>[Stack]<UL><LI>Max Depth = 48<LI>Call Chain = detect_init
</UL>
<BR>[Calls]<UL><LI><a href="#[17f]">&gt;&gt;</a>&nbsp;&nbsp;&nbsp;__aeabi_memcpy
</UL>
<BR>[Called By]<UL><LI><a href="#[b0]">&gt;&gt;</a>&nbsp;&nbsp;&nbsp;Detect_Task
</UL>

<P><STRONG><a name="[9b]"></a>Offline_Prepare</STRONG> (Thumb, 2 bytes, Stack size 0 bytes, gimbal_fsm.o(.text.Offline_Prepare))
<BR>[Address Reference Count : 1]<UL><LI> gimbal_fsm.o(.text.Gimbal_Fsm_Init)
</UL>
<P><STRONG><a name="[9c]"></a>Offline_State</STRONG> (Thumb, 22 bytes, Stack size 0 bytes, gimbal_fsm.o(.text.Offline_State))
<BR>[Address Reference Count : 1]<UL><LI> gimbal_fsm.o(.text.Gimbal_Fsm_Init)
</UL>
<P><STRONG><a name="[9d]"></a>PowerOff_bhv</STRONG> (Thumb, 22 bytes, Stack size 8 bytes, gimbal_fsm.o(.text.PowerOff_bhv))
<BR><BR>[Stack]<UL><LI>Max Depth = 8<LI>Call Chain = PowerOff_bhv
</UL>
<BR>[Calls]<UL><LI><a href="#[168]">&gt;&gt;</a>&nbsp;&nbsp;&nbsp;Three_Degrees_Arms_Init
</UL>
<BR>[Address Reference Count : 2]<UL><LI> gimbal_fsm.o(.text.Gimbal_Fsm_Init)
<LI> gimbal_fsm.o(.text.Offline_State)
</UL>
<P><STRONG><a name="[9e]"></a>Lift_State</STRONG> (Thumb, 22 bytes, Stack size 0 bytes, gimbal_fsm.o(.text.Lift_State))
<BR>[Address Reference Count : 1]<UL><LI> gimbal_fsm.o(.text.Gimbal_Fsm_Init)
</UL>
<P><STRONG><a name="[9f]"></a>Lift_Prepare</STRONG> (Thumb, 2 bytes, Stack size 0 bytes, gimbal_fsm.o(.text.Lift_Prepare))
<BR>[Address Reference Count : 1]<UL><LI> gimbal_fsm.o(.text.Gimbal_Fsm_Init)
</UL>
<P><STRONG><a name="[a0]"></a>Arm_State</STRONG> (Thumb, 22 bytes, Stack size 0 bytes, gimbal_fsm.o(.text.Arm_State))
<BR>[Address Reference Count : 1]<UL><LI> gimbal_fsm.o(.text.Gimbal_Fsm_Init)
</UL>
<P><STRONG><a name="[a1]"></a>Arm_Prepare</STRONG> (Thumb, 2 bytes, Stack size 0 bytes, gimbal_fsm.o(.text.Arm_Prepare))
<BR>[Address Reference Count : 1]<UL><LI> gimbal_fsm.o(.text.Gimbal_Fsm_Init)
</UL>
<P><STRONG><a name="[a2]"></a>KeyBoard_Prepare</STRONG> (Thumb, 2 bytes, Stack size 0 bytes, gimbal_fsm.o(.text.KeyBoard_Prepare))
<BR>[Address Reference Count : 1]<UL><LI> gimbal_fsm.o(.text.Gimbal_Fsm_Init)
</UL>
<P><STRONG><a name="[a3]"></a>KeyBoard_State</STRONG> (Thumb, 2 bytes, Stack size 0 bytes, gimbal_fsm.o(.text.KeyBoard_State))
<BR>[Address Reference Count : 1]<UL><LI> gimbal_fsm.o(.text.Gimbal_Fsm_Init)
</UL>
<P><STRONG><a name="[a4]"></a>KeyBoard_bhv</STRONG> (Thumb, 62 bytes, Stack size 24 bytes, gimbal_fsm.o(.text.KeyBoard_bhv))
<BR><BR>[Stack]<UL><LI>Max Depth = 216<LI>Call Chain = KeyBoard_bhv &rArr; Arms_Drive &rArr; CAN1_C620_OR_C610_201_TO_204_SendMsg &rArr; ECF_CAN_Send_Msg_FIFO &rArr; HAL_FDCAN_AddMessageToTxFifoQ &rArr; FDCAN_CopyMessageToRAM
</UL>
<BR>[Calls]<UL><LI><a href="#[bd]">&gt;&gt;</a>&nbsp;&nbsp;&nbsp;Arms_Drive
</UL>
<BR>[Address Reference Count : 1]<UL><LI> gimbal_fsm.o(.text.Gimbal_Fsm_Init)
</UL>
<P><STRONG><a name="[a8]"></a>Lift_bhv</STRONG> (Thumb, 40 bytes, Stack size 24 bytes, gimbal_fsm.o(.text.Lift_bhv))
<BR><BR>[Stack]<UL><LI>Max Depth = 216<LI>Call Chain = Lift_bhv &rArr; Arms_Drive &rArr; CAN1_C620_OR_C610_201_TO_204_SendMsg &rArr; ECF_CAN_Send_Msg_FIFO &rArr; HAL_FDCAN_AddMessageToTxFifoQ &rArr; FDCAN_CopyMessageToRAM
</UL>
<BR>[Calls]<UL><LI><a href="#[bd]">&gt;&gt;</a>&nbsp;&nbsp;&nbsp;Arms_Drive
</UL>
<BR>[Address Reference Count : 1]<UL><LI> gimbal_fsm.o(.text.Lift_State)
</UL>
<P><STRONG><a name="[99]"></a>Arm_bhv</STRONG> (Thumb, 162 bytes, Stack size 32 bytes, gimbal_fsm.o(.text.Arm_bhv))
<BR><BR>[Stack]<UL><LI>Max Depth = 224<LI>Call Chain = Arm_bhv &rArr; Arms_Drive &rArr; CAN1_C620_OR_C610_201_TO_204_SendMsg &rArr; ECF_CAN_Send_Msg_FIFO &rArr; HAL_FDCAN_AddMessageToTxFifoQ &rArr; FDCAN_CopyMessageToRAM
</UL>
<BR>[Calls]<UL><LI><a href="#[be]">&gt;&gt;</a>&nbsp;&nbsp;&nbsp;Reserve_Drive
<LI><a href="#[bd]">&gt;&gt;</a>&nbsp;&nbsp;&nbsp;Arms_Drive
</UL>
<BR>[Address Reference Count : 1]<UL><LI> gimbal_fsm.o(.text.Arm_State)
</UL>
<P><STRONG><a name="[dc]"></a>Gimbal_Init</STRONG> (Thumb, 80 bytes, Stack size 16 bytes, gimbal_task.o(.text.Gimbal_Init))
<BR><BR>[Stack]<UL><LI>Max Depth = 464<LI>Call Chain = Gimbal_Init &rArr; Gimbal_Motor_Init &rArr; ECF_PWM_50HZ_Output_Init &rArr; HAL_TIM_PWM_Start &rArr; TIM_CCxChannelCmd
</UL>
<BR>[Calls]<UL><LI><a href="#[e0]">&gt;&gt;</a>&nbsp;&nbsp;&nbsp;Gimbal_Fsm_Init
<LI><a href="#[de]">&gt;&gt;</a>&nbsp;&nbsp;&nbsp;Return_Gimbal_FSM
<LI><a href="#[e1]">&gt;&gt;</a>&nbsp;&nbsp;&nbsp;Gimbal_Motor_Init
<LI><a href="#[df]">&gt;&gt;</a>&nbsp;&nbsp;&nbsp;Return_Grasp_t_Pointer
<LI><a href="#[dd]">&gt;&gt;</a>&nbsp;&nbsp;&nbsp;Return_RemoteDeal_Point
</UL>
<BR>[Called By]<UL><LI><a href="#[b1]">&gt;&gt;</a>&nbsp;&nbsp;&nbsp;Gimbal_Task
</UL>

<P><STRONG><a name="[160]"></a>f_StepIn</STRONG> (Thumb, 204 bytes, Stack size 12 bytes, pid.o(.text.f_StepIn))
<BR><BR>[Stack]<UL><LI>Max Depth = 12<LI>Call Chain = f_StepIn
</UL>
<BR>[Called By]<UL><LI><a href="#[c1]">&gt;&gt;</a>&nbsp;&nbsp;&nbsp;PidCalculate
</UL>

<P><STRONG><a name="[161]"></a>f_Derivative_On_Measurement</STRONG> (Thumb, 134 bytes, Stack size 20 bytes, pid.o(.text.f_Derivative_On_Measurement))
<BR><BR>[Stack]<UL><LI>Max Depth = 20<LI>Call Chain = f_Derivative_On_Measurement
</UL>
<BR>[Called By]<UL><LI><a href="#[c1]">&gt;&gt;</a>&nbsp;&nbsp;&nbsp;PidCalculate
</UL>

<P><STRONG><a name="[162]"></a>Changing_Integration_Rate</STRONG> (Thumb, 254 bytes, Stack size 20 bytes, pid.o(.text.Changing_Integration_Rate))
<BR><BR>[Stack]<UL><LI>Max Depth = 20<LI>Call Chain = Changing_Integration_Rate
</UL>
<BR>[Called By]<UL><LI><a href="#[c1]">&gt;&gt;</a>&nbsp;&nbsp;&nbsp;PidCalculate
</UL>

<P><STRONG><a name="[163]"></a>f_Integral_Limit</STRONG> (Thumb, 80 bytes, Stack size 4 bytes, pid.o(.text.f_Integral_Limit))
<BR><BR>[Stack]<UL><LI>Max Depth = 4<LI>Call Chain = f_Integral_Limit
</UL>
<BR>[Called By]<UL><LI><a href="#[c1]">&gt;&gt;</a>&nbsp;&nbsp;&nbsp;PidCalculate
</UL>

<P><STRONG><a name="[164]"></a>f_Separated_Integral</STRONG> (Thumb, 60 bytes, Stack size 4 bytes, pid.o(.text.f_Separated_Integral))
<BR><BR>[Stack]<UL><LI>Max Depth = 4<LI>Call Chain = f_Separated_Integral
</UL>
<BR>[Called By]<UL><LI><a href="#[c1]">&gt;&gt;</a>&nbsp;&nbsp;&nbsp;PidCalculate
</UL>

<P><STRONG><a name="[165]"></a>first_order_filter</STRONG> (Thumb, 64 bytes, Stack size 8 bytes, pid.o(.text.first_order_filter))
<BR><BR>[Stack]<UL><LI>Max Depth = 8<LI>Call Chain = first_order_filter
</UL>
<BR>[Called By]<UL><LI><a href="#[c1]">&gt;&gt;</a>&nbsp;&nbsp;&nbsp;PidCalculate
</UL>

<P><STRONG><a name="[166]"></a>f_Output_Limit</STRONG> (Thumb, 80 bytes, Stack size 4 bytes, pid.o(.text.f_Output_Limit))
<BR><BR>[Stack]<UL><LI>Max Depth = 4<LI>Call Chain = f_Output_Limit
</UL>
<BR>[Called By]<UL><LI><a href="#[c1]">&gt;&gt;</a>&nbsp;&nbsp;&nbsp;PidCalculate
</UL>
<P>
<H3>
Undefined Global Symbols
</H3><HR></body></html>
