Component: Arm Compiler for Embedded 6.19 Tool: armlink [5e73cb00]

==============================================================================

Section Cross References

    startup_stm32h750xx.o(RESET) refers to startup_stm32h750xx.o(STACK) for __initial_sp
    startup_stm32h750xx.o(RESET) refers to startup_stm32h750xx.o(.text) for Reset_Handler
    startup_stm32h750xx.o(RESET) refers to stm32h7xx_it.o(.text.NMI_Handler) for NMI_Handler
    startup_stm32h750xx.o(RESET) refers to stm32h7xx_it.o(.text.HardFault_Handler) for HardFault_Handler
    startup_stm32h750xx.o(RESET) refers to stm32h7xx_it.o(.text.MemManage_Handler) for MemManage_Handler
    startup_stm32h750xx.o(RESET) refers to stm32h7xx_it.o(.text.BusFault_Handler) for BusFault_Handler
    startup_stm32h750xx.o(RESET) refers to stm32h7xx_it.o(.text.UsageFault_Handler) for UsageFault_Handler
    startup_stm32h750xx.o(RESET) refers to port.o(.text.SVC_Handler) for SVC_Handler
    startup_stm32h750xx.o(RESET) refers to stm32h7xx_it.o(.text.DebugMon_Handler) for DebugMon_Handler
    startup_stm32h750xx.o(RESET) refers to port.o(.text.PendSV_Handler) for PendSV_Handler
    startup_stm32h750xx.o(RESET) refers to port.o(.text.SysTick_Handler) for SysTick_Handler
    startup_stm32h750xx.o(RESET) refers to stm32h7xx_it.o(.text.DMA1_Stream0_IRQHandler) for DMA1_Stream0_IRQHandler
    startup_stm32h750xx.o(RESET) refers to stm32h7xx_it.o(.text.FDCAN1_IT0_IRQHandler) for FDCAN1_IT0_IRQHandler
    startup_stm32h750xx.o(RESET) refers to stm32h7xx_it.o(.text.TIM2_IRQHandler) for TIM2_IRQHandler
    startup_stm32h750xx.o(RESET) refers to stm32h7xx_it.o(.text.USART1_IRQHandler) for USART1_IRQHandler
    startup_stm32h750xx.o(.text) refers to system_stm32h7xx.o(.text.SystemInit) for SystemInit
    startup_stm32h750xx.o(.text) refers to entry.o(.ARM.Collect$$$$00000000) for __main
    main.o(.text.main) refers to stm32h7xx_hal.o(.text.HAL_Init) for HAL_Init
    main.o(.text.main) refers to main.o(.text.SystemClock_Config) for SystemClock_Config
    main.o(.text.main) refers to gpio.o(.text.MX_GPIO_Init) for MX_GPIO_Init
    main.o(.text.main) refers to dma.o(.text.MX_DMA_Init) for MX_DMA_Init
    main.o(.text.main) refers to usart.o(.text.MX_USART1_UART_Init) for MX_USART1_UART_Init
    main.o(.text.main) refers to fdcan.o(.text.MX_FDCAN1_Init) for MX_FDCAN1_Init
    main.o(.text.main) refers to tim.o(.text.MX_TIM1_Init) for MX_TIM1_Init
    main.o(.text.main) refers to tim.o(.text.MX_TIM8_Init) for MX_TIM8_Init
    main.o(.text.main) refers to tim.o(.text.MX_TIM3_Init) for MX_TIM3_Init
    main.o(.text.main) refers to fdcan.o(.text.MX_FDCAN2_Init) for MX_FDCAN2_Init
    main.o(.text.main) refers to sysinit.o(.text.Sys_Init) for Sys_Init
    main.o(.text.main) refers to stm32h7xx_hal.o(.text.HAL_Delay) for HAL_Delay
    main.o(.text.main) refers to freertos.o(.text.MX_FREERTOS_Init) for MX_FREERTOS_Init
    main.o(.text.main) refers to cmsis_os.o(.text.osKernelStart) for osKernelStart
    main.o(.text.main) refers to main.o(.data.pwm) for pwm
    main.o(.text.main) refers to tim.o(.bss.htim1) for htim1
    main.o(.text.main) refers to tim.o(.bss.htim8) for htim8
    main.o(.text.main) refers to tim.o(.bss.htim3) for htim3
    main.o(.ARM.exidx.text.main) refers to main.o(.text.main) for [Anonymous Symbol]
    main.o(.text.SystemClock_Config) refers to memseta.o(.text) for __aeabi_memclr4
    main.o(.text.SystemClock_Config) refers to stm32h7xx_hal_pwr_ex.o(.text.HAL_PWREx_ConfigSupply) for HAL_PWREx_ConfigSupply
    main.o(.text.SystemClock_Config) refers to stm32h7xx_hal_rcc.o(.text.HAL_RCC_OscConfig) for HAL_RCC_OscConfig
    main.o(.text.SystemClock_Config) refers to stm32h7xx_hal_rcc.o(.text.HAL_RCC_ClockConfig) for HAL_RCC_ClockConfig
    main.o(.ARM.exidx.text.SystemClock_Config) refers to main.o(.text.SystemClock_Config) for [Anonymous Symbol]
    main.o(.ARM.exidx.text.Error_Handler) refers to main.o(.text.Error_Handler) for [Anonymous Symbol]
    main.o(.text.HAL_TIM_PeriodElapsedCallback) refers to stm32h7xx_hal.o(.text.HAL_IncTick) for HAL_IncTick
    main.o(.ARM.exidx.text.HAL_TIM_PeriodElapsedCallback) refers to main.o(.text.HAL_TIM_PeriodElapsedCallback) for [Anonymous Symbol]
    gpio.o(.text.MX_GPIO_Init) refers to stm32h7xx_hal_gpio.o(.text.HAL_GPIO_WritePin) for HAL_GPIO_WritePin
    gpio.o(.text.MX_GPIO_Init) refers to stm32h7xx_hal_gpio.o(.text.HAL_GPIO_Init) for HAL_GPIO_Init
    gpio.o(.ARM.exidx.text.MX_GPIO_Init) refers to gpio.o(.text.MX_GPIO_Init) for [Anonymous Symbol]
    freertos.o(.text.vApplicationGetIdleTaskMemory) refers to freertos.o(.bss.xIdleTaskTCBBuffer) for xIdleTaskTCBBuffer
    freertos.o(.text.vApplicationGetIdleTaskMemory) refers to freertos.o(.bss.xIdleStack) for xIdleStack
    freertos.o(.ARM.exidx.text.vApplicationGetIdleTaskMemory) refers to freertos.o(.text.vApplicationGetIdleTaskMemory) for [Anonymous Symbol]
    freertos.o(.text.MX_FREERTOS_Init) refers to cmsis_os.o(.text.osThreadCreate) for osThreadCreate
[...]
    DFSDM1_FLT0_IRQHandler                   0x080002c7   Thumb Code     0  startup_stm32h750xx.o(.text)
    DFSDM1_FLT1_IRQHandler                   0x080002c7   Thumb Code     0  startup_stm32h750xx.o(.text)
    DFSDM1_FLT2_IRQHandler                   0x080002c7   Thumb Code     0  startup_stm32h750xx.o(.text)
    DFSDM1_FLT3_IRQHandler                   0x080002c7   Thumb Code     0  startup_stm32h750xx.o(.text)
    DMA1_Stream1_IRQHandler                  0x080002c7   Thumb Code     0  startup_stm32h750xx.o(.text)
    DMA1_Stream2_IRQHandler                  0x080002c7   Thumb Code     0  startup_stm32h750xx.o(.text)
    DMA1_Stream3_IRQHandler                  0x080002c7   Thumb Code     0  startup_stm32h750xx.o(.text)
    DMA1_Stream4_IRQHandler                  0x080002c7   Thumb Code     0  startup_stm32h750xx.o(.text)
    DMA1_Stream5_IRQHandler                  0x080002c7   Thumb Code     0  startup_stm32h750xx.o(.text)
    DMA1_Stream6_IRQHandler                  0x080002c7   Thumb Code     0  startup_stm32h750xx.o(.text)
    DMA1_Stream7_IRQHandler                  0x080002c7   Thumb Code     0  startup_stm32h750xx.o(.text)
    DMA2D_IRQHandler                         0x080002c7   Thumb Code     0  startup_stm32h750xx.o(.text)
    DMA2_Stream0_IRQHandler                  0x080002c7   Thumb Code     0  startup_stm32h750xx.o(.text)
    DMA2_Stream1_IRQHandler                  0x080002c7   Thumb Code     0  startup_stm32h750xx.o(.text)
    DMA2_Stream2_IRQHandler                  0x080002c7   Thumb Code     0  startup_stm32h750xx.o(.text)
    DMA2_Stream3_IRQHandler                  0x080002c7   Thumb Code     0  startup_stm32h750xx.o(.text)
    DMA2_Stream4_IRQHandler                  0x080002c7   Thumb Code     0  startup_stm32h750xx.o(.text)
    DMA2_Stream5_IRQHandler                  0x080002c7   Thumb Code     0  startup_stm32h750xx.o(.text)
    DMA2_Stream6_IRQHandler                  0x080002c7   Thumb Code     0  startup_stm32h750xx.o(.text)
    DMA2_Stream7_IRQHandler                  0x080002c7   Thumb Code     0  startup_stm32h750xx.o(.text)
    DMAMUX1_OVR_IRQHandler                   0x080002c7   Thumb Code     0  startup_stm32h750xx.o(.text)
    DMAMUX2_OVR_IRQHandler                   0x080002c7   Thumb Code     0  startup_stm32h750xx.o(.text)
    ECC_IRQHandler                           0x080002c7   Thumb Code     0  startup_stm32h750xx.o(.text)
    ETH_IRQHandler                           0x080002c7   Thumb Code     0  startup_stm32h750xx.o(.text)
    ETH_WKUP_IRQHandler                      0x080002c7   Thumb Code     0  startup_stm32h750xx.o(.text)
    EXTI0_IRQHandler                         0x080002c7   Thumb Code     0  startup_stm32h750xx.o(.text)
    EXTI15_10_IRQHandler                     0x080002c7   Thumb Code     0  startup_stm32h750xx.o(.text)
    EXTI1_IRQHandler                         0x080002c7   Thumb Code     0  startup_stm32h750xx.o(.text)
    EXTI2_IRQHandler                         0x080002c7   Thumb Code     0  startup_stm32h750xx.o(.text)
    EXTI3_IRQHandler                         0x080002c7   Thumb Code     0  startup_stm32h750xx.o(.text)
    EXTI4_IRQHandler                         0x080002c7   Thumb Code     0  startup_stm32h750xx.o(.text)
    EXTI9_5_IRQHandler                       0x080002c7   Thumb Code     0  startup_stm32h750xx.o(.text)
    FDCAN1_IT1_IRQHandler                    0x080002c7   Thumb Code     0  startup_stm32h750xx.o(.text)
    FDCAN2_IT0_IRQHandler                    0x080002c7   Thumb Code     0  startup_stm32h750xx.o(.text)
    FDCAN2_IT1_IRQHandler                    0x080002c7   Thumb Code     0  startup_stm32h750xx.o(.text)
    FDCAN_CAL_IRQHandler                     0x080002c7   Thumb Code     0  startup_stm32h750xx.o(.text)
    FLASH_IRQHandler                         0x080002c7   Thumb Code     0  startup_stm32h750xx.o(.text)
    FMC_IRQHandler                           0x080002c7   Thumb Code     0  startup_stm32h750xx.o(.text)
    FPU_IRQHandler                           0x080002c7   Thumb Code     0  startup_stm32h750xx.o(.text)
    HASH_RNG_IRQHandler                      0x080002c7   Thumb Code     0  startup_stm32h750xx.o(.text)
    HRTIM1_FLT_IRQHandler                    0x080002c7   Thumb Code     0  startup_stm32h750xx.o(.text)
    HRTIM1_Master_IRQHandler                 0x080002c7   Thumb Code     0  startup_stm32h750xx.o(.text)
    HRTIM1_TIMA_IRQHandler                   0x080002c7   Thumb Code     0  startup_stm32h750xx.o(.text)
    HRTIM1_TIMB_IRQHandler                   0x080002c7   Thumb Code     0  startup_stm32h750xx.o(.text)
    HRTIM1_TIMC_IRQHandler                   0x080002c7   Thumb Code     0  startup_stm32h750xx.o(.text)
    HRTIM1_TIMD_IRQHandler                   0x080002c7   Thumb Code     0  startup_stm32h750xx.o(.text)
    HRTIM1_TIME_IRQHandler                   0x080002c7   Thumb Code     0  startup_stm32h750xx.o(.text)
    HSEM1_IRQHandler                         0x080002c7   Thumb Code     0  startup_stm32h750xx.o(.text)
    I2C1_ER_IRQHandler                       0x080002c7   Thumb Code     0  startup_stm32h750xx.o(.text)
    I2C1_EV_IRQHandler                       0x080002c7   Thumb Code     0  startup_stm32h750xx.o(.text)
    I2C2_ER_IRQHandler                       0x080002c7   Thumb Code     0  startup_stm32h750xx.o(.text)
    I2C2_EV_IRQHandler                       0x080002c7   Thumb Code     0  startup_stm32h750xx.o(.text)
    I2C3_ER_IRQHandler                       0x080002c7   Thumb Code     0  startup_stm32h750xx.o(.text)
    I2C3_EV_IRQHandler                       0x080002c7   Thumb Code     0  startup_stm32h750xx.o(.text)
    I2C4_ER_IRQHandler                       0x080002c7   Thumb Code     0  startup_stm32h750xx.o(.text)
    I2C4_EV_IRQHandler                       0x080002c7   Thumb Code     0  startup_stm32h750xx.o(.text)
    JPEG_IRQHandler                          0x080002c7   Thumb Code     0  startup_stm32h750xx.o(.text)
    LPTIM1_IRQHandler                        0x080002c7   Thumb Code     0  startup_stm32h750xx.o(.text)
    LPTIM2_IRQHandler                        0x080002c7   Thumb Code     0  startup_stm32h750xx.o(.text)
    LPTIM3_IRQHandler                        0x080002c7   Thumb Code     0  startup_stm32h750xx.o(.text)
    LPTIM4_IRQHandler                        0x080002c7   Thumb Code     0  startup_stm32h750xx.o(.text)
    LPTIM5_IRQHandler                        0x080002c7   Thumb Code     0  startup_stm32h750xx.o(.text)
    LPUART1_IRQHandler                       0x080002c7   Thumb Code     0  startup_stm32h750xx.o(.text)
    LTDC_ER_IRQHandler                       0x080002c7   Thumb Code     0  startup_stm32h750xx.o(.text)
    LTDC_IRQHandler                          0x080002c7   Thumb Code     0  startup_stm32h750xx.o(.text)
    MDIOS_IRQHandler                         0x080002c7   Thumb Code     0  startup_stm32h750xx.o(.text)
    MDIOS_WKUP_IRQHandler                    0x080002c7   Thumb Code     0  startup_stm32h750xx.o(.text)
    MDMA_IRQHandler                          0x080002c7   Thumb Code     0  startup_stm32h750xx.o(.text)
    OTG_FS_EP1_IN_IRQHandler                 0x080002c7   Thumb Code     0  startup_stm32h750xx.o(.text)
    OTG_FS_EP1_OUT_IRQHandler                0x080002c7   Thumb Code     0  startup_stm32h750xx.o(.text)
    OTG_FS_IRQHandler                        0x080002c7   Thumb Code     0  startup_stm32h750xx.o(.text)
    OTG_FS_WKUP_IRQHandler                   0x080002c7   Thumb Code     0  startup_stm32h750xx.o(.text)
    OTG_HS_EP1_IN_IRQHandler                 0x080002c7   Thumb Code     0  startup_stm32h750xx.o(.text)
    OTG_HS_EP1_OUT_IRQHandler                0x080002c7   Thumb Code     0  startup_stm32h750xx.o(.text)
    OTG_HS_IRQHandler                        0x080002c7   Thumb Code     0  startup_stm32h750xx.o(.text)
    OTG_HS_WKUP_IRQHandler                   0x080002c7   Thumb Code     0  startup_stm32h750xx.o(.text)
    PVD_AVD_IRQHandler                       0x080002c7   Thumb Code     0  startup_stm32h750xx.o(.text)
    QUADSPI_IRQHandler                       0x080002c7   Thumb Code     0  startup_stm32h750xx.o(.text)
    RCC_IRQHandler                           0x080002c7   Thumb Code     0  startup_stm32h750xx.o(.text)
    RTC_Alarm_IRQHandler                     0x080002c7   Thumb Code     0  startup_stm32h750xx.o(.text)
    RTC_WKUP_IRQHandler                      0x080002c7   Thumb Code     0  startup_stm32h750xx.o(.text)
    SAI1_IRQHandler                          0x080002c7   Thumb Code     0  startup_stm32h750xx.o(.text)
    SAI2_IRQHandler                          0x080002c7   Thumb Code     0  startup_stm32h750xx.o(.text)
    SAI3_IRQHandler                          0x080002c7   Thumb Code     0  startup_stm32h750xx.o(.text)
    SAI4_IRQHandler                          0x080002c7   Thumb Code     0  startup_stm32h750xx.o(.text)
    SDMMC1_IRQHandler                        0x080002c7   Thumb Code     0  startup_stm32h750xx.o(.text)
    SDMMC2_IRQHandler                        0x080002c7   Thumb Code     0  startup_stm32h750xx.o(.text)
    SPDIF_RX_IRQHandler                      0x080002c7   Thumb Code     0  startup_stm32h750xx.o(.text)
    SPI1_IRQHandler                          0x080002c7   Thumb Code     0  startup_stm32h750xx.o(.text)
    SPI2_IRQHandler                          0x080002c7   Thumb Code     0  startup_stm32h750xx.o(.text)
    SPI3_IRQHandler                          0x080002c7   Thumb Code     0  startup_stm32h750xx.o(.text)
    SPI4_IRQHandler                          0x080002c7   Thumb Code     0  startup_stm32h750xx.o(.text)
    SPI5_IRQHandler                          0x080002c7   Thumb Code     0  startup_stm32h750xx.o(.text)
    SPI6_IRQHandler                          0x080002c7   Thumb Code     0  startup_stm32h750xx.o(.text)
    SWPMI1_IRQHandler                        0x080002c7   Thumb Code     0  startup_stm32h750xx.o(.text)
    TAMP_STAMP_IRQHandler                    0x080002c7   Thumb Code     0  startup_stm32h750xx.o(.text)
    TIM15_IRQHandler                         0x080002c7   Thumb Code     0  startup_stm32h750xx.o(.text)
    TIM16_IRQHandler                         0x080002c7   Thumb Code     0  startup_stm32h750xx.o(.text)
    TIM17_IRQHandler                         0x080002c7   Thumb Code     0  startup_stm32h750xx.o(.text)
    TIM1_BRK_IRQHandler                      0x080002c7   Thumb Code     0  startup_stm32h750xx.o(.text)
    TIM1_CC_IRQHandler                       0x080002c7   Thumb Code     0  startup_stm32h750xx.o(.text)
    TIM1_TRG_COM_IRQHandler                  0x080002c7   Thumb Code     0  startup_stm32h750xx.o(.text)
    TIM1_UP_IRQHandler                       0x080002c7   Thumb Code     0  startup_stm32h750xx.o(.text)
    TIM3_IRQHandler                          0x080002c7   Thumb Code     0  startup_stm32h750xx.o(.text)
    TIM4_IRQHandler                          0x080002c7   Thumb Code     0  startup_stm32h750xx.o(.text)
    TIM5_IRQHandler                          0x080002c7   Thumb Code     0  startup_stm32h750xx.o(.text)
    TIM6_DAC_IRQHandler                      0x080002c7   Thumb Code     0  startup_stm32h750xx.o(.text)
    TIM7_IRQHandler                          0x080002c7   Thumb Code     0  startup_stm32h750xx.o(.text)
    TIM8_BRK_TIM12_IRQHandler                0x080002c7   Thumb Code     0  startup_stm32h750xx.o(.text)
    TIM8_CC_IRQHandler                       0x080002c7   Thumb Code     0  startup_stm32h750xx.o(.text)
    TIM8_TRG_COM_TIM14_IRQHandler            0x080002c7   Thumb Code     0  startup_stm32h750xx.o(.text)
    TIM8_UP_TIM13_IRQHandler                 0x080002c7   Thumb Code     0  startup_stm32h750xx.o(.text)
    UART4_IRQHandler                         0x080002c7   Thumb Code     0  startup_stm32h750xx.o(.text)
    UART5_IRQHandler                         0x080002c7   Thumb Code     0  startup_stm32h750xx.o(.text)
    UART7_IRQHandler                         0x080002c7   Thumb Code     0  startup_stm32h750xx.o(.text)
    UART8_IRQHandler                         0x080002c7   Thumb Code     0  startup_stm32h750xx.o(.text)
    USART2_IRQHandler                        0x080002c7   Thumb Code     0  startup_stm32h750xx.o(.text)
    USART3_IRQHandler                        0x080002c7   Thumb Code     0  startup_stm32h750xx.o(.text)
    USART6_IRQHandler                        0x080002c7   Thumb Code     0  startup_stm32h750xx.o(.text)
    WAKEUP_PIN_IRQHandler                    0x080002c7   Thumb Code     0  startup_stm32h750xx.o(.text)
    WWDG_IRQHandler                          0x080002c7   Thumb Code     0  startup_stm32h750xx.o(.text)
    __aeabi_uldivmod                         0x080002d1   Thumb Code    98  uldiv.o(.text)
    __aeabi_memset                           0x08000333   Thumb Code    14  memseta.o(.text)
    __aeabi_memset4                          0x08000333   Thumb Code     0  memseta.o(.text)
    __aeabi_memset8                          0x08000333   Thumb Code     0  memseta.o(.text)
    __aeabi_memclr                           0x08000341   Thumb Code     4  memseta.o(.text)
    __aeabi_memclr4                          0x08000341   Thumb Code     0  memseta.o(.text)
    __aeabi_memclr8                          0x08000341   Thumb Code     0  memseta.o(.text)
    _memset$wrapper                          0x08000345   Thumb Code    18  memseta.o(.text)
    __aeabi_llsl                             0x08000357   Thumb Code    30  llshl.o(.text)
    _ll_shift_l                              0x08000357   Thumb Code     0  llshl.o(.text)
    __aeabi_llsr                             0x08000375   Thumb Code    32  llushr.o(.text)
    _ll_ushift_r                             0x08000375   Thumb Code     0  llushr.o(.text)
    __I$use$fp                               0x08000395   Thumb Code     0  iusefp.o(.text)
    __scatterload                            0x08000395   Thumb Code    28  init.o(.text)
    __scatterload_rt2                        0x08000395   Thumb Code     0  init.o(.text)
    Arms_Drive                               0x08000429   Thumb Code   612  gimbalmotor.o(.text.Arms_Drive)
    BoardCommuni_Task                        0x08000691   Thumb Code    12  boardcommuni_task.o(.text.BoardCommuni_Task)
    BusFault_Handler                         0x080006a1   Thumb Code     2  stm32h7xx_it.o(.text.BusFault_Handler)
    CAN1_C620_OR_C610_201_TO_204_SendMsg     0x080006a9   Thumb Code   100  bsp_can.o(.text.CAN1_C620_OR_C610_201_TO_204_SendMsg)
    CAN_A2B_RC_Send                          0x08000711   Thumb Code   114  boardcommuni.o(.text.CAN_A2B_RC_Send)
    CAN_DATA_Encoder_Deal                    0x08000789   Thumb Code   260  bsp_motor_encoder.o(.text.CAN_DATA_Encoder_Deal)
    DMA1_Stream0_IRQHandler                  0x08000891   Thumb Code    12  stm32h7xx_it.o(.text.DMA1_Stream0_IRQHandler)
    DebugMon_Handler                         0x08000cb9   Thumb Code     2  stm32h7xx_it.o(.text.DebugMon_Handler)
    Detect_Task                              0x08000cc1   Thumb Code   376  detect_task.o(.text.Detect_Task)
    ECF_CAN_Init                             0x08000e39   Thumb Code   130  bsp_can.o(.text.ECF_CAN_Init)
    ECF_CAN_Rx_Callback_Register             0x08000ec1   Thumb Code     4  bsp_can.o(.text.ECF_CAN_Rx_Callback_Register)
    ECF_CAN_Send_Msg_FIFO                    0x08000ec9   Thumb Code    38  bsp_can.o(.text.ECF_CAN_Send_Msg_FIFO)
    ECF_PWM_50HZ_Output_Init                 0x08000ef1   Thumb Code    86  bsp_pwm.o(.text.ECF_PWM_50HZ_Output_Init)
    ECF_RC_Init                              0x08000f49   Thumb Code     4  bsp_dr16.o(.text.ECF_RC_Init)
    Encoder_Init                             0x08000f51   Thumb Code   126  bsp_motor_encoder.o(.text.Encoder_Init)
    Error_Handler                            0x08000fd1   Thumb Code    10  main.o(.text.Error_Handler)
    FDCAN1_IT0_IRQHandler                    0x08000fe1   Thumb Code    12  stm32h7xx_it.o(.text.FDCAN1_IT0_IRQHandler)
    FSM_Deal                                 0x08001071   Thumb Code    80  fsm.o(.text.FSM_Deal)
    Gimbal_Fsm_Init                          0x080010c1   Thumb Code   268  gimbal_fsm.o(.text.Gimbal_Fsm_Init)
    Gimbal_Motor_Init                        0x080011d1   Thumb Code   812  gimbalmotor.o(.text.Gimbal_Motor_Init)
    Gimbal_PowerOff_Drive                    0x08001501   Thumb Code     2  gimbalmotor.o(.text.Gimbal_PowerOff_Drive)
    Gimbal_Task                              0x08001509   Thumb Code    94  gimbal_task.o(.text.Gimbal_Task)
    HAL_DMA_Abort                            0x08001569   Thumb Code  1260  stm32h7xx_hal_dma.o(.text.HAL_DMA_Abort)
    HAL_DMA_Abort_IT                         0x08001a59   Thumb Code   668  stm32h7xx_hal_dma.o(.text.HAL_DMA_Abort_IT)
    HAL_DMA_IRQHandler                       0x08001cf9   Thumb Code  2712  stm32h7xx_hal_dma.o(.text.HAL_DMA_IRQHandler)
    HAL_DMA_Init                             0x08002791   Thumb Code  1566  stm32h7xx_hal_dma.o(.text.HAL_DMA_Init)
    HAL_DMA_Start_IT                         0x08002db1   Thumb Code   894  stm32h7xx_hal_dma.o(.text.HAL_DMA_Start_IT)
    HAL_Delay                                0x08003131   Thumb Code    40  stm32h7xx_hal.o(.text.HAL_Delay)
    HAL_FDCAN_ActivateNotification           0x08003159   Thumb Code   120  stm32h7xx_hal_fdcan.o(.text.HAL_FDCAN_ActivateNotification)
    HAL_FDCAN_AddMessageToTxFifoQ            0x080031d1   Thumb Code   102  stm32h7xx_hal_fdcan.o(.text.HAL_FDCAN_AddMessageToTxFifoQ)
    HAL_FDCAN_ClockCalibrationCallback       0x08003239   Thumb Code     2  stm32h7xx_hal_fdcan.o(.text.HAL_FDCAN_ClockCalibrationCallback)
    HAL_FDCAN_ConfigFilter                   0x08003241   Thumb Code   136  stm32h7xx_hal_fdcan.o(.text.HAL_FDCAN_ConfigFilter)
    HAL_FDCAN_ConfigGlobalFilter             0x080032c9   Thumb Code    54  stm32h7xx_hal_fdcan.o(.text.HAL_FDCAN_ConfigGlobalFilter)
    HAL_FDCAN_ConfigRxFifoOverwrite          0x08003301   Thumb Code    66  stm32h7xx_hal_fdcan.o(.text.HAL_FDCAN_ConfigRxFifoOverwrite)
    HAL_FDCAN_ErrorCallback                  0x08003349   Thumb Code     2  stm32h7xx_hal_fdcan.o(.text.HAL_FDCAN_ErrorCallback)
    HAL_FDCAN_ErrorStatusCallback            0x08003351   Thumb Code     2  stm32h7xx_hal_fdcan.o(.text.HAL_FDCAN_ErrorStatusCallback)
    HAL_FDCAN_GetRxMessage                   0x08003359   Thumb Code   394  stm32h7xx_hal_fdcan.o(.text.HAL_FDCAN_GetRxMessage)
    HAL_FDCAN_HighPriorityMessageCallback    0x080034e9   Thumb Code     2  stm32h7xx_hal_fdcan.o(.text.HAL_FDCAN_HighPriorityMessageCallback)
    HAL_FDCAN_IRQHandler                     0x080034f1   Thumb Code   790  stm32h7xx_hal_fdcan.o(.text.HAL_FDCAN_IRQHandler)
    HAL_FDCAN_Init                           0x08003809   Thumb Code   966  stm32h7xx_hal_fdcan.o(.text.HAL_FDCAN_Init)
    HAL_FDCAN_MspInit                        0x08003bd1   Thumb Code   328  fdcan.o(.text.HAL_FDCAN_MspInit)
    HAL_FDCAN_RxBufferNewMessageCallback     0x08003d19   Thumb Code     2  stm32h7xx_hal_fdcan.o(.text.HAL_FDCAN_RxBufferNewMessageCallback)
    HAL_FDCAN_RxFifo0Callback                0x08003d21   Thumb Code    40  bsp_can.o(.text.HAL_FDCAN_RxFifo0Callback)
    HAL_FDCAN_RxFifo1Callback                0x08003d49   Thumb Code     2  stm32h7xx_hal_fdcan.o(.text.HAL_FDCAN_RxFifo1Callback)
    HAL_FDCAN_Start                          0x08003d51   Thumb Code    50  stm32h7xx_hal_fdcan.o(.text.HAL_FDCAN_Start)
    HAL_FDCAN_TT_GlobalTimeCallback          0x08003d89   Thumb Code     2  stm32h7xx_hal_fdcan.o(.text.HAL_FDCAN_TT_GlobalTimeCallback)
    HAL_FDCAN_TT_ScheduleSyncCallback        0x08003d91   Thumb Code     2  stm32h7xx_hal_fdcan.o(.text.HAL_FDCAN_TT_ScheduleSyncCallback)
    HAL_FDCAN_TT_StopWatchCallback           0x08003d99   Thumb Code     2  stm32h7xx_hal_fdcan.o(.text.HAL_FDCAN_TT_StopWatchCallback)
    HAL_FDCAN_TT_TimeMarkCallback            0x08003da1   Thumb Code     2  stm32h7xx_hal_fdcan.o(.text.HAL_FDCAN_TT_TimeMarkCallback)
    HAL_FDCAN_TimeoutOccurredCallback        0x08003da9   Thumb Code     2  stm32h7xx_hal_fdcan.o(.text.HAL_FDCAN_TimeoutOccurredCallback)
    HAL_FDCAN_TimestampWraparoundCallback    0x08003db1   Thumb Code     2  stm32h7xx_hal_fdcan.o(.text.HAL_FDCAN_TimestampWraparoundCallback)
    HAL_FDCAN_TxBufferAbortCallback          0x08003db9   Thumb Code     2  stm32h7xx_hal_fdcan.o(.text.HAL_FDCAN_TxBufferAbortCallback)
    HAL_FDCAN_TxBufferCompleteCallback       0x08003dc1   Thumb Code     2  stm32h7xx_hal_fdcan.o(.text.HAL_FDCAN_TxBufferCompleteCallback)
    HAL_FDCAN_TxEventFifoCallback            0x08003dc9   Thumb Code     2  stm32h7xx_hal_fdcan.o(.text.HAL_FDCAN_TxEventFifoCallback)
    HAL_FDCAN_TxFifoEmptyCallback            0x08003dd1   Thumb Code     2  stm32h7xx_hal_fdcan.o(.text.HAL_FDCAN_TxFifoEmptyCallback)
    HAL_GPIO_Init                            0x08003dd9   Thumb Code   414  stm32h7xx_hal_gpio.o(.text.HAL_GPIO_Init)
    HAL_GPIO_WritePin                        0x08003f79   Thumb Code    10  stm32h7xx_hal_gpio.o(.text.HAL_GPIO_WritePin)
    HAL_GetREVID                             0x08003f89   Thumb Code    14  stm32h7xx_hal.o(.text.HAL_GetREVID)
    HAL_GetTick                              0x08003f99   Thumb Code    12  stm32h7xx_hal.o(.text.HAL_GetTick)
    HAL_IncTick                              0x08003fa9   Thumb Code    26  stm32h7xx_hal.o(.text.HAL_IncTick)
    HAL_Init                                 0x08003fc9   Thumb Code   100  stm32h7xx_hal.o(.text.HAL_Init)
    HAL_InitTick                             0x08004031   Thumb Code   160  stm32h7xx_hal_timebase_tim.o(.text.HAL_InitTick)
    HAL_MspInit                              0x080040d1   Thumb Code    42  stm32h7xx_hal_msp.o(.text.HAL_MspInit)
    HAL_NVIC_EnableIRQ                       0x08004101   Thumb Code    32  stm32h7xx_hal_cortex.o(.text.HAL_NVIC_EnableIRQ)
    HAL_NVIC_SetPriority                     0x08004121   Thumb Code    90  stm32h7xx_hal_cortex.o(.text.HAL_NVIC_SetPriority)
    HAL_NVIC_SetPriorityGrouping             0x08004181   Thumb Code    32  stm32h7xx_hal_cortex.o(.text.HAL_NVIC_SetPriorityGrouping)
    HAL_PWREx_ConfigSupply                   0x080041a1   Thumb Code    72  stm32h7xx_hal_pwr_ex.o(.text.HAL_PWREx_ConfigSupply)
    HAL_RCCEx_GetD3PCLK1Freq                 0x080041e9   Thumb Code    38  stm32h7xx_hal_rcc_ex.o(.text.HAL_RCCEx_GetD3PCLK1Freq)
    HAL_RCCEx_GetPLL2ClockFreq               0x08004211   Thumb Code   296  stm32h7xx_hal_rcc_ex.o(.text.HAL_RCCEx_GetPLL2ClockFreq)
    HAL_RCCEx_GetPLL3ClockFreq               0x08004339   Thumb Code   296  stm32h7xx_hal_rcc_ex.o(.text.HAL_RCCEx_GetPLL3ClockFreq)
    HAL_RCCEx_PeriphCLKConfig                0x08004461   Thumb Code  2572  stm32h7xx_hal_rcc_ex.o(.text.HAL_RCCEx_PeriphCLKConfig)
    HAL_RCC_ClockConfig                      0x08004e71   Thumb Code   600  stm32h7xx_hal_rcc.o(.text.HAL_RCC_ClockConfig)
    HAL_RCC_GetClockConfig                   0x080050c9   Thumb Code    88  stm32h7xx_hal_rcc.o(.text.HAL_RCC_GetClockConfig)
    HAL_RCC_GetHCLKFreq                      0x08005121   Thumb Code    76  stm32h7xx_hal_rcc.o(.text.HAL_RCC_GetHCLKFreq)
    HAL_RCC_GetPCLK1Freq                     0x08005171   Thumb Code    96  stm32h7xx_hal_rcc.o(.text.HAL_RCC_GetPCLK1Freq)
    HAL_RCC_GetPCLK2Freq                     0x080051d1   Thumb Code    96  stm32h7xx_hal_rcc.o(.text.HAL_RCC_GetPCLK2Freq)
    HAL_RCC_GetSysClockFreq                  0x08005231   Thumb Code   268  stm32h7xx_hal_rcc.o(.text.HAL_RCC_GetSysClockFreq)
    HAL_RCC_OscConfig                        0x08005341   Thumb Code  1670  stm32h7xx_hal_rcc.o(.text.HAL_RCC_OscConfig)
    HAL_TIMEx_Break2Callback                 0x080059c9   Thumb Code     2  stm32h7xx_hal_tim_ex.o(.text.HAL_TIMEx_Break2Callback)
    HAL_TIMEx_BreakCallback                  0x080059d1   Thumb Code     2  stm32h7xx_hal_tim_ex.o(.text.HAL_TIMEx_BreakCallback)
    HAL_TIMEx_CommutCallback                 0x080059d9   Thumb Code     2  stm32h7xx_hal_tim_ex.o(.text.HAL_TIMEx_CommutCallback)
    HAL_TIMEx_ConfigBreakDeadTime            0x080059e1   Thumb Code   166  stm32h7xx_hal_tim_ex.o(.text.HAL_TIMEx_ConfigBreakDeadTime)
    HAL_TIMEx_MasterConfigSynchronization    0x08005a89   Thumb Code   204  stm32h7xx_hal_tim_ex.o(.text.HAL_TIMEx_MasterConfigSynchronization)
    HAL_TIM_Base_Init                        0x08005b59   Thumb Code    96  stm32h7xx_hal_tim.o(.text.HAL_TIM_Base_Init)
    HAL_TIM_Base_MspInit                     0x08005bb9   Thumb Code     2  stm32h7xx_hal_tim.o(.text.HAL_TIM_Base_MspInit)
    HAL_TIM_Base_Start                       0x08005bc1   Thumb Code   170  stm32h7xx_hal_tim.o(.text.HAL_TIM_Base_Start)
    HAL_TIM_Base_Start_IT                    0x08005c71   Thumb Code   178  stm32h7xx_hal_tim.o(.text.HAL_TIM_Base_Start_IT)
    HAL_TIM_IC_CaptureCallback               0x08005d29   Thumb Code     2  stm32h7xx_hal_tim.o(.text.HAL_TIM_IC_CaptureCallback)
    HAL_TIM_IRQHandler                       0x08005d31   Thumb Code   392  stm32h7xx_hal_tim.o(.text.HAL_TIM_IRQHandler)
    HAL_TIM_MspPostInit                      0x08005eb9   Thumb Code   202  tim.o(.text.HAL_TIM_MspPostInit)
    HAL_TIM_OC_DelayElapsedCallback          0x08005f89   Thumb Code     2  stm32h7xx_hal_tim.o(.text.HAL_TIM_OC_DelayElapsedCallback)
    HAL_TIM_PWM_ConfigChannel                0x08005f91   Thumb Code  1188  stm32h7xx_hal_tim.o(.text.HAL_TIM_PWM_ConfigChannel)
    HAL_TIM_PWM_Init                         0x08006439   Thumb Code    96  stm32h7xx_hal_tim.o(.text.HAL_TIM_PWM_Init)
    HAL_TIM_PWM_MspInit                      0x08006499   Thumb Code   134  tim.o(.text.HAL_TIM_PWM_MspInit)
    HAL_TIM_PWM_PulseFinishedCallback        0x08006521   Thumb Code     2  stm32h7xx_hal_tim.o(.text.HAL_TIM_PWM_PulseFinishedCallback)
    HAL_TIM_PWM_Start                        0x08006529   Thumb Code   436  stm32h7xx_hal_tim.o(.text.HAL_TIM_PWM_Start)
    HAL_TIM_PeriodElapsedCallback            0x080066e1   Thumb Code    14  main.o(.text.HAL_TIM_PeriodElapsedCallback)
    HAL_TIM_TriggerCallback                  0x080066f1   Thumb Code     2  stm32h7xx_hal_tim.o(.text.HAL_TIM_TriggerCallback)
    HAL_UARTEx_DisableFifoMode               0x080066f9   Thumb Code    54  stm32h7xx_hal_uart_ex.o(.text.HAL_UARTEx_DisableFifoMode)
    HAL_UARTEx_RxEventCallback               0x08006731   Thumb Code     2  stm32h7xx_hal_uart.o(.text.HAL_UARTEx_RxEventCallback)
    HAL_UARTEx_RxFifoFullCallback            0x08006739   Thumb Code     2  stm32h7xx_hal_uart_ex.o(.text.HAL_UARTEx_RxFifoFullCallback)
    HAL_UARTEx_SetRxFifoThreshold            0x08006741   Thumb Code   146  stm32h7xx_hal_uart_ex.o(.text.HAL_UARTEx_SetRxFifoThreshold)
    HAL_UARTEx_SetTxFifoThreshold            0x080067d9   Thumb Code   146  stm32h7xx_hal_uart_ex.o(.text.HAL_UARTEx_SetTxFifoThreshold)
    HAL_UARTEx_TxFifoEmptyCallback           0x08006871   Thumb Code     2  stm32h7xx_hal_uart_ex.o(.text.HAL_UARTEx_TxFifoEmptyCallback)
    HAL_UARTEx_WakeupCallback                0x08006879   Thumb Code     2  stm32h7xx_hal_uart_ex.o(.text.HAL_UARTEx_WakeupCallback)
    HAL_UART_ErrorCallback                   0x08006881   Thumb Code     2  stm32h7xx_hal_uart.o(.text.HAL_UART_ErrorCallback)
    HAL_UART_IRQHandler                      0x08006889   Thumb Code  1136  stm32h7xx_hal_uart.o(.text.HAL_UART_IRQHandler)
    HAL_UART_Init                            0x08006cf9   Thumb Code   100  stm32h7xx_hal_uart.o(.text.HAL_UART_Init)
    HAL_UART_MspInit                         0x08006d61   Thumb Code   228  usart.o(.text.HAL_UART_MspInit)
    HAL_UART_Receive_DMA                     0x08006e49   Thumb Code   236  stm32h7xx_hal_uart.o(.text.HAL_UART_Receive_DMA)
    HAL_UART_RxCpltCallback                  0x08006f39   Thumb Code     2  stm32h7xx_hal_uart.o(.text.HAL_UART_RxCpltCallback)
    HAL_UART_RxHalfCpltCallback              0x08006f41   Thumb Code     2  stm32h7xx_hal_uart.o(.text.HAL_UART_RxHalfCpltCallback)
    HAL_UART_TxCpltCallback                  0x08006f49   Thumb Code     2  stm32h7xx_hal_uart.o(.text.HAL_UART_TxCpltCallback)
    HardFault_Handler                        0x08006f51   Thumb Code     2  stm32h7xx_it.o(.text.HardFault_Handler)
    MX_DMA_Init                              0x08006ff1   Thumb Code    52  dma.o(.text.MX_DMA_Init)
    MX_FDCAN1_Init                           0x08007029   Thumb Code   118  fdcan.o(.text.MX_FDCAN1_Init)
    MX_FDCAN2_Init                           0x080070a1   Thumb Code   116  fdcan.o(.text.MX_FDCAN2_Init)
    MX_FREERTOS_Init                         0x08007119   Thumb Code   388  freertos.o(.text.MX_FREERTOS_Init)
    MX_GPIO_Init                             0x080072a1   Thumb Code   156  gpio.o(.text.MX_GPIO_Init)
    MX_TIM1_Init                             0x08007341   Thumb Code   234  tim.o(.text.MX_TIM1_Init)
    MX_TIM3_Init                             0x08007431   Thumb Code   144  tim.o(.text.MX_TIM3_Init)
    MX_TIM8_Init                             0x080074c1   Thumb Code   236  tim.o(.text.MX_TIM8_Init)
    MX_USART1_UART_Init                      0x080075b1   Thumb Code   136  usart.o(.text.MX_USART1_UART_Init)
    MemManage_Handler                        0x08007639   Thumb Code     2  stm32h7xx_it.o(.text.MemManage_Handler)
    MotorDataDeal                            0x08007641   Thumb Code   334  gimbalmotor.o(.text.MotorDataDeal)
    NMI_Handler                              0x08007791   Thumb Code     2  stm32h7xx_it.o(.text.NMI_Handler)
    PendSV_Handler                           0x080077c1   Thumb Code   100  port.o(.text.PendSV_Handler)
    PidCalculate                             0x08007829   Thumb Code   580  pid.o(.text.PidCalculate)
    PidInit                                  0x08007a71   Thumb Code    48  pid.o(.text.PidInit)
    PidInitMode                              0x08007aa1   Thumb Code   154  pid.o(.text.PidInitMode)
    RC_Check_Data_IS_ERROR                   0x08007d99   Thumb Code   134  bsp_dr16.o(.text.RC_Check_Data_IS_ERROR)
    RC_DataProcess                           0x08007e21   Thumb Code   214  bsp_dr16.o(.text.RC_DataProcess)
    RC_DataReload                            0x08007ef9   Thumb Code    32  bsp_dr16.o(.text.RC_DataReload)
    RC_Get_RC_Pointer                        0x08007f19   Thumb Code    10  bsp_dr16.o(.text.RC_Get_RC_Pointer)
    RC_Init                                  0x08007f29   Thumb Code    78  bsp_dr16.o(.text.RC_Init)
    RC_UART_Handler                          0x08007f79   Thumb Code    32  bsp_dr16.o(.text.RC_UART_Handler)
    Remote_Data_Deal                         0x08007f99   Thumb Code   400  remotedeal.o(.text.Remote_Data_Deal)
    Remote_Data_Init                         0x08008129   Thumb Code   136  remotedeal.o(.text.Remote_Data_Init)
    Remote_Task                              0x080081b1   Thumb Code    24  remote_task.o(.text.Remote_Task)
    Reserve_Drive                            0x080081c9   Thumb Code     2  gimbalmotor.o(.text.Reserve_Drive)
    Return_Gimbal_FSM                        0x080081d1   Thumb Code    10  gimbal_fsm.o(.text.Return_Gimbal_FSM)
    Return_Grasp_t_Pointer                   0x080081e1   Thumb Code    10  gimbalmotor.o(.text.Return_Grasp_t_Pointer)
    Return_RemoteDeal_Point                  0x080081f1   Thumb Code    10  remotedeal.o(.text.Return_RemoteDeal_Point)
    SVC_Handler                              0x08008201   Thumb Code    36  port.o(.text.SVC_Handler)
    StartDefaultTask                         0x08008229   Thumb Code     8  freertos.o(.text.StartDefaultTask)
    StateChange                              0x08008231   Thumb Code     8  fsm.o(.text.StateChange)
    SysTick_Handler                          0x08008239   Thumb Code    46  port.o(.text.SysTick_Handler)
    Sys_Init                                 0x08008269   Thumb Code    18  sysinit.o(.text.Sys_Init)
    SystemClock_Config                       0x08008281   Thumb Code   270  main.o(.text.SystemClock_Config)
    SystemInit                               0x08008391   Thumb Code   204  system_stm32h7xx.o(.text.SystemInit)
    TIM2_IRQHandler                          0x08008461   Thumb Code    12  stm32h7xx_it.o(.text.TIM2_IRQHandler)
    TIM_Base_SetConfig                       0x08008471   Thumb Code   314  stm32h7xx_hal_tim.o(.text.TIM_Base_SetConfig)
    Three_Degrees_Arms_Init                  0x080085b1   Thumb Code    48  gimbalmotor.o(.text.Three_Degrees_Arms_Init)
    UART_AdvFeatureConfig                    0x080085e1   Thumb Code   224  stm32h7xx_hal_uart.o(.text.UART_AdvFeatureConfig)
    UART_CheckIdleState                      0x080086c1   Thumb Code   184  stm32h7xx_hal_uart.o(.text.UART_CheckIdleState)
    UART_SetConfig                           0x080088f9   Thumb Code  1200  stm32h7xx_hal_uart.o(.text.UART_SetConfig)
    UART_WaitOnFlagUntilTimeout              0x08008db1   Thumb Code   318  stm32h7xx_hal_uart.o(.text.UART_WaitOnFlagUntilTimeout)
    USART1_IRQHandler                        0x08008ef1   Thumb Code    56  stm32h7xx_it.o(.text.USART1_IRQHandler)
    UsageFault_Handler                       0x08008f29   Thumb Code     2  stm32h7xx_it.o(.text.UsageFault_Handler)
    arm_power_f32                            0x08008f31   Thumb Code   108  statisticsfunctions.o(.text.arm_power_f32)
    detect_hook                              0x08008fa1   Thumb Code   102  detect_task.o(.text.detect_hook)
    first_order_filter                       0x08009009   Thumb Code    42  filter.o(.text.first_order_filter)
    first_order_filter_init                  0x08009039   Thumb Code    20  filter.o(.text.first_order_filter_init)
    main                                     0x08009051   Thumb Code   118  main.o(.text.main)
    motor_position_speed_control             0x080090c9   Thumb Code    46  pid.o(.text.motor_position_speed_control)
    osDelay                                  0x080090f9   Thumb Code    16  cmsis_os.o(.text.osDelay)
    osKernelStart                            0x08009109   Thumb Code    10  cmsis_os.o(.text.osKernelStart)
    osThreadCreate                           0x08009119   Thumb Code    94  cmsis_os.o(.text.osThreadCreate)
    pvPortMalloc                             0x08009391   Thumb Code   454  heap_4.o(.text.pvPortMalloc)
    pxPortInitialiseStack                    0x08009559   Thumb Code    44  port.o(.text.pxPortInitialiseStack)
    uxListRemove                             0x08009589   Thumb Code    42  list.o(.text.uxListRemove)
    vApplicationGetIdleTaskMemory            0x080095b9   Thumb Code    26  freertos.o(.text.vApplicationGetIdleTaskMemory)
    vListInitialise                          0x080095d9   Thumb Code    22  list.o(.text.vListInitialise)
    vListInitialiseItem                      0x080095f1   Thumb Code     6  list.o(.text.vListInitialiseItem)
    vListInsert                              0x080095f9   Thumb Code    58  list.o(.text.vListInsert)
    vListInsertEnd                           0x08009639   Thumb Code    28  list.o(.text.vListInsertEnd)
    vPortEnterCritical                       0x08009671   Thumb Code    74  port.o(.text.vPortEnterCritical)
    vPortExitCritical                        0x080096c1   Thumb Code    46  port.o(.text.vPortExitCritical)
    vPortFree                                0x080096f1   Thumb Code   210  heap_4.o(.text.vPortFree)
    vPortSetupTimerInterrupt                 0x080097c9   Thumb Code    52  port.o(.text.vPortSetupTimerInterrupt)
    vTaskDelay                               0x08009801   Thumb Code   194  tasks.o(.text.vTaskDelay)
    vTaskStartScheduler                      0x080098c9   Thumb Code   120  tasks.o(.text.vTaskStartScheduler)
    vTaskSuspendAll                          0x08009949   Thumb Code    16  tasks.o(.text.vTaskSuspendAll)
    vTaskSwitchContext                       0x08009959   Thumb Code   134  tasks.o(.text.vTaskSwitchContext)
    xPortStartScheduler                      0x080099e1   Thumb Code   306  port.o(.text.xPortStartScheduler)
    xTaskCreate                              0x08009b19   Thumb Code   196  tasks.o(.text.xTaskCreate)
    xTaskCreateStatic                        0x08009be1   Thumb Code   224  tasks.o(.text.xTaskCreateStatic)
    xTaskGetTickCount                        0x08009cc1   Thumb Code    12  tasks.o(.text.xTaskGetTickCount)
    xTaskIncrementTick                       0x08009cd1   Thumb Code   384  tasks.o(.text.xTaskIncrementTick)
    xTaskResumeAll                           0x08009e51   Thumb Code   316  tasks.o(.text.xTaskResumeAll)
    __hardfp_acosf                           0x08009f8d   Thumb Code   234  acosf.o(i.__hardfp_acosf)
    __mathlib_flt_infnan                     0x0800a0a5   Thumb Code     6  funder.o(i.__mathlib_flt_infnan)
    __mathlib_flt_invalid                    0x0800a0ad   Thumb Code    10  funder.o(i.__mathlib_flt_invalid)
    __scatterload_copy                       0x0800a0bd   Thumb Code    14  handlers.o(i.__scatterload_copy)
    __scatterload_null                       0x0800a0cb   Thumb Code     2  handlers.o(i.__scatterload_null)
    __scatterload_zeroinit                   0x0800a0cd   Thumb Code    14  handlers.o(i.__scatterload_zeroinit)
    __set_errno                              0x0800a0dd   Thumb Code     6  errno.o(i.__set_errno)
    sqrtf                                    0x0800a0e9   Thumb Code    62  sqrtf.o(i.sqrtf)
    D1CorePrescTable                         0x0800a19e   Data          16  system_stm32h7xx.o(.rodata.D1CorePrescTable)
    UARTPrescTable                           0x0800a1ae   Data          24  stm32h7xx_hal_uart.o(.rodata.UARTPrescTable)
    Region$$Table$$Base                      0x0800a228   Number         0  anon$$obj.o(Region$$Table)
    Region$$Table$$Limit                     0x0800a248   Number         0  anon$$obj.o(Region$$Table)
    SystemCoreClock                          0x24000004   Data           4  system_stm32h7xx.o(.data.SystemCoreClock)
    SystemD2Clock                            0x24000008   Data           4  system_stm32h7xx.o(.data.SystemD2Clock)
    pwm                                      0x2400000c   Data           4  main.o(.data.pwm)
    uwTickFreq                               0x24000010   Data           1  stm32h7xx_hal.o(.data.uwTickFreq)
    uwTickPrio                               0x24000014   Data           4  stm32h7xx_hal.o(.data.uwTickPrio)
    Arm_Test                                 0x24000020   Data          12  gimbal_fsm.o(.bss.Arm_Test)
    CAN_Encoder                              0x2400002c   Data         680  bsp_motor_encoder.o(.bss.CAN_Encoder)
    Gimbal                                   0x240002dc   Data          24  gimbal_task.o(.bss.Gimbal)
    Gimbal_Fsm                               0x240002f4   Data          16  gimbal_fsm.o(.bss.Gimbal_Fsm)
    Gimbal_State_Table                       0x24000304   Data         108  gimbal_fsm.o(.bss.Gimbal_State_Table)
    Grasp                                    0x24000370   Data         328  gimbalmotor.o(.bss.Grasp)
    Keyboard                                 0x240004bc   Data          12  gimbal_fsm.o(.bss.Keyboard)
    LIFT                                     0x240004c8   Data          12  gimbal_fsm.o(.bss.LIFT)
    OFFLINE                                  0x240004d4   Data          12  gimbal_fsm.o(.bss.OFFLINE)
    REMOTE                                   0x240004e8   Data         108  remotedeal.o(.bss.REMOTE)
    Sbus_RX_Buffer                           0x24000554   Data          36  bsp_dr16.o(.bss.Sbus_RX_Buffer)
    TD_t                                     0x24000578   Data        1320  gimbalmotor.o(.bss.TD_t)
    Task_BoardCommuHandle                    0x24000aa0   Data           4  freertos.o(.bss.Task_BoardCommuHandle)
    Task_DetectHandle                        0x24000aa4   Data           4  freertos.o(.bss.Task_DetectHandle)
    Task_GimbalHandle                        0x24000aa8   Data           4  freertos.o(.bss.Task_GimbalHandle)
    Task_RemoteHandle                        0x24000aac   Data           4  freertos.o(.bss.Task_RemoteHandle)
    can1_manage                              0x24000ad4   Data           8  bsp_can.o(.bss.can1_manage)
    ch1                                      0x24000adc   Data           4  bsp_dr16.o(.bss.ch1)
    ch2                                      0x24000ae0   Data           4  bsp_dr16.o(.bss.ch2)
    defaultTaskHandle                        0x24000ae4   Data           4  freertos.o(.bss.defaultTaskHandle)
    error_list                               0x24000ae8   Data         240  detect_task.o(.bss.error_list)
    hdma_usart1_rx                           0x24000bd8   Data         120  usart.o(.bss.hdma_usart1_rx)
    hfdcan1                                  0x24000c50   Data         160  fdcan.o(.bss.hfdcan1)
    hfdcan2                                  0x24000cf0   Data         160  fdcan.o(.bss.hfdcan2)
    htim1                                    0x24000d90   Data          76  tim.o(.bss.htim1)
    htim2                                    0x24000ddc   Data          76  stm32h7xx_hal_timebase_tim.o(.bss.htim2)
    htim3                                    0x24000e28   Data          76  tim.o(.bss.htim3)
    htim8                                    0x24000e74   Data          76  tim.o(.bss.htim8)
    huart1                                   0x24000ec0   Data         148  usart.o(.bss.huart1)
    pxCurrentTCB                             0x24000f54   Data           4  tasks.o(.bss.pxCurrentTCB)
    rc_ctl                                   0x24000ff0   Data          64  bsp_dr16.o(.bss.rc_ctl)
    s1                                       0x24001030   Data           1  bsp_dr16.o(.bss.s1)
    s2                                       0x24001031   Data           1  bsp_dr16.o(.bss.s2)
    uwTick                                   0x24004c38   Data           4  stm32h7xx_hal.o(.bss.uwTick)
    __initial_sp                             0x24005340   Data           0  startup_stm32h750xx.o(STACK)



==============================================================================

Memory Map of the image

  Image Entry point : 0x08000299

  Load Region LR_IROM1 (Base: 0x08000000, Size: 0x0000a268, Max: 0x00020000, ABSOLUTE)

    Execution Region ER_IROM1 (Exec base: 0x08000000, Load base: 0x08000000, Size: 0x0000a248, Max: 0x00020000, ABSOLUTE)

    Exec Addr    Load Addr    Size         Type   Attr      Idx    E Section Name        Object

    0x08000000   0x08000000   0x00000298   Data   RO            3    RESET               startup_stm32h750xx.o
    0x08000298   0x08000298   0x00000000   Code   RO         3985  * .ARM.Collect$$$$00000000  mc_w.l(entry.o)
    0x08000298   0x08000298   0x00000004   Code   RO         4061    .ARM.Collect$$$$00000001  mc_w.l(entry2.o)
    0x0800029c   0x0800029c   0x00000004   Code   RO         4064    .ARM.Collect$$$$00000004  mc_w.l(entry5.o)
    0x080002a0   0x080002a0   0x00000000   Code   RO         4066    .ARM.Collect$$$$00000008  mc_w.l(entry7b.o)
    0x080002a0   0x080002a0   0x00000000   Code   RO         4068    .ARM.Collect$$$$0000000A  mc_w.l(entry8b.o)
    0x080002a0   0x080002a0   0x00000008   Code   RO         4069    .ARM.Collect$$$$0000000B  mc_w.l(entry9a.o)
    0x080002a8   0x080002a8   0x00000000   Code   RO         4071    .ARM.Collect$$$$0000000D  mc_w.l(entry10a.o)
    0x080002a8   0x080002a8   0x00000000   Code   RO         4073    .ARM.Collect$$$$0000000F  mc_w.l(entry11a.o)
    0x080002a8   0x080002a8   0x00000004   Code   RO         4062    .ARM.Collect$$$$00002712  mc_w.l(entry2.o)
    0x080002ac   0x080002ac   0x00000024   Code   RO            4    .text               startup_stm32h750xx.o
    0x080002d0   0x080002d0   0x00000062   Code   RO         3988    .text               mc_w.l(uldiv.o)
    0x08000332   0x08000332   0x00000024   Code   RO         3994    .text               mc_w.l(memseta.o)
    0x08000356   0x08000356   0x0000001e   Code   RO         4075    .text               mc_w.l(llshl.o)
    0x08000374   0x08000374   0x00000020   Code   RO         4077    .text               mc_w.l(llushr.o)
    0x08000394   0x08000394   0x00000000   Code   RO         4088    .text               mc_w.l(iusefp.o)
    0x08000394   0x08000394   0x00000024   Code   RO         4091    .text               mc_w.l(init.o)
    0x080003b8   0x080003b8   0x00000002   Code   RO         2402    .text.Arm_Prepare   gimbal_fsm.o
    0x080003ba   0x080003ba   0x00000006   PAD
    0x080003c0   0x080003c0   0x00000016   Code   RO         2400    .text.Arm_State     gimbal_fsm.o
    0x080003d6   0x080003d6   0x00000002   PAD
    0x080003d8   0x080003d8   0x0000004c   Code   RO         2412    .text.Arm_bhv       gimbal_fsm.o
    0x08000424   0x08000424   0x00000004   PAD
    0x08000428   0x08000428   0x00000264   Code   RO         2313    .text.Arms_Drive    gimbalmotor.o
    0x0800068c   0x0800068c   0x00000004   PAD
    0x08000690   0x08000690   0x0000000c   Code   RO         2346    .text.BoardCommuni_Task  boardcommuni_task.o
    0x0800069c   0x0800069c   0x00000004   PAD
    0x080006a0   0x080006a0   0x00000002   Code   RO          133    .text.BusFault_Handler  stm32h7xx_it.o
    0x080006a2   0x080006a2   0x00000006   PAD
    0x080006a8   0x080006a8   0x00000064   Code   RO         1758    .text.CAN1_C620_OR_C610_201_TO_204_SendMsg  bsp_can.o
    0x0800070c   0x0800070c   0x00000004   PAD
    0x08000710   0x08000710   0x00000072   Code   RO         2333    .text.CAN_A2B_RC_Send  boardcommuni.o
    0x08000782   0x08000782   0x00000006   PAD
    0x08000788   0x08000788   0x00000104   Code   RO         1783    .text.CAN_DATA_Encoder_Deal  bsp_motor_encoder.o
    0x0800088c   0x0800088c   0x00000004   PAD
    0x08000890   0x08000890   0x0000000c   Code   RO          139    .text.DMA1_Stream0_IRQHandler  stm32h7xx_it.o
    0x0800089c   0x0800089c   0x00000004   PAD
    0x080008a0   0x080008a0   0x00000118   Code   RO          651    .text.DMA_CalcBaseAndBitshift  stm32h7xx_hal_dma.o
    0x080009b8   0x080009b8   0x000002fe   Code   RO          657    .text.DMA_SetConfig  stm32h7xx_hal_dma.o
    0x08000cb6   0x08000cb6   0x00000002   PAD
    0x08000cb8   0x08000cb8   0x00000002   Code   RO          137    .text.DebugMon_Handler  stm32h7xx_it.o
    0x08000cba   0x08000cba   0x00000006   PAD
    0x08000cc0   0x08000cc0   0x00000178   Code   RO         2360    .text.Detect_Task   detect_task.o
    0x08000e38   0x08000e38   0x00000082   Code   RO         1750    .text.ECF_CAN_Init  bsp_can.o
    0x08000eba   0x08000eba   0x00000006   PAD
    0x08000ec0   0x08000ec0   0x00000004   Code   RO         1752    .text.ECF_CAN_Rx_Callback_Register  bsp_can.o
    0x08000ec4   0x08000ec4   0x00000004   PAD
    0x08000ec8   0x08000ec8   0x00000026   Code   RO         1756    .text.ECF_CAN_Send_Msg_FIFO  bsp_can.o
    0x08000eee   0x08000eee   0x00000002   PAD
    0x08000ef0   0x08000ef0   0x00000056   Code   RO         1807    .text.ECF_PWM_50HZ_Output_Init  bsp_pwm.o
    0x08000f46   0x08000f46   0x00000002   PAD
    0x08000f48   0x08000f48   0x00000004   Code   RO         1732    .text.ECF_RC_Init   bsp_dr16.o
    0x08000f4c   0x08000f4c   0x00000004   PAD
    0x08000f50   0x08000f50   0x0000007e   Code   RO         1779    .text.Encoder_Init  bsp_motor_encoder.o
    0x08000fce   0x08000fce   0x00000002   PAD
    0x08000fd0   0x08000fd0   0x0000000a   Code   RO           15    .text.Error_Handler  main.o
    0x08000fda   0x08000fda   0x00000006   PAD
    0x08000fe0   0x08000fe0   0x0000000c   Code   RO          141    .text.FDCAN1_IT0_IRQHandler  stm32h7xx_it.o
    0x08000fec   0x08000fec   0x00000004   PAD
    0x08000ff0   0x08000ff0   0x0000007e   Code   RO          298    .text.FDCAN_CopyMessageToRAM  stm32h7xx_hal_fdcan.o
    0x0800106e   0x0800106e   0x00000002   PAD
    0x08001070   0x08001070   0x00000050   Code   RO         2374    .text.FSM_Deal      fsm.o
    0x080010c0   0x080010c0   0x0000010c   Code   RO         2388    .text.Gimbal_Fsm_Init  gimbal_fsm.o
    0x080011cc   0x080011cc   0x00000004   PAD
    0x080011d0   0x080011d0   0x0000032c   Code   RO         2307    .text.Gimbal_Motor_Init  gimbalmotor.o
    0x080014fc   0x080014fc   0x00000004   PAD
    0x08001500   0x08001500   0x00000002   Code   RO         2309    .text.Gimbal_PowerOff_Drive  gimbalmotor.o
    0x08001502   0x08001502   0x00000006   PAD
    0x08001508   0x08001508   0x0000005e   Code   RO         2428    .text.Gimbal_Task   gimbal_task.o
    0x08001566   0x08001566   0x00000002   PAD
    0x08001568   0x08001568   0x000004ec   Code   RO          661    .text.HAL_DMA_Abort  stm32h7xx_hal_dma.o
    0x08001a54   0x08001a54   0x00000004   PAD
    0x08001a58   0x08001a58   0x0000029c   Code   RO          663    .text.HAL_DMA_Abort_IT  stm32h7xx_hal_dma.o
    0x08001cf4   0x08001cf4   0x00000004   PAD
    0x08001cf8   0x08001cf8   0x00000a98   Code   RO          667    .text.HAL_DMA_IRQHandler  stm32h7xx_hal_dma.o
    0x08002790   0x08002790   0x0000061e   Code   RO          649    .text.HAL_DMA_Init  stm32h7xx_hal_dma.o
    0x08002dae   0x08002dae   0x00000002   PAD
    0x08002db0   0x08002db0   0x0000037e   Code   RO          659    .text.HAL_DMA_Start_IT  stm32h7xx_hal_dma.o
    0x0800312e   0x0800312e   0x00000002   PAD
    0x08003130   0x08003130   0x00000028   Code   RO          907    .text.HAL_Delay     stm32h7xx_hal.o
    0x08003158   0x08003158   0x00000078   Code   RO          376    .text.HAL_FDCAN_ActivateNotification  stm32h7xx_hal_fdcan.o
    0x080031d0   0x080031d0   0x00000066   Code   RO          296    .text.HAL_FDCAN_AddMessageToTxFifoQ  stm32h7xx_hal_fdcan.o
    0x08003236   0x08003236   0x00000002   PAD
    0x08003238   0x08003238   0x00000002   Code   RO          390    .text.HAL_FDCAN_ClockCalibrationCallback  stm32h7xx_hal_fdcan.o
    0x0800323a   0x0800323a   0x00000006   PAD
    0x08003240   0x08003240   0x00000088   Code   RO          248    .text.HAL_FDCAN_ConfigFilter  stm32h7xx_hal_fdcan.o
    0x080032c8   0x080032c8   0x00000036   Code   RO          250    .text.HAL_FDCAN_ConfigGlobalFilter  stm32h7xx_hal_fdcan.o
    0x080032fe   0x080032fe   0x00000002   PAD
    0x08003300   0x08003300   0x00000042   Code   RO          254    .text.HAL_FDCAN_ConfigRxFifoOverwrite  stm32h7xx_hal_fdcan.o
    0x08003342   0x08003342   0x00000006   PAD
    0x08003348   0x08003348   0x00000002   Code   RO          418    .text.HAL_FDCAN_ErrorCallback  stm32h7xx_hal_fdcan.o
    0x0800334a   0x0800334a   0x00000006   PAD
    0x08003350   0x08003350   0x00000002   Code   RO          408    .text.HAL_FDCAN_ErrorStatusCallback  stm32h7xx_hal_fdcan.o
    0x08003352   0x08003352   0x00000006   PAD
    0x08003358   0x08003358   0x0000018a   Code   RO          308    .text.HAL_FDCAN_GetRxMessage  stm32h7xx_hal_fdcan.o
    0x080034e2   0x080034e2   0x00000006   PAD
    0x080034e8   0x080034e8   0x00000002   Code   RO          386    .text.HAL_FDCAN_HighPriorityMessageCallback  stm32h7xx_hal_fdcan.o
    0x080034ea   0x080034ea   0x00000006   PAD
    0x080034f0   0x080034f0   0x00000316   Code   RO          384    .text.HAL_FDCAN_IRQHandler  stm32h7xx_hal_fdcan.o
    0x08003806   0x08003806   0x00000002   PAD
    0x08003808   0x08003808   0x000003c6   Code   RO          226    .text.HAL_FDCAN_Init  stm32h7xx_hal_fdcan.o
    0x08003bce   0x08003bce   0x00000002   PAD
    0x08003bd0   0x08003bd0   0x00000148   Code   RO           73    .text.HAL_FDCAN_MspInit  fdcan.o
    0x08003d18   0x08003d18   0x00000002   Code   RO          402    .text.HAL_FDCAN_RxBufferNewMessageCallback  stm32h7xx_hal_fdcan.o
    0x08003d1a   0x08003d1a   0x00000006   PAD
    0x08003d20   0x08003d20   0x00000028   Code   RO         1754    .text.HAL_FDCAN_RxFifo0Callback  bsp_can.o
    0x08003d48   0x08003d48   0x00000002   Code   RO          396    .text.HAL_FDCAN_RxFifo1Callback  stm32h7xx_hal_fdcan.o
    0x08003d4a   0x08003d4a   0x00000006   PAD
    0x08003d50   0x08003d50   0x00000032   Code   RO          294    .text.HAL_FDCAN_Start  stm32h7xx_hal_fdcan.o
    0x08003d82   0x08003d82   0x00000006   PAD
    0x08003d88   0x08003d88   0x00000002   Code   RO          416    .text.HAL_FDCAN_TT_GlobalTimeCallback  stm32h7xx_hal_fdcan.o
    0x08003d8a   0x08003d8a   0x00000006   PAD
    0x08003d90   0x08003d90   0x00000002   Code   RO          410    .text.HAL_FDCAN_TT_ScheduleSyncCallback  stm32h7xx_hal_fdcan.o
    0x08003d92   0x08003d92   0x00000006   PAD
    0x08003d98   0x08003d98   0x00000002   Code   RO          414    .text.HAL_FDCAN_TT_StopWatchCallback  stm32h7xx_hal_fdcan.o
    0x08003d9a   0x08003d9a   0x00000006   PAD
    0x08003da0   0x08003da0   0x00000002   Code   RO          412    .text.HAL_FDCAN_TT_TimeMarkCallback  stm32h7xx_hal_fdcan.o
    0x08003da2   0x08003da2   0x00000006   PAD
    0x08003da8   0x08003da8   0x00000002   Code   RO          406    .text.HAL_FDCAN_TimeoutOccurredCallback  stm32h7xx_hal_fdcan.o
    0x08003daa   0x08003daa   0x00000006   PAD
    0x08003db0   0x08003db0   0x00000002   Code   RO          404    .text.HAL_FDCAN_TimestampWraparoundCallback  stm32h7xx_hal_fdcan.o
    0x08003db2   0x08003db2   0x00000006   PAD
    0x08003db8   0x08003db8   0x00000002   Code   RO          388    .text.HAL_FDCAN_TxBufferAbortCallback  stm32h7xx_hal_fdcan.o
    0x08003dba   0x08003dba   0x00000006   PAD
    0x08003dc0   0x08003dc0   0x00000002   Code   RO          400    .text.HAL_FDCAN_TxBufferCompleteCallback  stm32h7xx_hal_fdcan.o
    0x08003dc2   0x08003dc2   0x00000006   PAD
    0x08003dc8   0x08003dc8   0x00000002   Code   RO          392    .text.HAL_FDCAN_TxEventFifoCallback  stm32h7xx_hal_fdcan.o
    0x08003dca   0x08003dca   0x00000006   PAD
    0x08003dd0   0x08003dd0   0x00000002   Code   RO          398    .text.HAL_FDCAN_TxFifoEmptyCallback  stm32h7xx_hal_fdcan.o
    0x08003dd2   0x08003dd2   0x00000006   PAD
    0x08003dd8   0x08003dd8   0x0000019e   Code   RO          595    .text.HAL_GPIO_Init  stm32h7xx_hal_gpio.o
    0x08003f76   0x08003f76   0x00000002   PAD
    0x08003f78   0x08003f78   0x0000000a   Code   RO          601    .text.HAL_GPIO_WritePin  stm32h7xx_hal_gpio.o
    0x08003f82   0x08003f82   0x00000006   PAD
    0x08003f88   0x08003f88   0x0000000e   Code   RO          915    .text.HAL_GetREVID  stm32h7xx_hal.o
    0x08003f96   0x08003f96   0x00000002   PAD
    0x08003f98   0x08003f98   0x0000000c   Code   RO          899    .text.HAL_GetTick   stm32h7xx_hal.o
    0x08003fa4   0x08003fa4   0x00000004   PAD
    0x08003fa8   0x08003fa8   0x0000001a   Code   RO          897    .text.HAL_IncTick   stm32h7xx_hal.o
    0x08003fc2   0x08003fc2   0x00000006   PAD
    0x08003fc8   0x08003fc8   0x00000064   Code   RO          887    .text.HAL_Init      stm32h7xx_hal.o
    0x0800402c   0x0800402c   0x00000004   PAD
    0x08004030   0x08004030   0x000000a0   Code   RO          163    .text.HAL_InitTick  stm32h7xx_hal_timebase_tim.o
    0x080040d0   0x080040d0   0x0000002a   Code   RO          154    .text.HAL_MspInit   stm32h7xx_hal_msp.o
    0x080040fa   0x080040fa   0x00000006   PAD
    0x08004100   0x08004100   0x00000020   Code   RO          182    .text.HAL_NVIC_EnableIRQ  stm32h7xx_hal_cortex.o
    0x08004120   0x08004120   0x0000005a   Code   RO          180    .text.HAL_NVIC_SetPriority  stm32h7xx_hal_cortex.o
    0x0800417a   0x0800417a   0x00000006   PAD
    0x08004180   0x08004180   0x00000020   Code   RO          178    .text.HAL_NVIC_SetPriorityGrouping  stm32h7xx_hal_cortex.o
    0x080041a0   0x080041a0   0x00000048   Code   RO          799    .text.HAL_PWREx_ConfigSupply  stm32h7xx_hal_pwr_ex.o
    0x080041e8   0x080041e8   0x00000026   Code   RO          486    .text.HAL_RCCEx_GetD3PCLK1Freq  stm32h7xx_hal_rcc_ex.o
    0x0800420e   0x0800420e   0x00000002   PAD
    0x08004210   0x08004210   0x00000128   Code   RO          482    .text.HAL_RCCEx_GetPLL2ClockFreq  stm32h7xx_hal_rcc_ex.o
    0x08004338   0x08004338   0x00000128   Code   RO          484    .text.HAL_RCCEx_GetPLL3ClockFreq  stm32h7xx_hal_rcc_ex.o
    0x08004460   0x08004460   0x00000a0c   Code   RO          470    .text.HAL_RCCEx_PeriphCLKConfig  stm32h7xx_hal_rcc_ex.o
    0x08004e6c   0x08004e6c   0x00000004   PAD
    0x08004e70   0x08004e70   0x00000258   Code   RO          438    .text.HAL_RCC_ClockConfig  stm32h7xx_hal_rcc.o
    0x080050c8   0x080050c8   0x00000058   Code   RO          456    .text.HAL_RCC_GetClockConfig  stm32h7xx_hal_rcc.o
    0x08005120   0x08005120   0x0000004c   Code   RO          448    .text.HAL_RCC_GetHCLKFreq  stm32h7xx_hal_rcc.o
    0x0800516c   0x0800516c   0x00000004   PAD
    0x08005170   0x08005170   0x00000060   Code   RO          450    .text.HAL_RCC_GetPCLK1Freq  stm32h7xx_hal_rcc.o
    0x080051d0   0x080051d0   0x00000060   Code   RO          452    .text.HAL_RCC_GetPCLK2Freq  stm32h7xx_hal_rcc.o
    0x08005230   0x08005230   0x0000010c   Code   RO          440    .text.HAL_RCC_GetSysClockFreq  stm32h7xx_hal_rcc.o
    0x0800533c   0x0800533c   0x00000004   PAD
    0x08005340   0x08005340   0x00000686   Code   RO          436    .text.HAL_RCC_OscConfig  stm32h7xx_hal_rcc.o
    0x080059c6   0x080059c6   0x00000002   PAD
    0x080059c8   0x080059c8   0x00000002   Code   RO         1503    .text.HAL_TIMEx_Break2Callback  stm32h7xx_hal_tim_ex.o
    0x080059ca   0x080059ca   0x00000006   PAD
    0x080059d0   0x080059d0   0x00000002   Code   RO         1501    .text.HAL_TIMEx_BreakCallback  stm32h7xx_hal_tim_ex.o
    0x080059d2   0x080059d2   0x00000006   PAD
    0x080059d8   0x080059d8   0x00000002   Code   RO         1497    .text.HAL_TIMEx_CommutCallback  stm32h7xx_hal_tim_ex.o
    0x080059da   0x080059da   0x00000006   PAD
    0x080059e0   0x080059e0   0x000000a6   Code   RO         1487    .text.HAL_TIMEx_ConfigBreakDeadTime  stm32h7xx_hal_tim_ex.o
    0x08005a86   0x08005a86   0x00000002   PAD
    0x08005a88   0x08005a88   0x000000cc   Code   RO         1485    .text.HAL_TIMEx_MasterConfigSynchronization  stm32h7xx_hal_tim_ex.o
    0x08005b54   0x08005b54   0x00000004   PAD
    0x08005b58   0x08005b58   0x00000060   Code   RO         1190    .text.HAL_TIM_Base_Init  stm32h7xx_hal_tim.o
    0x08005bb8   0x08005bb8   0x00000002   Code   RO         1192    .text.HAL_TIM_Base_MspInit  stm32h7xx_hal_tim.o
    0x08005bba   0x08005bba   0x00000006   PAD
    0x08005bc0   0x08005bc0   0x000000aa   Code   RO         1200    .text.HAL_TIM_Base_Start  stm32h7xx_hal_tim.o
    0x08005c6a   0x08005c6a   0x00000006   PAD
    0x08005c70   0x08005c70   0x000000b2   Code   RO         1204    .text.HAL_TIM_Base_Start_IT  stm32h7xx_hal_tim.o
    0x08005d22   0x08005d22   0x00000006   PAD
    0x08005d28   0x08005d28   0x00000002   Code   RO         1326    .text.HAL_TIM_IC_CaptureCallback  stm32h7xx_hal_tim.o
    0x08005d2a   0x08005d2a   0x00000006   PAD
    0x08005d30   0x08005d30   0x00000188   Code   RO         1324    .text.HAL_TIM_IRQHandler  stm32h7xx_hal_tim.o
    0x08005eb8   0x08005eb8   0x000000ca   Code   RO           90    .text.HAL_TIM_MspPostInit  tim.o
    0x08005f82   0x08005f82   0x00000006   PAD
    0x08005f88   0x08005f88   0x00000002   Code   RO         1328    .text.HAL_TIM_OC_DelayElapsedCallback  stm32h7xx_hal_tim.o
    0x08005f8a   0x08005f8a   0x00000006   PAD
    0x08005f90   0x08005f90   0x000004a4   Code   RO         1344    .text.HAL_TIM_PWM_ConfigChannel  stm32h7xx_hal_tim.o
    0x08006434   0x08006434   0x00000004   PAD
    0x08006438   0x08006438   0x00000060   Code   RO         1244    .text.HAL_TIM_PWM_Init  stm32h7xx_hal_tim.o
    0x08006498   0x08006498   0x00000086   Code   RO           96    .text.HAL_TIM_PWM_MspInit  tim.o
    0x0800651e   0x0800651e   0x00000002   PAD
    0x08006520   0x08006520   0x00000002   Code   RO         1330    .text.HAL_TIM_PWM_PulseFinishedCallback  stm32h7xx_hal_tim.o
    0x08006522   0x08006522   0x00000006   PAD
    0x08006528   0x08006528   0x000001b4   Code   RO         1252    .text.HAL_TIM_PWM_Start  stm32h7xx_hal_tim.o
    0x080066dc   0x080066dc   0x00000004   PAD
    0x080066e0   0x080066e0   0x0000000e   Code   RO           17    .text.HAL_TIM_PeriodElapsedCallback  main.o
    0x080066ee   0x080066ee   0x00000002   PAD
    0x080066f0   0x080066f0   0x00000002   Code   RO         1334    .text.HAL_TIM_TriggerCallback  stm32h7xx_hal_tim.o
    0x080066f2   0x080066f2   0x00000006   PAD
    0x080066f8   0x080066f8   0x00000036   Code   RO         1680    .text.HAL_UARTEx_DisableFifoMode  stm32h7xx_hal_uart_ex.o
    0x0800672e   0x0800672e   0x00000002   PAD
    0x08006730   0x08006730   0x00000002   Code   RO         1607    .text.HAL_UARTEx_RxEventCallback  stm32h7xx_hal_uart.o
    0x08006732   0x08006732   0x00000006   PAD
    0x08006738   0x08006738   0x00000002   Code   RO         1666    .text.HAL_UARTEx_RxFifoFullCallback  stm32h7xx_hal_uart_ex.o
    0x0800673a   0x0800673a   0x00000006   PAD
    0x08006740   0x08006740   0x00000092   Code   RO         1684    .text.HAL_UARTEx_SetRxFifoThreshold  stm32h7xx_hal_uart_ex.o
    0x080067d2   0x080067d2   0x00000006   PAD
    0x080067d8   0x080067d8   0x00000092   Code   RO         1682    .text.HAL_UARTEx_SetTxFifoThreshold  stm32h7xx_hal_uart_ex.o
    0x0800686a   0x0800686a   0x00000006   PAD
    0x08006870   0x08006870   0x00000002   Code   RO         1668    .text.HAL_UARTEx_TxFifoEmptyCallback  stm32h7xx_hal_uart_ex.o
    0x08006872   0x08006872   0x00000006   PAD
    0x08006878   0x08006878   0x00000002   Code   RO         1664    .text.HAL_UARTEx_WakeupCallback  stm32h7xx_hal_uart_ex.o
    0x0800687a   0x0800687a   0x00000006   PAD
    0x08006880   0x08006880   0x00000002   Code   RO         1605    .text.HAL_UART_ErrorCallback  stm32h7xx_hal_uart.o
    0x08006882   0x08006882   0x00000006   PAD
    0x08006888   0x08006888   0x00000470   Code   RO         1601    .text.HAL_UART_IRQHandler  stm32h7xx_hal_uart.o
    0x08006cf8   0x08006cf8   0x00000064   Code   RO         1517    .text.HAL_UART_Init  stm32h7xx_hal_uart.o
    0x08006d5c   0x08006d5c   0x00000004   PAD
    0x08006d60   0x08006d60   0x000000e4   Code   RO          113    .text.HAL_UART_MspInit  usart.o
    0x08006e44   0x08006e44   0x00000004   PAD
    0x08006e48   0x08006e48   0x000000ec   Code   RO         1565    .text.HAL_UART_Receive_DMA  stm32h7xx_hal_uart.o
    0x08006f34   0x08006f34   0x00000004   PAD
    0x08006f38   0x08006f38   0x00000002   Code   RO         1613    .text.HAL_UART_RxCpltCallback  stm32h7xx_hal_uart.o
    0x08006f3a   0x08006f3a   0x00000006   PAD
    0x08006f40   0x08006f40   0x00000002   Code   RO         1615    .text.HAL_UART_RxHalfCpltCallback  stm32h7xx_hal_uart.o
    0x08006f42   0x08006f42   0x00000006   PAD
    0x08006f48   0x08006f48   0x00000002   Code   RO         1609    .text.HAL_UART_TxCpltCallback  stm32h7xx_hal_uart.o
    0x08006f4a   0x08006f4a   0x00000006   PAD
    0x08006f50   0x08006f50   0x00000002   Code   RO          129    .text.HardFault_Handler  stm32h7xx_it.o
    0x08006f52   0x08006f52   0x00000006   PAD
    0x08006f58   0x08006f58   0x00000002   Code   RO         2404    .text.KeyBoard_Prepare  gimbal_fsm.o
    0x08006f5a   0x08006f5a   0x00000006   PAD
    0x08006f60   0x08006f60   0x00000002   Code   RO         2406    .text.KeyBoard_State  gimbal_fsm.o
    0x08006f62   0x08006f62   0x00000006   PAD
    0x08006f68   0x08006f68   0x00000036   Code   RO         2408    .text.KeyBoard_bhv  gimbal_fsm.o
    0x08006f9e   0x08006f9e   0x00000002   PAD
    0x08006fa0   0x08006fa0   0x00000002   Code   RO         2398    .text.Lift_Prepare  gimbal_fsm.o
    0x08006fa2   0x08006fa2   0x00000006   PAD
    0x08006fa8   0x08006fa8   0x00000016   Code   RO         2396    .text.Lift_State    gimbal_fsm.o
    0x08006fbe   0x08006fbe   0x00000002   PAD
    0x08006fc0   0x08006fc0   0x0000002c   Code   RO         2410    .text.Lift_bhv      gimbal_fsm.o
    0x08006fec   0x08006fec   0x00000004   PAD
    0x08006ff0   0x08006ff0   0x00000034   Code   RO           60    .text.MX_DMA_Init   dma.o
    0x08007024   0x08007024   0x00000004   PAD
    0x08007028   0x08007028   0x00000076   Code   RO           69    .text.MX_FDCAN1_Init  fdcan.o
    0x0800709e   0x0800709e   0x00000002   PAD
    0x080070a0   0x080070a0   0x00000074   Code   RO           71    .text.MX_FDCAN2_Init  fdcan.o
    0x08007114   0x08007114   0x00000004   PAD
    0x08007118   0x08007118   0x00000184   Code   RO           40    .text.MX_FREERTOS_Init  freertos.o
    0x0800729c   0x0800729c   0x00000004   PAD
    0x080072a0   0x080072a0   0x0000009c   Code   RO           29    .text.MX_GPIO_Init  gpio.o
    0x0800733c   0x0800733c   0x00000004   PAD
    0x08007340   0x08007340   0x000000ea   Code   RO           88    .text.MX_TIM1_Init  tim.o
    0x0800742a   0x0800742a   0x00000006   PAD
    0x08007430   0x08007430   0x00000090   Code   RO           92    .text.MX_TIM3_Init  tim.o
    0x080074c0   0x080074c0   0x000000ec   Code   RO           94    .text.MX_TIM8_Init  tim.o
    0x080075ac   0x080075ac   0x00000004   PAD
    0x080075b0   0x080075b0   0x00000088   Code   RO          111    .text.MX_USART1_UART_Init  usart.o
    0x08007638   0x08007638   0x00000002   Code   RO          131    .text.MemManage_Handler  stm32h7xx_it.o
    0x0800763a   0x0800763a   0x00000006   PAD
    0x08007640   0x08007640   0x0000014e   Code   RO         2305    .text.MotorDataDeal  gimbalmotor.o
    0x0800778e   0x0800778e   0x00000002   PAD
    0x08007790   0x08007790   0x00000002   Code   RO          127    .text.NMI_Handler   stm32h7xx_it.o
    0x08007792   0x08007792   0x00000006   PAD
    0x08007798   0x08007798   0x00000002   Code   RO         2390    .text.Offline_Prepare  gimbal_fsm.o
    0x0800779a   0x0800779a   0x00000006   PAD
    0x080077a0   0x080077a0   0x00000016   Code   RO         2392    .text.Offline_State  gimbal_fsm.o
    0x080077b6   0x080077b6   0x0000000a   PAD
    0x080077c0   0x080077c0   0x00000064   Code   RO         1841    .text.PendSV_Handler  port.o
    0x08007824   0x08007824   0x00000004   PAD
    0x08007828   0x08007828   0x00000244   Code   RO         2573    .text.PidCalculate  pid.o
    0x08007a6c   0x08007a6c   0x00000004   PAD
    0x08007a70   0x08007a70   0x00000030   Code   RO         2569    .text.PidInit       pid.o
    0x08007aa0   0x08007aa0   0x0000009a   Code   RO         2571    .text.PidInitMode   pid.o
    0x08007b3a   0x08007b3a   0x00000006   PAD
    0x08007b40   0x08007b40   0x00000018   Code   RO         2394    .text.PowerOff_bhv  gimbal_fsm.o
    0x08007b58   0x08007b58   0x0000011e   Code   RO          472    .text.RCCEx_PLL2_Config  stm32h7xx_hal_rcc_ex.o
    0x08007c76   0x08007c76   0x00000002   PAD
    0x08007c78   0x08007c78   0x0000011e   Code   RO          474    .text.RCCEx_PLL3_Config  stm32h7xx_hal_rcc_ex.o
    0x08007d96   0x08007d96   0x00000002   PAD
    0x08007d98   0x08007d98   0x00000086   Code   RO         1730    .text.RC_Check_Data_IS_ERROR  bsp_dr16.o
    0x08007e1e   0x08007e1e   0x00000002   PAD
    0x08007e20   0x08007e20   0x000000d6   Code   RO         1724    .text.RC_DataProcess  bsp_dr16.o
    0x08007ef6   0x08007ef6   0x00000002   PAD
    0x08007ef8   0x08007ef8   0x00000020   Code   RO         1728    .text.RC_DataReload  bsp_dr16.o
    0x08007f18   0x08007f18   0x0000000a   Code   RO         1718    .text.RC_Get_RC_Pointer  bsp_dr16.o
    0x08007f22   0x08007f22   0x00000006   PAD
    0x08007f28   0x08007f28   0x0000004e   Code   RO         1720    .text.RC_Init       bsp_dr16.o
    0x08007f76   0x08007f76   0x00000002   PAD
    0x08007f78   0x08007f78   0x00000020   Code   RO         1722    .text.RC_UART_Handler  bsp_dr16.o
    0x08007f98   0x08007f98   0x00000190   Code   RO         2292    .text.Remote_Data_Deal  remotedeal.o
    0x08008128   0x08008128   0x00000088   Code   RO         2290    .text.Remote_Data_Init  remotedeal.o
    0x080081b0   0x080081b0   0x00000018   Code   RO         2438    .text.Remote_Task   remote_task.o
    0x080081c8   0x080081c8   0x00000002   Code   RO         2317    .text.Reserve_Drive  gimbalmotor.o
    0x080081ca   0x080081ca   0x00000006   PAD
    0x080081d0   0x080081d0   0x0000000a   Code   RO         2386    .text.Return_Gimbal_FSM  gimbal_fsm.o
    0x080081da   0x080081da   0x00000006   PAD
    0x080081e0   0x080081e0   0x0000000a   Code   RO         2303    .text.Return_Grasp_t_Pointer  gimbalmotor.o
    0x080081ea   0x080081ea   0x00000006   PAD
    0x080081f0   0x080081f0   0x0000000a   Code   RO         2288    .text.Return_RemoteDeal_Point  remotedeal.o
    0x080081fa   0x080081fa   0x00000006   PAD
    0x08008200   0x08008200   0x00000024   Code   RO         1825    .text.SVC_Handler   port.o
    0x08008224   0x08008224   0x00000004   PAD
    0x08008228   0x08008228   0x00000008   Code   RO           42    .text.StartDefaultTask  freertos.o
    0x08008230   0x08008230   0x00000008   Code   RO         2376    .text.StateChange   fsm.o
    0x08008238   0x08008238   0x0000002e   Code   RO         1843    .text.SysTick_Handler  port.o
    0x08008266   0x08008266   0x00000002   PAD
    0x08008268   0x08008268   0x00000012   Code   RO         2268    .text.Sys_Init      sysinit.o
    0x0800827a   0x0800827a   0x00000006   PAD
    0x08008280   0x08008280   0x0000010e   Code   RO           13    .text.SystemClock_Config  main.o
    0x0800838e   0x0800838e   0x00000002   PAD
    0x08008390   0x08008390   0x000000cc   Code   RO         1703    .text.SystemInit    system_stm32h7xx.o
    0x0800845c   0x0800845c   0x00000004   PAD
    0x08008460   0x08008460   0x0000000c   Code   RO          143    .text.TIM2_IRQHandler  stm32h7xx_it.o
    0x0800846c   0x0800846c   0x00000004   PAD
    0x08008470   0x08008470   0x0000013a   Code   RO         1194    .text.TIM_Base_SetConfig  stm32h7xx_hal_tim.o
    0x080085aa   0x080085aa   0x00000006   PAD
    0x080085b0   0x080085b0   0x00000030   Code   RO         2315    .text.Three_Degrees_Arms_Init  gimbalmotor.o
    0x080085e0   0x080085e0   0x000000e0   Code   RO         1523    .text.UART_AdvFeatureConfig  stm32h7xx_hal_uart.o
    0x080086c0   0x080086c0   0x000000b8   Code   RO         1525    .text.UART_CheckIdleState  stm32h7xx_hal_uart.o
    0x08008778   0x08008778   0x00000010   Code   RO         1603    .text.UART_DMAAbortOnError  stm32h7xx_hal_uart.o
    0x08008788   0x08008788   0x000000c8   Code   RO         1563    .text.UART_DMAError  stm32h7xx_hal_uart.o
    0x08008850   0x08008850   0x00000082   Code   RO         1647    .text.UART_DMAReceiveCplt  stm32h7xx_hal_uart.o
    0x080088d2   0x080088d2   0x00000006   PAD
    0x080088d8   0x080088d8   0x0000001a   Code   RO         1649    .text.UART_DMARxHalfCplt  stm32h7xx_hal_uart.o
    0x080088f2   0x080088f2   0x00000006   PAD
    0x080088f8   0x080088f8   0x000004b8   Code   RO         1521    .text.UART_SetConfig  stm32h7xx_hal_uart.o
    0x08008db0   0x08008db0   0x0000013e   Code   RO         1539    .text.UART_WaitOnFlagUntilTimeout  stm32h7xx_hal_uart.o
    0x08008eee   0x08008eee   0x00000002   PAD
    0x08008ef0   0x08008ef0   0x00000038   Code   RO          145    .text.USART1_IRQHandler  stm32h7xx_it.o
    0x08008f28   0x08008f28   0x00000002   Code   RO          135    .text.UsageFault_Handler  stm32h7xx_it.o
    0x08008f2a   0x08008f2a   0x00000006   PAD
    0x08008f30   0x08008f30   0x0000006c   Code   RO         3533    .text.arm_power_f32  statisticsfunctions.o
    0x08008f9c   0x08008f9c   0x00000004   PAD
    0x08008fa0   0x08008fa0   0x00000066   Code   RO         2356    .text.detect_hook   detect_task.o
    0x08009006   0x08009006   0x00000002   PAD
    0x08009008   0x08009008   0x0000002a   Code   RO         2521    .text.first_order_filter  filter.o
    0x08009032   0x08009032   0x00000006   PAD
    0x08009038   0x08009038   0x00000014   Code   RO         2523    .text.first_order_filter_init  filter.o
    0x0800904c   0x0800904c   0x00000004   PAD
    0x08009050   0x08009050   0x00000076   Code   RO           11    .text.main          main.o
    0x080090c6   0x080090c6   0x00000002   PAD
    0x080090c8   0x080090c8   0x0000002e   Code   RO         2581    .text.motor_position_speed_control  pid.o
    0x080090f6   0x080090f6   0x00000002   PAD
    0x080090f8   0x080090f8   0x00000010   Code   RO         2144    .text.osDelay       cmsis_os.o
    0x08009108   0x08009108   0x0000000a   Code   RO         2126    .text.osKernelStart  cmsis_os.o
    0x08009112   0x08009112   0x00000006   PAD
    0x08009118   0x08009118   0x0000005e   Code   RO         2132    .text.osThreadCreate  cmsis_os.o
    0x08009176   0x08009176   0x00000002   PAD
    0x08009178   0x08009178   0x0000011a   Code   RO         2006    .text.prvAddNewTaskToReadyList  tasks.o
    0x08009292   0x08009292   0x00000006   PAD
    0x08009298   0x08009298   0x00000096   Code   RO         2036    .text.prvIdleTask   tasks.o
    0x0800932e   0x0800932e   0x00000002   PAD
    0x08009330   0x08009330   0x00000028   Code   RO         1833    .text.prvPortStartFirstTask  port.o
    0x08009358   0x08009358   0x00000032   Code   RO         1823    .text.prvTaskExitError  port.o
    0x0800938a   0x0800938a   0x00000006   PAD
    0x08009390   0x08009390   0x000001c6   Code   RO         2240    .text.pvPortMalloc  heap_4.o
    0x08009556   0x08009556   0x00000002   PAD
    0x08009558   0x08009558   0x0000002c   Code   RO         1821    .text.pxPortInitialiseStack  port.o
    0x08009584   0x08009584   0x00000004   PAD
    0x08009588   0x08009588   0x0000002a   Code   RO         1895    .text.uxListRemove  list.o
    0x080095b2   0x080095b2   0x00000006   PAD
    0x080095b8   0x080095b8   0x0000001a   Code   RO           38    .text.vApplicationGetIdleTaskMemory  freertos.o
    0x080095d2   0x080095d2   0x00000006   PAD
    0x080095d8   0x080095d8   0x00000016   Code   RO         1887    .text.vListInitialise  list.o
    0x080095ee   0x080095ee   0x00000002   PAD
    0x080095f0   0x080095f0   0x00000006   Code   RO         1889    .text.vListInitialiseItem  list.o
    0x080095f6   0x080095f6   0x00000002   PAD
    0x080095f8   0x080095f8   0x0000003a   Code   RO         1893    .text.vListInsert   list.o
    0x08009632   0x08009632   0x00000006   PAD
    0x08009638   0x08009638   0x0000001c   Code   RO         1891    .text.vListInsertEnd  list.o
    0x08009654   0x08009654   0x00000004   PAD
    0x08009658   0x08009658   0x00000014   Code   RO         1831    .text.vPortEnableVFP  port.o
    0x0800966c   0x0800966c   0x00000004   PAD
    0x08009670   0x08009670   0x0000004a   Code   RO         1837    .text.vPortEnterCritical  port.o
    0x080096ba   0x080096ba   0x00000006   PAD
    0x080096c0   0x080096c0   0x0000002e   Code   RO         1839    .text.vPortExitCritical  port.o
    0x080096ee   0x080096ee   0x00000002   PAD
    0x080096f0   0x080096f0   0x000000d2   Code   RO         2242    .text.vPortFree     heap_4.o
    0x080097c2   0x080097c2   0x00000006   PAD
    0x080097c8   0x080097c8   0x00000034   Code   RO         1829    .text.vPortSetupTimerInterrupt  port.o
    0x080097fc   0x080097fc   0x00000004   PAD
    0x08009800   0x08009800   0x000000c2   Code   RO         2012    .text.vTaskDelay    tasks.o
    0x080098c2   0x080098c2   0x00000006   PAD
    0x080098c8   0x080098c8   0x00000080   Code   RO         2034    .text.vTaskStartScheduler  tasks.o
    0x08009948   0x08009948   0x00000010   Code   RO         2014    .text.vTaskSuspendAll  tasks.o
    0x08009958   0x08009958   0x00000086   Code   RO         2028    .text.vTaskSwitchContext  tasks.o
    0x080099de   0x080099de   0x00000002   PAD
    0x080099e0   0x080099e0   0x00000132   Code   RO         1827    .text.xPortStartScheduler  port.o
    0x08009b12   0x08009b12   0x00000006   PAD
    0x08009b18   0x08009b18   0x000000c4   Code   RO         2008    .text.xTaskCreate   tasks.o
    0x08009bdc   0x08009bdc   0x00000004   PAD
    0x08009be0   0x08009be0   0x000000e0   Code   RO         2004    .text.xTaskCreateStatic  tasks.o
    0x08009cc0   0x08009cc0   0x0000000c   Code   RO         2042    .text.xTaskGetTickCount  tasks.o
    0x08009ccc   0x08009ccc   0x00000004   PAD
    0x08009cd0   0x08009cd0   0x00000180   Code   RO         2040    .text.xTaskIncrementTick  tasks.o
    0x08009e50   0x08009e50   0x0000013c   Code   RO         2018    .text.xTaskResumeAll  tasks.o
    0x08009f8c   0x08009f8c   0x00000118   Code   RO         3926    i.__hardfp_acosf    m_wv.l(acosf.o)
    0x0800a0a4   0x0800a0a4   0x00000006   Code   RO         4045    i.__mathlib_flt_infnan  m_wv.l(funder.o)
    0x0800a0aa   0x0800a0aa   0x00000002   PAD
    0x0800a0ac   0x0800a0ac   0x00000010   Code   RO         4047    i.__mathlib_flt_invalid  m_wv.l(funder.o)
    0x0800a0bc   0x0800a0bc   0x0000000e   Code   RO         4095    i.__scatterload_copy  mc_w.l(handlers.o)
    0x0800a0ca   0x0800a0ca   0x00000002   Code   RO         4096    i.__scatterload_null  mc_w.l(handlers.o)
    0x0800a0cc   0x0800a0cc   0x0000000e   Code   RO         4097    i.__scatterload_zeroinit  mc_w.l(handlers.o)
    0x0800a0da   0x0800a0da   0x00000002   PAD
    0x0800a0dc   0x0800a0dc   0x0000000c   Code   RO         4083    i.__set_errno       mc_w.l(errno.o)
    0x0800a0e8   0x0800a0e8   0x0000003e   Code   RO         3975    i.sqrtf             m_wv.l(sqrtf.o)
    0x0800a126   0x0800a126   0x00000002   PAD
    0x0800a128   0x0800a128   0x0000004c   Data   RO          424    .rodata..L__const.HAL_FDCAN_Init.CvtEltSize  stm32h7xx_hal_fdcan.o
    0x0800a174   0x0800a174   0x0000001e   Data   RO         2365    .rodata..L__const.detect_init.set_item  detect_task.o
    0x0800a192   0x0800a192   0x00000006   Data   RO         1652    .rodata..Lswitch.table.UART_SetConfig.5  stm32h7xx_hal_uart.o
    0x0800a198   0x0800a198   0x00000006   Data   RO         1653    .rodata..Lswitch.table.UART_SetConfig.7  stm32h7xx_hal_uart.o
    0x0800a19e   0x0800a19e   0x00000010   Data   RO         1709    .rodata.D1CorePrescTable  system_stm32h7xx.o
    0x0800a1ae   0x0800a1ae   0x00000018   Data   RO         1651    .rodata.UARTPrescTable  stm32h7xx_hal_uart.o
    0x0800a1c6   0x0800a1c6   0x00000010   Data   RO          425    .rodata.cst16       stm32h7xx_hal_fdcan.o
    0x0800a1d6   0x0800a1d6   0x00000010   Data   RO         1694    .rodata.cst8        stm32h7xx_hal_uart_ex.o
    0x0800a1e6   0x0800a1e6   0x00000040   Data   RO           46    .rodata.str1.1      freertos.o
    0x0800a226   0x0800a226   0x00000002   PAD
    0x0800a228   0x0800a228   0x00000020   Data   RO         4094    Region$$Table       anon$$obj.o


    Execution Region RW_IRAM1 (Exec base: 0x20000000, Load base: 0x0800a248, Size: 0x00000000, Max: 0x00020000, ABSOLUTE)

    **** No section assigned to this execution region ****


    Execution Region RW_IRAM2 (Exec base: 0x24000000, Load base: 0x0800a248, Size: 0x00005340, Max: 0x00080000, ABSOLUTE)

    Exec Addr    Load Addr    Size         Type   Attr      Idx    E Section Name        Object

    0x24000000   0x0800a248   0x00000004   Data   RW         4084    .data               mc_w.l(errno.o)
    0x24000004   0x0800a24c   0x00000004   Data   RW         1707    .data.SystemCoreClock  system_stm32h7xx.o
    0x24000008   0x0800a250   0x00000004   Data   RW         1708    .data.SystemD2Clock  system_stm32h7xx.o
    0x2400000c   0x0800a254   0x00000004   Data   RW           19    .data.pwm           main.o
    0x24000010   0x0800a258   0x00000001   Data   RW          984    .data.uwTickFreq    stm32h7xx_hal.o
    0x24000011   0x0800a259   0x00000003   PAD
    0x24000014   0x0800a25c   0x00000004   Data   RW          983    .data.uwTickPrio    stm32h7xx_hal.o
    0x24000018   0x0800a260   0x00000004   Data   RW         1849    .data.uxCriticalNesting  port.o
    0x2400001c   0x0800a264   0x00000004   PAD
    0x24000020        -       0x0000000c   Zero   RW         2418    .bss.Arm_Test       gimbal_fsm.o
    0x2400002c        -       0x000002a8   Zero   RW         1797    .bss.CAN_Encoder    bsp_motor_encoder.o
    0x240002d4        -       0x00000001   Zero   RW         2364    .bss.Detect_Task.error_num_display  detect_task.o
    0x240002d5   0x0800a264   0x00000003   PAD
    0x240002d8        -       0x00000004   Zero   RW         2363    .bss.Detect_Task.system_time  detect_task.o
    0x240002dc        -       0x00000018   Zero   RW         2430    .bss.Gimbal         gimbal_task.o
    0x240002f4        -       0x00000010   Zero   RW         2414    .bss.Gimbal_Fsm     gimbal_fsm.o
    0x24000304        -       0x0000006c   Zero   RW         2415    .bss.Gimbal_State_Table  gimbal_fsm.o
    0x24000370        -       0x00000148   Zero   RW         2319    .bss.Grasp          gimbalmotor.o
    0x240004b8        -       0x00000004   Zero   RW           79    .bss.HAL_RCC_FDCAN_CLK_ENABLED  fdcan.o
    0x240004bc        -       0x0000000c   Zero   RW         2419    .bss.Keyboard       gimbal_fsm.o
    0x240004c8        -       0x0000000c   Zero   RW         2417    .bss.LIFT           gimbal_fsm.o
    0x240004d4        -       0x0000000c   Zero   RW         2416    .bss.OFFLINE        gimbal_fsm.o
    0x240004e0        -       0x00000008   Zero   RW         2337    .bss.RC_Data1       boardcommuni.o
    0x240004e8        -       0x0000006c   Zero   RW         2294    .bss.REMOTE         remotedeal.o
    0x24000554        -       0x00000024   Zero   RW         1737    .bss.Sbus_RX_Buffer  bsp_dr16.o
    0x24000578        -       0x00000528   Zero   RW         2320    .bss.TD_t           gimbalmotor.o
    0x24000aa0        -       0x00000004   Zero   RW           50    .bss.Task_BoardCommuHandle  freertos.o
    0x24000aa4        -       0x00000004   Zero   RW           51    .bss.Task_DetectHandle  freertos.o
    0x24000aa8        -       0x00000004   Zero   RW           49    .bss.Task_GimbalHandle  freertos.o
    0x24000aac        -       0x00000004   Zero   RW           48    .bss.Task_RemoteHandle  freertos.o
    0x24000ab0        -       0x00000024   Zero   RW         1767    .bss.Txmessage      bsp_can.o
    0x24000ad4        -       0x00000008   Zero   RW         1766    .bss.can1_manage    bsp_can.o
    0x24000adc        -       0x00000004   Zero   RW         1738    .bss.ch1            bsp_dr16.o
    0x24000ae0        -       0x00000004   Zero   RW         1739    .bss.ch2            bsp_dr16.o
    0x24000ae4        -       0x00000004   Zero   RW           47    .bss.defaultTaskHandle  freertos.o
    0x24000ae8        -       0x000000f0   Zero   RW         2362    .bss.error_list     detect_task.o
    0x24000bd8        -       0x00000078   Zero   RW          118    .bss.hdma_usart1_rx  usart.o
    0x24000c50        -       0x000000a0   Zero   RW           77    .bss.hfdcan1        fdcan.o
    0x24000cf0        -       0x000000a0   Zero   RW           78    .bss.hfdcan2        fdcan.o
    0x24000d90        -       0x0000004c   Zero   RW          100    .bss.htim1          tim.o
    0x24000ddc        -       0x0000004c   Zero   RW          169    .bss.htim2          stm32h7xx_hal_timebase_tim.o
    0x24000e28        -       0x0000004c   Zero   RW          101    .bss.htim3          tim.o
    0x24000e74        -       0x0000004c   Zero   RW          102    .bss.htim8          tim.o
    0x24000ec0        -       0x00000094   Zero   RW          117    .bss.huart1         usart.o
    0x24000f54        -       0x00000004   Zero   RW         2096    .bss.pxCurrentTCB   tasks.o
    0x24000f58        -       0x00000004   Zero   RW         2112    .bss.pxDelayedTaskList  tasks.o
    0x24000f5c        -       0x00000004   Zero   RW         2252    .bss.pxEnd          heap_4.o
    0x24000f60        -       0x00000004   Zero   RW         2113    .bss.pxOverflowDelayedTaskList  tasks.o
    0x24000f64        -       0x0000008c   Zero   RW         2097    .bss.pxReadyTasksLists  tasks.o
    0x24000ff0        -       0x00000040   Zero   RW         1736    .bss.rc_ctl         bsp_dr16.o
    0x24001030        -       0x00000001   Zero   RW         1740    .bss.s1             bsp_dr16.o
    0x24001031        -       0x00000001   Zero   RW         1741    .bss.s2             bsp_dr16.o
    0x24001032        -       0x00003c00   Zero   RW         2259    .bss.ucHeap         heap_4.o
    0x24004c32        -       0x00000001   Zero   RW         1847    .bss.ucMaxSysCallPriority  port.o
    0x24004c33   0x0800a264   0x00000001   PAD
    0x24004c34        -       0x00000004   Zero   RW         1848    .bss.ulMaxPRIGROUPValue  port.o
    0x24004c38        -       0x00000004   Zero   RW          985    .bss.uwTick         stm32h7xx_hal.o
    0x24004c3c        -       0x00000004   Zero   RW         2102    .bss.uxCurrentNumberOfTasks  tasks.o
    0x24004c40        -       0x00000004   Zero   RW         2101    .bss.uxDeletedTasksWaitingCleanUp  tasks.o
    0x24004c44        -       0x00000004   Zero   RW         2104    .bss.uxSchedulerSuspended  tasks.o
    0x24004c48        -       0x00000004   Zero   RW         2099    .bss.uxTaskNumber   tasks.o
    0x24004c4c        -       0x00000004   Zero   RW         2098    .bss.uxTopReadyPriority  tasks.o
    0x24004c50        -       0x00000001   Zero   RW         2253    .bss.xBlockAllocatedBit  heap_4.o
    0x24004c51   0x0800a264   0x00000003   PAD
    0x24004c54        -       0x00000014   Zero   RW         2115    .bss.xDelayedTaskList1  tasks.o
    0x24004c68        -       0x00000014   Zero   RW         2116    .bss.xDelayedTaskList2  tasks.o
    0x24004c7c        -       0x00000004   Zero   RW         2254    .bss.xFreeBytesRemaining  heap_4.o
    0x24004c80        -       0x00000200   Zero   RW           45    .bss.xIdleStack     freertos.o
    0x24004e80        -       0x00000004   Zero   RW         2107    .bss.xIdleTaskHandle  tasks.o
    0x24004e84        -       0x00000054   Zero   RW           44    .bss.xIdleTaskTCBBuffer  freertos.o
    0x24004ed8        -       0x00000004   Zero   RW         2256    .bss.xMinimumEverFreeBytesRemaining  heap_4.o
    0x24004edc        -       0x00000004   Zero   RW         2108    .bss.xNextTaskUnblockTime  tasks.o
    0x24004ee0        -       0x00000004   Zero   RW         2114    .bss.xNumOfOverflows  tasks.o
    0x24004ee4        -       0x00000004   Zero   RW         2257    .bss.xNumberOfSuccessfulAllocations  heap_4.o
    0x24004ee8        -       0x00000004   Zero   RW         2258    .bss.xNumberOfSuccessfulFrees  heap_4.o
    0x24004eec        -       0x00000004   Zero   RW         2111    .bss.xPendedTicks   tasks.o
    0x24004ef0        -       0x00000014   Zero   RW         2106    .bss.xPendingReadyList  tasks.o
    0x24004f04        -       0x00000004   Zero   RW         2103    .bss.xSchedulerRunning  tasks.o
    0x24004f08        -       0x00000008   Zero   RW         2255    .bss.xStart         heap_4.o
    0x24004f10        -       0x00000014   Zero   RW         2105    .bss.xSuspendedTaskList  tasks.o
    0x24004f24        -       0x00000014   Zero   RW         2100    .bss.xTasksWaitingTermination  tasks.o
    0x24004f38        -       0x00000004   Zero   RW         2109    .bss.xTickCount     tasks.o
    0x24004f3c        -       0x00000004   Zero   RW         2110    .bss.xYieldPending  tasks.o
    0x24004f40        -       0x00000400   Zero   RW            1    STACK               startup_stm32h750xx.o


==============================================================================

Image component sizes


      Code (inc. data)   RO Data    RW Data    ZI Data      Debug   Object Name

       114          0          0          0          8       4580   boardcommuni.o
        12          0          0          0          0        455   boardcommuni_task.o
       312          0          0          0         44       8494   bsp_can.o
       504          0          0          0        110       6923   bsp_dr16.o
       386          4          0          0        680       8472   bsp_motor_encoder.o
        86          6          0          0          0       5704   bsp_pwm.o
       120          0          0          0          0      23296   cmsis_os.o
       478          4         30          0        245       2985   detect_task.o
        52          0          0          0          0       5473   dma.o
       562          0          0          0        324      11769   fdcan.o
        62          0          0          0          0       4286   filter.o
       422        140         64          0        616       3468   freertos.o
        88          0          0          0          0       1436   fsm.o
       552          0          0          0        172       3991   gimbal_fsm.o
        94          0          0          0         24      11688   gimbal_task.o
      1820         36          0          0       1648      13991   gimbalmotor.o
       156          0          0          0          0       2970   gpio.o
       664          0          0          0      15389       5007   heap_4.o
       156          0          0          0          0       2165   list.o
       412          0          0          4          0       8561   main.o
       828         68          0          0          0       5632   pid.o
       814         16          0          4          5       3951   port.o
        24          0          0          0          0        475   remote_task.o
       546          4          0          0        108       3440   remotedeal.o
        36          8        664          0       1024        824   startup_stm32h750xx.o
       108          4          0          0          0      53477   statisticsfunctions.o
       192          0          0          5          4      14949   stm32h7xx_hal.o
       154          0          0          0          0      12284   stm32h7xx_hal_cortex.o
      8146         12          0          0          0      18124   stm32h7xx_hal_dma.o
      2836          0         92          0          0      41555   stm32h7xx_hal_fdcan.o
       424          0          0          0          0       6917   stm32h7xx_hal_gpio.o
        42          0          0          0          0       5516   stm32h7xx_hal_msp.o
        72          0          0          0          0      10504   stm32h7xx_hal_pwr_ex.o
      2894         16          0          0          0      11811   stm32h7xx_hal_rcc.o
      3774        122          0          0          0      17998   stm32h7xx_hal_rcc_ex.o
      2880         14          0          0          0      64512   stm32h7xx_hal_tim.o
       376          0          0          0          0      24987   stm32h7xx_hal_tim_ex.o
       160          0          0          0         76       9831   stm32h7xx_hal_timebase_tim.o
      3788        300         36          0          0      37439   stm32h7xx_hal_uart.o
       352          0         16          0          0      11191   stm32h7xx_hal_uart_ex.o
       104          0          0          0          0       8338   stm32h7xx_it.o
        18          0          0          0          0        487   sysinit.o
       204          0         16          8          0       5890   system_stm32h7xx.o
      2036          8          0          0        300      26811   tasks.o
       950          0          0          0        228       8446   tim.o
       364          0          0          0        268      11551   usart.o

    ----------------------------------------------------------------------
     39928        794        952         24      21284     552654   Object Totals
         0          0         32          0          0          0   (incl. Generated)
       754         32          2          3         11          0   (incl. Padding)

    ----------------------------------------------------------------------

      Code (inc. data)   RO Data    RW Data    ZI Data      Debug   Library Member Name

       280         46          0          0          0        176   acosf.o
        22          6          0          0          0        232   funder.o
        62          0          0          0          0        136   sqrtf.o
         0          0          0          0          0          0   entry.o
         0          0          0          0          0          0   entry10a.o
         0          0          0          0          0          0   entry11a.o
         8          4          0          0          0          0   entry2.o
         4          0          0          0          0          0   entry5.o
         0          0          0          0          0          0   entry7b.o
         0          0          0          0          0          0   entry8b.o
         8          4          0          0          0          0   entry9a.o
        12          6          0          4          0         68   errno.o
        30          0          0          0          0          0   handlers.o
        36          8          0          0          0         68   init.o
         0          0          0          0          0          0   iusefp.o
        30          0          0          0          0         68   llshl.o
        32          0          0          0          0         68   llushr.o
        36          0          0          0          0        108   memseta.o
        98          0          0          0          0         92   uldiv.o

    ----------------------------------------------------------------------
       664         74          0          4          0       1016   Library Totals
         6          0          0          0          0          0   (incl. Padding)

    ----------------------------------------------------------------------

      Code (inc. data)   RO Data    RW Data    ZI Data      Debug   Library Name

       364         52          0          0          0        544   m_wv.l
       294         22          0          4          0        472   mc_w.l

    ----------------------------------------------------------------------
       664         74          0          4          0       1016   Library Totals

    ----------------------------------------------------------------------

==============================================================================


      Code (inc. data)   RO Data    RW Data    ZI Data      Debug   

     40592        868        952         28      21284     552590   Grand Totals
     40592        868        952         28      21284     552590   ELF Image Totals
     40592        868        952         28          0          0   ROM Totals

==============================================================================

    Total RO  Size (Code + RO Data)                41544 (  40.57kB)
    Total RW  Size (RW Data + ZI Data)             21312 (  20.81kB)
    Total ROM Size (Code + RO Data + RW Data)      41572 (  40.60kB)

==============================================================================

