Archive member included to satisfy reference by file (symbol)

c:/armgcc/bin/../lib/gcc/arm-none-eabi/10.3.1/thumb/v7e-m/nofp\libgcc.a(_arm_mulsf3.o)
                              CMakeFiles/H7Test.elf.dir/Bsp/bsp_pwm.c.obj (__aeabi_fmul)
c:/armgcc/bin/../lib/gcc/arm-none-eabi/10.3.1/thumb/v7e-m/nofp\libgcc.a(_arm_addsubsf3.o)
                              CMakeFiles/H7Test.elf.dir/Core/Src/system_stm32h7xx.c.obj (__aeabi_fadd)
c:/armgcc/bin/../lib/gcc/arm-none-eabi/10.3.1/thumb/v7e-m/nofp\libgcc.a(_arm_muldivsf3.o)
                              CMakeFiles/H7Test.elf.dir/Core/Src/system_stm32h7xx.c.obj (__aeabi_fdiv)
c:/armgcc/bin/../lib/gcc/arm-none-eabi/10.3.1/thumb/v7e-m/nofp\libgcc.a(_arm_cmpsf2.o)
                              CMakeFiles/H7Test.elf.dir/Bsp/bsp_pwm.c.obj (__aeabi_fcmplt)
c:/armgcc/bin/../lib/gcc/arm-none-eabi/10.3.1/thumb/v7e-m/nofp\libgcc.a(_arm_fixunssfsi.o)
                              CMakeFiles/H7Test.elf.dir/Bsp/bsp_pwm.c.obj (__aeabi_f2uiz)
c:/armgcc/bin/../lib/gcc/arm-none-eabi/10.3.1/thumb/v7e-m/nofp\libgcc.a(_aeabi_uldivmod.o)
                              CMakeFiles/H7Test.elf.dir/Drivers/STM32H7xx_HAL_Driver/Src/stm32h7xx_hal_uart.c.obj (__aeabi_uldivmod)
c:/armgcc/bin/../lib/gcc/arm-none-eabi/10.3.1/thumb/v7e-m/nofp\libgcc.a(_udivmoddi4.o)
                              c:/armgcc/bin/../lib/gcc/arm-none-eabi/10.3.1/thumb/v7e-m/nofp\libgcc.a(_aeabi_uldivmod.o) (__udivmoddi4)
c:/armgcc/bin/../lib/gcc/arm-none-eabi/10.3.1/thumb/v7e-m/nofp\libgcc.a(_dvmd_tls.o)
                              c:/armgcc/bin/../lib/gcc/arm-none-eabi/10.3.1/thumb/v7e-m/nofp\libgcc.a(_aeabi_uldivmod.o) (__aeabi_ldiv0)
c:/armgcc/bin/../lib/gcc/arm-none-eabi/10.3.1/../../../../arm-none-eabi/lib/thumb/v7e-m/nofp\libg.a(lib_a-errno.o)
                              CMakeFiles/H7Test.elf.dir/Core/Src/syscalls.c.obj (__errno)
c:/armgcc/bin/../lib/gcc/arm-none-eabi/10.3.1/../../../../arm-none-eabi/lib/thumb/v7e-m/nofp\libg.a(lib_a-exit.o)
                              c:/armgcc/bin/../lib/gcc/arm-none-eabi/10.3.1/../../../../arm-none-eabi/lib/thumb/v7e-m/nofp/crt0.o (exit)
c:/armgcc/bin/../lib/gcc/arm-none-eabi/10.3.1/../../../../arm-none-eabi/lib/thumb/v7e-m/nofp\libg.a(lib_a-impure.o)
                              c:/armgcc/bin/../lib/gcc/arm-none-eabi/10.3.1/../../../../arm-none-eabi/lib/thumb/v7e-m/nofp\libg.a(lib_a-exit.o) (_global_impure_ptr)
c:/armgcc/bin/../lib/gcc/arm-none-eabi/10.3.1/../../../../arm-none-eabi/lib/thumb/v7e-m/nofp\libg.a(lib_a-init.o)
                              c:/armgcc/bin/../lib/gcc/arm-none-eabi/10.3.1/../../../../arm-none-eabi/lib/thumb/v7e-m/nofp/crt0.o (__libc_init_array)
c:/armgcc/bin/../lib/gcc/arm-none-eabi/10.3.1/../../../../arm-none-eabi/lib/thumb/v7e-m/nofp\libg.a(lib_a-memcpy.o)
                              CMakeFiles/H7Test.elf.dir/Drivers/STM32H7xx_HAL_Driver/Src/stm32h7xx_hal_fdcan.c.obj (memcpy)
c:/armgcc/bin/../lib/gcc/arm-none-eabi/10.3.1/../../../../arm-none-eabi/lib/thumb/v7e-m/nofp\libg.a(lib_a-memset.o)
                              c:/armgcc/bin/../lib/gcc/arm-none-eabi/10.3.1/../../../../arm-none-eabi/lib/thumb/v7e-m/nofp/crt0.o (memset)
c:/armgcc/bin/../lib/gcc/arm-none-eabi/10.3.1/../../../../arm-none-eabi/lib/thumb/v7e-m/nofp\libg.a(lib_a-__call_atexit.o)
                              c:/armgcc/bin/../lib/gcc/arm-none-eabi/10.3.1/../../../../arm-none-eabi/lib/thumb/v7e-m/nofp\libg.a(lib_a-exit.o) (__call_exitprocs)
c:/armgcc/bin/../lib/gcc/arm-none-eabi/10.3.1/../../../../arm-none-eabi/lib/thumb/v7e-m/nofp\libg.a(lib_a-atexit.o)
                              c:/armgcc/bin/../lib/gcc/arm-none-eabi/10.3.1/../../../../arm-none-eabi/lib/thumb/v7e-m/nofp\libg.a(lib_a-__call_atexit.o) (atexit)
c:/armgcc/bin/../lib/gcc/arm-none-eabi/10.3.1/../../../../arm-none-eabi/lib/thumb/v7e-m/nofp\libg.a(lib_a-fini.o)
                              c:/armgcc/bin/../lib/gcc/arm-none-eabi/10.3.1/../../../../arm-none-eabi/lib/thumb/v7e-m/nofp\libg.a(lib_a-__call_atexit.o) (__libc_fini_array)
c:/armgcc/bin/../lib/gcc/arm-none-eabi/10.3.1/../../../../arm-none-eabi/lib/thumb/v7e-m/nofp\libg.a(lib_a-lock.o)
                              c:/armgcc/bin/../lib/gcc/arm-none-eabi/10.3.1/../../../../arm-none-eabi/lib/thumb/v7e-m/nofp\libg.a(lib_a-__call_atexit.o) (__retarget_lock_acquire_recursive)
c:/armgcc/bin/../lib/gcc/arm-none-eabi/10.3.1/../../../../arm-none-eabi/lib/thumb/v7e-m/nofp\libg.a(lib_a-__atexit.o)
                              c:/armgcc/bin/../lib/gcc/arm-none-eabi/10.3.1/../../../../arm-none-eabi/lib/thumb/v7e-m/nofp\libg.a(lib_a-atexit.o) (__register_exitproc)

Discarded input sections

 .text          0x00000000        0x0 c:/armgcc/bin/../lib/gcc/arm-none-eabi/10.3.1/thumb/v7e-m/nofp/crti.o
 .data          0x00000000        0x0 c:/armgcc/bin/../lib/gcc/arm-none-eabi/10.3.1/thumb/v7e-m/nofp/crti.o
 .bss           0x00000000        0x0 c:/armgcc/bin/../lib/gcc/arm-none-eabi/10.3.1/thumb/v7e-m/nofp/crti.o
[...]
Memory Configuration

Name             Origin             Length             Attributes
FLASH            0x08000000         0x00020000         xr
DTCMRAM          0x20000000         0x00020000         xrw
RAM_D1           0x24000000         0x00080000         xrw
RAM_D2           0x30000000         0x00048000         xrw
RAM_D3           0x38000000         0x00010000         xrw
ITCMRAM          0x00000000         0x00010000         xrw
*default*        0x00000000         0xffffffff

Linker script and memory map

LOAD c:/armgcc/bin/../lib/gcc/arm-none-eabi/10.3.1/thumb/v7e-m/nofp/crti.o
LOAD c:/armgcc/bin/../lib/gcc/arm-none-eabi/10.3.1/thumb/v7e-m/nofp/crtbegin.o
LOAD c:/armgcc/bin/../lib/gcc/arm-none-eabi/10.3.1/../../../../arm-none-eabi/lib/thumb/v7e-m/nofp/crt0.o
LOAD CMakeFiles/H7Test.elf.dir/Bsp/bsp_Motor_Encoder.c.obj
LOAD CMakeFiles/H7Test.elf.dir/Bsp/bsp_can.c.obj
LOAD CMakeFiles/H7Test.elf.dir/Bsp/bsp_dr16.c.obj
LOAD CMakeFiles/H7Test.elf.dir/Bsp/bsp_pwm.c.obj
LOAD CMakeFiles/H7Test.elf.dir/Core/Src/dma.c.obj
LOAD CMakeFiles/H7Test.elf.dir/Core/Src/fdcan.c.obj
LOAD CMakeFiles/H7Test.elf.dir/Core/Src/gpio.c.obj
LOAD CMakeFiles/H7Test.elf.dir/Core/Src/main.c.obj
LOAD CMakeFiles/H7Test.elf.dir/Core/Src/stm32h7xx_hal_msp.c.obj
LOAD CMakeFiles/H7Test.elf.dir/Core/Src/stm32h7xx_hal_timebase_tim.c.obj
LOAD CMakeFiles/H7Test.elf.dir/Core/Src/stm32h7xx_it.c.obj
LOAD CMakeFiles/H7Test.elf.dir/Core/Src/syscalls.c.obj
LOAD CMakeFiles/H7Test.elf.dir/Core/Src/sysmem.c.obj
LOAD CMakeFiles/H7Test.elf.dir/Core/Src/system_stm32h7xx.c.obj
LOAD CMakeFiles/H7Test.elf.dir/Core/Src/tim.c.obj
LOAD CMakeFiles/H7Test.elf.dir/Core/Src/usart.c.obj
LOAD CMakeFiles/H7Test.elf.dir/Core/Startup/startup_stm32h750vbtx.s.obj
LOAD CMakeFiles/H7Test.elf.dir/Drivers/STM32H7xx_HAL_Driver/Src/stm32h7xx_hal.c.obj
LOAD CMakeFiles/H7Test.elf.dir/Drivers/STM32H7xx_HAL_Driver/Src/stm32h7xx_hal_cortex.c.obj
LOAD CMakeFiles/H7Test.elf.dir/Drivers/STM32H7xx_HAL_Driver/Src/stm32h7xx_hal_dma.c.obj
LOAD CMakeFiles/H7Test.elf.dir/Drivers/STM32H7xx_HAL_Driver/Src/stm32h7xx_hal_dma_ex.c.obj
LOAD CMakeFiles/H7Test.elf.dir/Drivers/STM32H7xx_HAL_Driver/Src/stm32h7xx_hal_exti.c.obj
LOAD CMakeFiles/H7Test.elf.dir/Drivers/STM32H7xx_HAL_Driver/Src/stm32h7xx_hal_fdcan.c.obj
LOAD CMakeFiles/H7Test.elf.dir/Drivers/STM32H7xx_HAL_Driver/Src/stm32h7xx_hal_flash.c.obj
LOAD CMakeFiles/H7Test.elf.dir/Drivers/STM32H7xx_HAL_Driver/Src/stm32h7xx_hal_flash_ex.c.obj
LOAD CMakeFiles/H7Test.elf.dir/Drivers/STM32H7xx_HAL_Driver/Src/stm32h7xx_hal_gpio.c.obj
LOAD CMakeFiles/H7Test.elf.dir/Drivers/STM32H7xx_HAL_Driver/Src/stm32h7xx_hal_hsem.c.obj
LOAD CMakeFiles/H7Test.elf.dir/Drivers/STM32H7xx_HAL_Driver/Src/stm32h7xx_hal_i2c.c.obj
LOAD CMakeFiles/H7Test.elf.dir/Drivers/STM32H7xx_HAL_Driver/Src/stm32h7xx_hal_i2c_ex.c.obj
LOAD CMakeFiles/H7Test.elf.dir/Drivers/STM32H7xx_HAL_Driver/Src/stm32h7xx_hal_mdma.c.obj
LOAD CMakeFiles/H7Test.elf.dir/Drivers/STM32H7xx_HAL_Driver/Src/stm32h7xx_hal_pwr.c.obj
LOAD CMakeFiles/H7Test.elf.dir/Drivers/STM32H7xx_HAL_Driver/Src/stm32h7xx_hal_pwr_ex.c.obj
LOAD CMakeFiles/H7Test.elf.dir/Drivers/STM32H7xx_HAL_Driver/Src/stm32h7xx_hal_rcc.c.obj
LOAD CMakeFiles/H7Test.elf.dir/Drivers/STM32H7xx_HAL_Driver/Src/stm32h7xx_hal_rcc_ex.c.obj
LOAD CMakeFiles/H7Test.elf.dir/Drivers/STM32H7xx_HAL_Driver/Src/stm32h7xx_hal_tim.c.obj
LOAD CMakeFiles/H7Test.elf.dir/Drivers/STM32H7xx_HAL_Driver/Src/stm32h7xx_hal_tim_ex.c.obj
LOAD CMakeFiles/H7Test.elf.dir/Drivers/STM32H7xx_HAL_Driver/Src/stm32h7xx_hal_uart.c.obj
LOAD CMakeFiles/H7Test.elf.dir/Drivers/STM32H7xx_HAL_Driver/Src/stm32h7xx_hal_uart_ex.c.obj
START GROUP
LOAD c:/armgcc/bin/../lib/gcc/arm-none-eabi/10.3.1/thumb/v7e-m/nofp\libgcc.a
LOAD c:/armgcc/bin/../lib/gcc/arm-none-eabi/10.3.1/../../../../arm-none-eabi/lib/thumb/v7e-m/nofp\libg.a
LOAD c:/armgcc/bin/../lib/gcc/arm-none-eabi/10.3.1/../../../../arm-none-eabi/lib/thumb/v7e-m/nofp\libc.a
END GROUP
LOAD c:/armgcc/bin/../lib/gcc/arm-none-eabi/10.3.1/thumb/v7e-m/nofp/crtend.o
LOAD c:/armgcc/bin/../lib/gcc/arm-none-eabi/10.3.1/thumb/v7e-m/nofp/crtn.o
                0x24080000                _estack = (ORIGIN (RAM_D1) + LENGTH (RAM_D1))
                0x00000200                _Min_Heap_Size = 0x200
                0x00000400                _Min_Stack_Size = 0x400

.isr_vector     0x08000000      0x298
                0x08000000                . = ALIGN (0x4)
 *(.isr_vector)
 .isr_vector    0x08000000      0x298 CMakeFiles/H7Test.elf.dir/Core/Startup/startup_stm32h750vbtx.s.obj
                0x08000000                g_pfnVectors
                0x08000298                . = ALIGN (0x4)

.text           0x08000298     0x7a98
                0x08000298                . = ALIGN (0x4)
 *(.text)
 .text          0x08000298       0x40 c:/armgcc/bin/../lib/gcc/arm-none-eabi/10.3.1/thumb/v7e-m/nofp/crtbegin.o
 .text          0x080002d8      0x21c c:/armgcc/bin/../lib/gcc/arm-none-eabi/10.3.1/thumb/v7e-m/nofp\libgcc.a(_arm_addsubsf3.o)
                0x080002d8                __aeabi_frsub
                0x080002e0                __subsf3
                0x080002e0                __aeabi_fsub
                0x080002e4                __aeabi_fadd
                0x080002e4                __addsf3
                0x08000444                __aeabi_ui2f
                0x08000444                __floatunsisf
                0x0800044c                __aeabi_i2f
                0x0800044c                __floatsisf
                0x08000468                __aeabi_ul2f
                0x08000468                __floatundisf
                0x08000478                __aeabi_l2f
                0x08000478                __floatdisf
 .text          0x080004f4      0x2a0 c:/armgcc/bin/../lib/gcc/arm-none-eabi/10.3.1/thumb/v7e-m/nofp\libgcc.a(_arm_muldivsf3.o)
                0x080004f4                __mulsf3
                0x080004f4                __aeabi_fmul
                0x0800065c                __aeabi_fdiv
                0x0800065c                __divsf3
 .text          0x08000794       0x40 c:/armgcc/bin/../lib/gcc/arm-none-eabi/10.3.1/thumb/v7e-m/nofp\libgcc.a(_arm_fixunssfsi.o)
                0x08000794                __fixunssfsi
                0x08000794                __aeabi_f2uiz
 .text          0x080007d4       0x30 c:/armgcc/bin/../lib/gcc/arm-none-eabi/10.3.1/thumb/v7e-m/nofp\libgcc.a(_aeabi_uldivmod.o)
                0x080007d4                __aeabi_uldivmod
 .text          0x08000804      0x2d0 c:/armgcc/bin/../lib/gcc/arm-none-eabi/10.3.1/thumb/v7e-m/nofp\libgcc.a(_udivmoddi4.o)
                0x08000804                __udivmoddi4
 .text          0x08000ad4        0x4 c:/armgcc/bin/../lib/gcc/arm-none-eabi/10.3.1/thumb/v7e-m/nofp\libgcc.a(_dvmd_tls.o)
                0x08000ad4                __aeabi_idiv0
                0x08000ad4                __aeabi_ldiv0
 .text          0x08000ad8      0x134 c:/armgcc/bin/../lib/gcc/arm-none-eabi/10.3.1/../../../../arm-none-eabi/lib/thumb/v7e-m/nofp\libg.a(lib_a-memcpy.o)
                0x08000ad8                memcpy
 *(.text*)
 .text.Block_Detect
                0x08000c0c       0x48 CMakeFiles/H7Test.elf.dir/Bsp/bsp_Motor_Encoder.c.obj
                0x08000c0c                Block_Detect
 .text.angle_limiting_int16
                0x08000c54       0x26 CMakeFiles/H7Test.elf.dir/Bsp/bsp_Motor_Encoder.c.obj
                0x08000c54                angle_limiting_int16
 *fill*         0x08000c7a        0x2 
 .text.CAN_DATA_Encoder_Deal
                0x08000c7c       0xb8 CMakeFiles/H7Test.elf.dir/Bsp/bsp_Motor_Encoder.c.obj
                0x08000c7c                CAN_DATA_Encoder_Deal
 .text.MotorDataDeal
                0x08000d34       0x54 CMakeFiles/H7Test.elf.dir/Bsp/bsp_can.c.obj
                0x08000d34                MotorDataDeal
 .text.ECF_CAN_Init
                0x08000d88       0x7c CMakeFiles/H7Test.elf.dir/Bsp/bsp_can.c.obj
                0x08000d88                ECF_CAN_Init
 .text.HAL_FDCAN_RxFifo0Callback
                0x08000e04       0x20 CMakeFiles/H7Test.elf.dir/Bsp/bsp_can.c.obj
                0x08000e04                HAL_FDCAN_RxFifo0Callback
 .text.RC_Init  0x08000e24      0x128 CMakeFiles/H7Test.elf.dir/Bsp/bsp_dr16.c.obj
                0x08000e24                RC_Init
 .text.RC_DataProcess
                0x08000f4c       0xd6 CMakeFiles/H7Test.elf.dir/Bsp/bsp_dr16.c.obj
                0x08000f4c                RC_DataProcess
 *fill*         0x08001022        0x2 
 .text.RC_UART_Handler
                0x08001024       0x14 CMakeFiles/H7Test.elf.dir/Bsp/bsp_dr16.c.obj
                0x08001024                RC_UART_Handler
 .text.ECF_PWM_50HZ_Output_Init
                0x08001038       0x4a CMakeFiles/H7Test.elf.dir/Bsp/bsp_pwm.c.obj
                0x08001038                ECF_PWM_50HZ_Output_Init
 *fill*         0x08001082        0x2 
 .text.MX_DMA_Init
                0x08001084       0x38 CMakeFiles/H7Test.elf.dir/Core/Src/dma.c.obj
                0x08001084                MX_DMA_Init
 .text.MX_FDCAN1_Init
                0x080010bc       0x6c CMakeFiles/H7Test.elf.dir/Core/Src/fdcan.c.obj
                0x080010bc                MX_FDCAN1_Init
 .text.HAL_FDCAN_MspInit
                0x08001128       0xb0 CMakeFiles/H7Test.elf.dir/Core/Src/fdcan.c.obj
                0x08001128                HAL_FDCAN_MspInit
 .text.MX_GPIO_Init
                0x080011d8       0xb8 CMakeFiles/H7Test.elf.dir/Core/Src/gpio.c.obj
                0x080011d8                MX_GPIO_Init
 .text.HAL_TIM_PeriodElapsedCallback
                0x08001290       0x12 CMakeFiles/H7Test.elf.dir/Core/Src/main.c.obj
                0x08001290                HAL_TIM_PeriodElapsedCallback
 .text.Error_Handler
                0x080012a2        0x4 CMakeFiles/H7Test.elf.dir/Core/Src/main.c.obj
                0x080012a2                Error_Handler
 *fill*         0x080012a6        0x2 
 .text.SystemClock_Config
                0x080012a8      0x114 CMakeFiles/H7Test.elf.dir/Core/Src/main.c.obj
                0x080012a8                SystemClock_Config
 .text.main     0x080013bc       0xa0 CMakeFiles/H7Test.elf.dir/Core/Src/main.c.obj
                0x080013bc                main
 .text.HAL_MspInit
                0x0800145c       0x24 CMakeFiles/H7Test.elf.dir/Core/Src/stm32h7xx_hal_msp.c.obj
                0x0800145c                HAL_MspInit
 .text.HAL_InitTick
                0x08001480       0x9c CMakeFiles/H7Test.elf.dir/Core/Src/stm32h7xx_hal_timebase_tim.c.obj
                0x08001480                HAL_InitTick
 .text.NMI_Handler
                0x0800151c        0x2 CMakeFiles/H7Test.elf.dir/Core/Src/stm32h7xx_it.c.obj
                0x0800151c                NMI_Handler
 .text.HardFault_Handler
                0x0800151e        0x2 CMakeFiles/H7Test.elf.dir/Core/Src/stm32h7xx_it.c.obj
                0x0800151e                HardFault_Handler
 .text.MemManage_Handler
                0x08001520        0x2 CMakeFiles/H7Test.elf.dir/Core/Src/stm32h7xx_it.c.obj
                0x08001520                MemManage_Handler
 .text.BusFault_Handler
                0x08001522        0x2 CMakeFiles/H7Test.elf.dir/Core/Src/stm32h7xx_it.c.obj
                0x08001522                BusFault_Handler
 .text.UsageFault_Handler
                0x08001524        0x2 CMakeFiles/H7Test.elf.dir/Core/Src/stm32h7xx_it.c.obj
                0x08001524                UsageFault_Handler
 .text.SVC_Handler
                0x08001526        0x2 CMakeFiles/H7Test.elf.dir/Core/Src/stm32h7xx_it.c.obj
                0x08001526                SVC_Handler
 .text.DebugMon_Handler
                0x08001528        0x2 CMakeFiles/H7Test.elf.dir/Core/Src/stm32h7xx_it.c.obj
                0x08001528                DebugMon_Handler
 .text.PendSV_Handler
                0x0800152a        0x2 CMakeFiles/H7Test.elf.dir/Core/Src/stm32h7xx_it.c.obj
                0x0800152a                PendSV_Handler
 .text.SysTick_Handler
                0x0800152c        0x2 CMakeFiles/H7Test.elf.dir/Core/Src/stm32h7xx_it.c.obj
                0x0800152c                SysTick_Handler
 *fill*         0x0800152e        0x2 
 .text.DMA1_Stream0_IRQHandler
                0x08001530       0x10 CMakeFiles/H7Test.elf.dir/Core/Src/stm32h7xx_it.c.obj
                0x08001530                DMA1_Stream0_IRQHandler
 .text.FDCAN1_IT0_IRQHandler
                0x08001540       0x10 CMakeFiles/H7Test.elf.dir/Core/Src/stm32h7xx_it.c.obj
                0x08001540                FDCAN1_IT0_IRQHandler
 .text.TIM2_IRQHandler
                0x08001550       0x10 CMakeFiles/H7Test.elf.dir/Core/Src/stm32h7xx_it.c.obj
                0x08001550                TIM2_IRQHandler
 .text.USART1_IRQHandler
                0x08001560       0x18 CMakeFiles/H7Test.elf.dir/Core/Src/stm32h7xx_it.c.obj
                0x08001560                USART1_IRQHandler
 .text.SystemInit
                0x08001578       0xbc CMakeFiles/H7Test.elf.dir/Core/Src/system_stm32h7xx.c.obj
                0x08001578                SystemInit
 .text.HAL_TIM_PWM_MspInit
                0x08001634       0x80 CMakeFiles/H7Test.elf.dir/Core/Src/tim.c.obj
                0x08001634                HAL_TIM_PWM_MspInit
 .text.HAL_TIM_MspPostInit
                0x080016b4       0xdc CMakeFiles/H7Test.elf.dir/Core/Src/tim.c.obj
                0x080016b4                HAL_TIM_MspPostInit
 .text.MX_TIM1_Init
                0x08001790       0xdc CMakeFiles/H7Test.elf.dir/Core/Src/tim.c.obj
                0x08001790                MX_TIM1_Init
 .text.MX_TIM3_Init
                0x0800186c       0x84 CMakeFiles/H7Test.elf.dir/Core/Src/tim.c.obj
                0x0800186c                MX_TIM3_Init
 .text.MX_TIM8_Init
                0x080018f0       0xdc CMakeFiles/H7Test.elf.dir/Core/Src/tim.c.obj
                0x080018f0                MX_TIM8_Init
 .text.MX_USART1_UART_Init
                0x080019cc       0x74 CMakeFiles/H7Test.elf.dir/Core/Src/usart.c.obj
                0x080019cc                MX_USART1_UART_Init
 .text.HAL_UART_MspInit
                0x08001a40       0xe8 CMakeFiles/H7Test.elf.dir/Core/Src/usart.c.obj
                0x08001a40                HAL_UART_MspInit
 .text.Reset_Handler
                0x08001b28       0x50 CMakeFiles/H7Test.elf.dir/Core/Startup/startup_stm32h750vbtx.s.obj
                0x08001b28                Reset_Handler
 .text.Default_Handler
                0x08001b78        0x2 CMakeFiles/H7Test.elf.dir/Core/Startup/startup_stm32h750vbtx.s.obj
                0x08001b78                RTC_Alarm_IRQHandler
                0x08001b78                HASH_RNG_IRQHandler
                0x08001b78                EXTI2_IRQHandler
                0x08001b78                TIM8_CC_IRQHandler
                0x08001b78                HRTIM1_Master_IRQHandler
                0x08001b78                UART8_IRQHandler
                0x08001b78                SPI4_IRQHandler
                0x08001b78                TIM1_CC_IRQHandler
                0x08001b78                BDMA_Channel6_IRQHandler
                0x08001b78                DMA2_Stream5_IRQHandler
                0x08001b78                HRTIM1_FLT_IRQHandler
                0x08001b78                JPEG_IRQHandler
                0x08001b78                DMA1_Stream5_IRQHandler
                0x08001b78                BDMA_Channel1_IRQHandler
                0x08001b78                HRTIM1_TIMD_IRQHandler
                0x08001b78                TAMP_STAMP_IRQHandler
                0x08001b78                EXTI3_IRQHandler
                0x08001b78                LPTIM4_IRQHandler
                0x08001b78                TIM8_TRG_COM_TIM14_IRQHandler
                0x08001b78                LPTIM2_IRQHandler
                0x08001b78                DFSDM1_FLT1_IRQHandler
                0x08001b78                DMAMUX2_OVR_IRQHandler
                0x08001b78                TIM8_UP_TIM13_IRQHandler
                0x08001b78                I2C3_ER_IRQHandler
                0x08001b78                DFSDM1_FLT2_IRQHandler
                0x08001b78                MDMA_IRQHandler
                0x08001b78                LPTIM3_IRQHandler
                0x08001b78                HSEM1_IRQHandler
                0x08001b78                EXTI0_IRQHandler
                0x08001b78                I2C2_EV_IRQHandler
                0x08001b78                DMA1_Stream2_IRQHandler
                0x08001b78                FPU_IRQHandler
                0x08001b78                OTG_HS_WKUP_IRQHandler
                0x08001b78                FDCAN1_IT1_IRQHandler
                0x08001b78                LTDC_ER_IRQHandler
                0x08001b78                DMA2_Stream2_IRQHandler
                0x08001b78                HRTIM1_TIME_IRQHandler
                0x08001b78                SPI1_IRQHandler
                0x08001b78                TIM6_DAC_IRQHandler
                0x08001b78                DCMI_IRQHandler
                0x08001b78                HRTIM1_TIMC_IRQHandler
                0x08001b78                DMA2_Stream3_IRQHandler
                0x08001b78                SAI2_IRQHandler
                0x08001b78                DFSDM1_FLT3_IRQHandler
                0x08001b78                USART6_IRQHandler
                0x08001b78                TIM17_IRQHandler
                0x08001b78                USART3_IRQHandler
                0x08001b78                BDMA_Channel7_IRQHandler
                0x08001b78                CRYP_IRQHandler
                0x08001b78                LPTIM5_IRQHandler
                0x08001b78                UART5_IRQHandler
                0x08001b78                ADC3_IRQHandler
                0x08001b78                DMA2_Stream0_IRQHandler
                0x08001b78                TIM4_IRQHandler
                0x08001b78                BDMA_Channel2_IRQHandler
                0x08001b78                QUADSPI_IRQHandler
                0x08001b78                I2C1_EV_IRQHandler
                0x08001b78                DMA1_Stream6_IRQHandler
                0x08001b78                DMAMUX1_OVR_IRQHandler
                0x08001b78                DMA1_Stream1_IRQHandler
                0x08001b78                TIM16_IRQHandler
                0x08001b78                UART4_IRQHandler
                0x08001b78                BDMA_Channel5_IRQHandler
                0x08001b78                TIM3_IRQHandler
                0x08001b78                RCC_IRQHandler
                0x08001b78                TIM8_BRK_TIM12_IRQHandler
                0x08001b78                TIM1_TRG_COM_IRQHandler
                0x08001b78                Default_Handler
                0x08001b78                ECC_IRQHandler
                0x08001b78                CEC_IRQHandler
                0x08001b78                EXTI15_10_IRQHandler
                0x08001b78                BDMA_Channel0_IRQHandler
                0x08001b78                ADC_IRQHandler
                0x08001b78                DMA1_Stream7_IRQHandler
                0x08001b78                HRTIM1_TIMA_IRQHandler
                0x08001b78                SPI5_IRQHandler
                0x08001b78                TIM7_IRQHandler
                0x08001b78                SDMMC1_IRQHandler
                0x08001b78                TIM5_IRQHandler
                0x08001b78                DMA2_Stream7_IRQHandler
                0x08001b78                TIM15_IRQHandler
                0x08001b78                PVD_AVD_IRQHandler
                0x08001b78                I2C3_EV_IRQHandler
                0x08001b78                EXTI9_5_IRQHandler
                0x08001b78                RTC_WKUP_IRQHandler
                0x08001b78                LTDC_IRQHandler
                0x08001b78                SAI3_IRQHandler
                0x08001b78                ETH_WKUP_IRQHandler
                0x08001b78                SPDIF_RX_IRQHandler
                0x08001b78                SPI2_IRQHandler
                0x08001b78                OTG_HS_EP1_IN_IRQHandler
                0x08001b78                CRS_IRQHandler
                0x08001b78                EXTI4_IRQHandler
                0x08001b78                HRTIM1_TIMB_IRQHandler
                0x08001b78                FDCAN2_IT1_IRQHandler
                0x08001b78                ETH_IRQHandler
                0x08001b78                TIM1_UP_IRQHandler
                0x08001b78                BDMA_Channel4_IRQHandler
                0x08001b78                OTG_HS_EP1_OUT_IRQHandler
                0x08001b78                WWDG_IRQHandler
                0x08001b78                SPI6_IRQHandler
                0x08001b78                MDIOS_IRQHandler
                0x08001b78                I2C4_EV_IRQHandler
                0x08001b78                FDCAN2_IT0_IRQHandler
                0x08001b78                LPUART1_IRQHandler
                0x08001b78                OTG_FS_WKUP_IRQHandler
                0x08001b78                OTG_HS_IRQHandler
                0x08001b78                DMA2D_IRQHandler
                0x08001b78                TIM1_BRK_IRQHandler
                0x08001b78                EXTI1_IRQHandler
                0x08001b78                SDMMC2_IRQHandler
                0x08001b78                OTG_FS_EP1_OUT_IRQHandler
                0x08001b78                BDMA_Channel3_IRQHandler
                0x08001b78                UART7_IRQHandler
                0x08001b78                MDIOS_WKUP_IRQHandler
                0x08001b78                USART2_IRQHandler
                0x08001b78                DFSDM1_FLT0_IRQHandler
                0x08001b78                SAI4_IRQHandler
                0x08001b78                I2C2_ER_IRQHandler
                0x08001b78                DMA2_Stream1_IRQHandler
                0x08001b78                FLASH_IRQHandler
                0x08001b78                DMA2_Stream4_IRQHandler
                0x08001b78                OTG_FS_IRQHandler
                0x08001b78                SPI3_IRQHandler
                0x08001b78                WAKEUP_PIN_IRQHandler
                0x08001b78                DMA1_Stream4_IRQHandler
                0x08001b78                OTG_FS_EP1_IN_IRQHandler
                0x08001b78                I2C1_ER_IRQHandler
                0x08001b78                FMC_IRQHandler
                0x08001b78                FDCAN_CAL_IRQHandler
                0x08001b78                SWPMI1_IRQHandler
                0x08001b78                COMP1_IRQHandler
                0x08001b78                LPTIM1_IRQHandler
                0x08001b78                I2C4_ER_IRQHandler
                0x08001b78                DMA2_Stream6_IRQHandler
                0x08001b78                SAI1_IRQHandler
                0x08001b78                DMA1_Stream3_IRQHandler
 *fill*         0x08001b7a        0x2 
 .text.HAL_Init
                0x08001b7c       0x5c CMakeFiles/H7Test.elf.dir/Drivers/STM32H7xx_HAL_Driver/Src/stm32h7xx_hal.c.obj
                0x08001b7c                HAL_Init
 .text.HAL_IncTick
                0x08001bd8       0x18 CMakeFiles/H7Test.elf.dir/Drivers/STM32H7xx_HAL_Driver/Src/stm32h7xx_hal.c.obj
                0x08001bd8                HAL_IncTick
 .text.HAL_GetTick
                0x08001bf0        0xc CMakeFiles/H7Test.elf.dir/Drivers/STM32H7xx_HAL_Driver/Src/stm32h7xx_hal.c.obj
                0x08001bf0                HAL_GetTick
 .text.HAL_Delay
                0x08001bfc       0x28 CMakeFiles/H7Test.elf.dir/Drivers/STM32H7xx_HAL_Driver/Src/stm32h7xx_hal.c.obj
                0x08001bfc                HAL_Delay
 .text.HAL_GetREVID
                0x08001c24        0xc CMakeFiles/H7Test.elf.dir/Drivers/STM32H7xx_HAL_Driver/Src/stm32h7xx_hal.c.obj
                0x08001c24                HAL_GetREVID
 .text.HAL_NVIC_SetPriorityGrouping
                0x08001c30       0x24 CMakeFiles/H7Test.elf.dir/Drivers/STM32H7xx_HAL_Driver/Src/stm32h7xx_hal_cortex.c.obj
                0x08001c30                HAL_NVIC_SetPriorityGrouping
 .text.HAL_NVIC_SetPriority
                0x08001c54       0x6c CMakeFiles/H7Test.elf.dir/Drivers/STM32H7xx_HAL_Driver/Src/stm32h7xx_hal_cortex.c.obj
                0x08001c54                HAL_NVIC_SetPriority
 .text.HAL_NVIC_EnableIRQ
                0x08001cc0       0x1c CMakeFiles/H7Test.elf.dir/Drivers/STM32H7xx_HAL_Driver/Src/stm32h7xx_hal_cortex.c.obj
                0x08001cc0                HAL_NVIC_EnableIRQ
 .text.DMA_SetConfig
                0x08001cdc      0x1b4 CMakeFiles/H7Test.elf.dir/Drivers/STM32H7xx_HAL_Driver/Src/stm32h7xx_hal_dma.c.obj
 .text.DMA_CalcBaseAndBitshift
                0x08001e90       0xb4 CMakeFiles/H7Test.elf.dir/Drivers/STM32H7xx_HAL_Driver/Src/stm32h7xx_hal_dma.c.obj
 .text.DMA_CheckFifoParam
                0x08001f44       0x92 CMakeFiles/H7Test.elf.dir/Drivers/STM32H7xx_HAL_Driver/Src/stm32h7xx_hal_dma.c.obj
 *fill*         0x08001fd6        0x2 
 .text.DMA_CalcDMAMUXChannelBaseAndMask
                0x08001fd8       0xb0 CMakeFiles/H7Test.elf.dir/Drivers/STM32H7xx_HAL_Driver/Src/stm32h7xx_hal_dma.c.obj
 .text.DMA_CalcDMAMUXRequestGenBaseAndMask
                0x08002088       0x7c CMakeFiles/H7Test.elf.dir/Drivers/STM32H7xx_HAL_Driver/Src/stm32h7xx_hal_dma.c.obj
 .text.HAL_DMA_Init
                0x08002104      0x3a4 CMakeFiles/H7Test.elf.dir/Drivers/STM32H7xx_HAL_Driver/Src/stm32h7xx_hal_dma.c.obj
                0x08002104                HAL_DMA_Init
 .text.HAL_DMA_Start_IT
                0x080024a8      0x298 CMakeFiles/H7Test.elf.dir/Drivers/STM32H7xx_HAL_Driver/Src/stm32h7xx_hal_dma.c.obj
                0x080024a8                HAL_DMA_Start_IT
 .text.HAL_DMA_Abort
                0x08002740      0x340 CMakeFiles/H7Test.elf.dir/Drivers/STM32H7xx_HAL_Driver/Src/stm32h7xx_hal_dma.c.obj
                0x08002740                HAL_DMA_Abort
 .text.HAL_DMA_Abort_IT
                0x08002a80      0x270 CMakeFiles/H7Test.elf.dir/Drivers/STM32H7xx_HAL_Driver/Src/stm32h7xx_hal_dma.c.obj
                0x08002a80                HAL_DMA_Abort_IT
 .text.HAL_DMA_IRQHandler
                0x08002cf0      0x738 CMakeFiles/H7Test.elf.dir/Drivers/STM32H7xx_HAL_Driver/Src/stm32h7xx_hal_dma.c.obj
                0x08002cf0                HAL_DMA_IRQHandler
 .text.FDCAN_CalcultateRamBlockAddresses
                0x08003428      0x1e0 CMakeFiles/H7Test.elf.dir/Drivers/STM32H7xx_HAL_Driver/Src/stm32h7xx_hal_fdcan.c.obj
 .text.HAL_FDCAN_Init
                0x08003608      0x294 CMakeFiles/H7Test.elf.dir/Drivers/STM32H7xx_HAL_Driver/Src/stm32h7xx_hal_fdcan.c.obj
                0x08003608                HAL_FDCAN_Init
 .text.HAL_FDCAN_ConfigFilter
                0x0800389c       0x82 CMakeFiles/H7Test.elf.dir/Drivers/STM32H7xx_HAL_Driver/Src/stm32h7xx_hal_fdcan.c.obj
                0x0800389c                HAL_FDCAN_ConfigFilter
 .text.HAL_FDCAN_ConfigGlobalFilter
                0x0800391e       0x36 CMakeFiles/H7Test.elf.dir/Drivers/STM32H7xx_HAL_Driver/Src/stm32h7xx_hal_fdcan.c.obj
                0x0800391e                HAL_FDCAN_ConfigGlobalFilter
 .text.HAL_FDCAN_ConfigRxFifoOverwrite
                0x08003954       0x44 CMakeFiles/H7Test.elf.dir/Drivers/STM32H7xx_HAL_Driver/Src/stm32h7xx_hal_fdcan.c.obj
                0x08003954                HAL_FDCAN_ConfigRxFifoOverwrite
 .text.HAL_FDCAN_Start
                0x08003998       0x34 CMakeFiles/H7Test.elf.dir/Drivers/STM32H7xx_HAL_Driver/Src/stm32h7xx_hal_fdcan.c.obj
                0x08003998                HAL_FDCAN_Start
 .text.HAL_FDCAN_GetRxMessage
                0x080039cc      0x1e0 CMakeFiles/H7Test.elf.dir/Drivers/STM32H7xx_HAL_Driver/Src/stm32h7xx_hal_fdcan.c.obj
                0x080039cc                HAL_FDCAN_GetRxMessage
 .text.HAL_FDCAN_ActivateNotification
                0x08003bac       0x90 CMakeFiles/H7Test.elf.dir/Drivers/STM32H7xx_HAL_Driver/Src/stm32h7xx_hal_fdcan.c.obj
                0x08003bac                HAL_FDCAN_ActivateNotification
 .text.HAL_FDCAN_ClockCalibrationCallback
                0x08003c3c        0x2 CMakeFiles/H7Test.elf.dir/Drivers/STM32H7xx_HAL_Driver/Src/stm32h7xx_hal_fdcan.c.obj
                0x08003c3c                HAL_FDCAN_ClockCalibrationCallback
 .text.HAL_FDCAN_TxEventFifoCallback
                0x08003c3e        0x2 CMakeFiles/H7Test.elf.dir/Drivers/STM32H7xx_HAL_Driver/Src/stm32h7xx_hal_fdcan.c.obj
                0x08003c3e                HAL_FDCAN_TxEventFifoCallback
 .text.HAL_FDCAN_RxFifo1Callback
                0x08003c40        0x2 CMakeFiles/H7Test.elf.dir/Drivers/STM32H7xx_HAL_Driver/Src/stm32h7xx_hal_fdcan.c.obj
                0x08003c40                HAL_FDCAN_RxFifo1Callback
 .text.HAL_FDCAN_TxFifoEmptyCallback
                0x08003c42        0x2 CMakeFiles/H7Test.elf.dir/Drivers/STM32H7xx_HAL_Driver/Src/stm32h7xx_hal_fdcan.c.obj
                0x08003c42                HAL_FDCAN_TxFifoEmptyCallback
 .text.HAL_FDCAN_TxBufferCompleteCallback
                0x08003c44        0x2 CMakeFiles/H7Test.elf.dir/Drivers/STM32H7xx_HAL_Driver/Src/stm32h7xx_hal_fdcan.c.obj
                0x08003c44                HAL_FDCAN_TxBufferCompleteCallback
 .text.HAL_FDCAN_TxBufferAbortCallback
                0x08003c46        0x2 CMakeFiles/H7Test.elf.dir/Drivers/STM32H7xx_HAL_Driver/Src/stm32h7xx_hal_fdcan.c.obj
                0x08003c46                HAL_FDCAN_TxBufferAbortCallback
 .text.HAL_FDCAN_RxBufferNewMessageCallback
                0x08003c48        0x2 CMakeFiles/H7Test.elf.dir/Drivers/STM32H7xx_HAL_Driver/Src/stm32h7xx_hal_fdcan.c.obj
                0x08003c48                HAL_FDCAN_RxBufferNewMessageCallback
 .text.HAL_FDCAN_TimestampWraparoundCallback
                0x08003c4a        0x2 CMakeFiles/H7Test.elf.dir/Drivers/STM32H7xx_HAL_Driver/Src/stm32h7xx_hal_fdcan.c.obj
                0x08003c4a                HAL_FDCAN_TimestampWraparoundCallback
 .text.HAL_FDCAN_TimeoutOccurredCallback
                0x08003c4c        0x2 CMakeFiles/H7Test.elf.dir/Drivers/STM32H7xx_HAL_Driver/Src/stm32h7xx_hal_fdcan.c.obj
                0x08003c4c                HAL_FDCAN_TimeoutOccurredCallback
 .text.HAL_FDCAN_HighPriorityMessageCallback
                0x08003c4e        0x2 CMakeFiles/H7Test.elf.dir/Drivers/STM32H7xx_HAL_Driver/Src/stm32h7xx_hal_fdcan.c.obj
                0x08003c4e                HAL_FDCAN_HighPriorityMessageCallback
 .text.HAL_FDCAN_ErrorCallback
                0x08003c50        0x2 CMakeFiles/H7Test.elf.dir/Drivers/STM32H7xx_HAL_Driver/Src/stm32h7xx_hal_fdcan.c.obj
                0x08003c50                HAL_FDCAN_ErrorCallback
 .text.HAL_FDCAN_ErrorStatusCallback
                0x08003c52        0x2 CMakeFiles/H7Test.elf.dir/Drivers/STM32H7xx_HAL_Driver/Src/stm32h7xx_hal_fdcan.c.obj
                0x08003c52                HAL_FDCAN_ErrorStatusCallback
 .text.HAL_FDCAN_TT_ScheduleSyncCallback
                0x08003c54        0x2 CMakeFiles/H7Test.elf.dir/Drivers/STM32H7xx_HAL_Driver/Src/stm32h7xx_hal_fdcan.c.obj
                0x08003c54                HAL_FDCAN_TT_ScheduleSyncCallback
 .text.HAL_FDCAN_TT_TimeMarkCallback
                0x08003c56        0x2 CMakeFiles/H7Test.elf.dir/Drivers/STM32H7xx_HAL_Driver/Src/stm32h7xx_hal_fdcan.c.obj
                0x08003c56                HAL_FDCAN_TT_TimeMarkCallback
 .text.HAL_FDCAN_TT_StopWatchCallback
                0x08003c58        0x2 CMakeFiles/H7Test.elf.dir/Drivers/STM32H7xx_HAL_Driver/Src/stm32h7xx_hal_fdcan.c.obj
                0x08003c58                HAL_FDCAN_TT_StopWatchCallback
 .text.HAL_FDCAN_TT_GlobalTimeCallback
                0x08003c5a        0x2 CMakeFiles/H7Test.elf.dir/Drivers/STM32H7xx_HAL_Driver/Src/stm32h7xx_hal_fdcan.c.obj
                0x08003c5a                HAL_FDCAN_TT_GlobalTimeCallback
 .text.HAL_FDCAN_IRQHandler
                0x08003c5c      0x31c CMakeFiles/H7Test.elf.dir/Drivers/STM32H7xx_HAL_Driver/Src/stm32h7xx_hal_fdcan.c.obj
                0x08003c5c                HAL_FDCAN_IRQHandler
 .text.HAL_GPIO_Init
                0x08003f78      0x228 CMakeFiles/H7Test.elf.dir/Drivers/STM32H7xx_HAL_Driver/Src/stm32h7xx_hal_gpio.c.obj
                0x08003f78                HAL_GPIO_Init
 .text.HAL_GPIO_WritePin
                0x080041a0        0xc CMakeFiles/H7Test.elf.dir/Drivers/STM32H7xx_HAL_Driver/Src/stm32h7xx_hal_gpio.c.obj
                0x080041a0                HAL_GPIO_WritePin
 .text.HAL_PWREx_ConfigSupply
                0x080041ac       0x54 CMakeFiles/H7Test.elf.dir/Drivers/STM32H7xx_HAL_Driver/Src/stm32h7xx_hal_pwr_ex.c.obj
                0x080041ac                HAL_PWREx_ConfigSupply
 .text.HAL_RCC_OscConfig
                0x08004200      0x6b4 CMakeFiles/H7Test.elf.dir/Drivers/STM32H7xx_HAL_Driver/Src/stm32h7xx_hal_rcc.c.obj
                0x08004200                HAL_RCC_OscConfig
 .text.HAL_RCC_GetSysClockFreq
                0x080048b4      0x218 CMakeFiles/H7Test.elf.dir/Drivers/STM32H7xx_HAL_Driver/Src/stm32h7xx_hal_rcc.c.obj
                0x080048b4                HAL_RCC_GetSysClockFreq
 .text.HAL_RCC_ClockConfig
                0x08004acc      0x294 CMakeFiles/H7Test.elf.dir/Drivers/STM32H7xx_HAL_Driver/Src/stm32h7xx_hal_rcc.c.obj
                0x08004acc                HAL_RCC_ClockConfig
 .text.HAL_RCC_GetHCLKFreq
                0x08004d60       0x44 CMakeFiles/H7Test.elf.dir/Drivers/STM32H7xx_HAL_Driver/Src/stm32h7xx_hal_rcc.c.obj
                0x08004d60                HAL_RCC_GetHCLKFreq
 .text.HAL_RCC_GetPCLK1Freq
                0x08004da4       0x24 CMakeFiles/H7Test.elf.dir/Drivers/STM32H7xx_HAL_Driver/Src/stm32h7xx_hal_rcc.c.obj
                0x08004da4                HAL_RCC_GetPCLK1Freq
 .text.HAL_RCC_GetPCLK2Freq
                0x08004dc8       0x24 CMakeFiles/H7Test.elf.dir/Drivers/STM32H7xx_HAL_Driver/Src/stm32h7xx_hal_rcc.c.obj
                0x08004dc8                HAL_RCC_GetPCLK2Freq
 .text.HAL_RCC_GetClockConfig
                0x08004dec       0x54 CMakeFiles/H7Test.elf.dir/Drivers/STM32H7xx_HAL_Driver/Src/stm32h7xx_hal_rcc.c.obj
                0x08004dec                HAL_RCC_GetClockConfig
 .text.RCCEx_PLL2_Config
                0x08004e40      0x10c CMakeFiles/H7Test.elf.dir/Drivers/STM32H7xx_HAL_Driver/Src/stm32h7xx_hal_rcc_ex.c.obj
 .text.RCCEx_PLL3_Config
                0x08004f4c      0x10c CMakeFiles/H7Test.elf.dir/Drivers/STM32H7xx_HAL_Driver/Src/stm32h7xx_hal_rcc_ex.c.obj
 .text.HAL_RCCEx_PeriphCLKConfig
                0x08005058      0xa8c CMakeFiles/H7Test.elf.dir/Drivers/STM32H7xx_HAL_Driver/Src/stm32h7xx_hal_rcc_ex.c.obj
                0x08005058                HAL_RCCEx_PeriphCLKConfig
 .text.HAL_RCCEx_GetD3PCLK1Freq
                0x08005ae4       0x24 CMakeFiles/H7Test.elf.dir/Drivers/STM32H7xx_HAL_Driver/Src/stm32h7xx_hal_rcc_ex.c.obj
                0x08005ae4                HAL_RCCEx_GetD3PCLK1Freq
 .text.HAL_RCCEx_GetPLL2ClockFreq
                0x08005b08      0x234 CMakeFiles/H7Test.elf.dir/Drivers/STM32H7xx_HAL_Driver/Src/stm32h7xx_hal_rcc_ex.c.obj
                0x08005b08                HAL_RCCEx_GetPLL2ClockFreq
 .text.HAL_RCCEx_GetPLL3ClockFreq
                0x08005d3c      0x234 CMakeFiles/H7Test.elf.dir/Drivers/STM32H7xx_HAL_Driver/Src/stm32h7xx_hal_rcc_ex.c.obj
                0x08005d3c                HAL_RCCEx_GetPLL3ClockFreq
 .text.TIM_OC1_SetConfig
                0x08005f70       0xa8 CMakeFiles/H7Test.elf.dir/Drivers/STM32H7xx_HAL_Driver/Src/stm32h7xx_hal_tim.c.obj
 .text.TIM_OC3_SetConfig
                0x08006018       0x94 CMakeFiles/H7Test.elf.dir/Drivers/STM32H7xx_HAL_Driver/Src/stm32h7xx_hal_tim.c.obj
 .text.TIM_OC4_SetConfig
                0x080060ac       0x74 CMakeFiles/H7Test.elf.dir/Drivers/STM32H7xx_HAL_Driver/Src/stm32h7xx_hal_tim.c.obj
 .text.TIM_OC5_SetConfig
                0x08006120       0x74 CMakeFiles/H7Test.elf.dir/Drivers/STM32H7xx_HAL_Driver/Src/stm32h7xx_hal_tim.c.obj
 .text.TIM_OC6_SetConfig
                0x08006194       0x74 CMakeFiles/H7Test.elf.dir/Drivers/STM32H7xx_HAL_Driver/Src/stm32h7xx_hal_tim.c.obj
 .text.HAL_TIM_Base_MspInit
                0x08006208        0x2 CMakeFiles/H7Test.elf.dir/Drivers/STM32H7xx_HAL_Driver/Src/stm32h7xx_hal_tim.c.obj
                0x08006208                HAL_TIM_Base_MspInit
 *fill*         0x0800620a        0x2 
 .text.HAL_TIM_Base_Start
                0x0800620c       0x88 CMakeFiles/H7Test.elf.dir/Drivers/STM32H7xx_HAL_Driver/Src/stm32h7xx_hal_tim.c.obj
                0x0800620c                HAL_TIM_Base_Start
 .text.HAL_TIM_Base_Start_IT
                0x08006294       0x90 CMakeFiles/H7Test.elf.dir/Drivers/STM32H7xx_HAL_Driver/Src/stm32h7xx_hal_tim.c.obj
                0x08006294                HAL_TIM_Base_Start_IT
 .text.HAL_TIM_OC_DelayElapsedCallback
                0x08006324        0x2 CMakeFiles/H7Test.elf.dir/Drivers/STM32H7xx_HAL_Driver/Src/stm32h7xx_hal_tim.c.obj
                0x08006324                HAL_TIM_OC_DelayElapsedCallback
 .text.HAL_TIM_IC_CaptureCallback
                0x08006326        0x2 CMakeFiles/H7Test.elf.dir/Drivers/STM32H7xx_HAL_Driver/Src/stm32h7xx_hal_tim.c.obj
                0x08006326                HAL_TIM_IC_CaptureCallback
 .text.HAL_TIM_PWM_PulseFinishedCallback
                0x08006328        0x2 CMakeFiles/H7Test.elf.dir/Drivers/STM32H7xx_HAL_Driver/Src/stm32h7xx_hal_tim.c.obj
                0x08006328                HAL_TIM_PWM_PulseFinishedCallback
 .text.HAL_TIM_TriggerCallback
                0x0800632a        0x2 CMakeFiles/H7Test.elf.dir/Drivers/STM32H7xx_HAL_Driver/Src/stm32h7xx_hal_tim.c.obj
                0x0800632a                HAL_TIM_TriggerCallback
 .text.HAL_TIM_IRQHandler
                0x0800632c      0x19a CMakeFiles/H7Test.elf.dir/Drivers/STM32H7xx_HAL_Driver/Src/stm32h7xx_hal_tim.c.obj
                0x0800632c                HAL_TIM_IRQHandler
 *fill*         0x080064c6        0x2 
 .text.TIM_Base_SetConfig
                0x080064c8      0x104 CMakeFiles/H7Test.elf.dir/Drivers/STM32H7xx_HAL_Driver/Src/stm32h7xx_hal_tim.c.obj
                0x080064c8                TIM_Base_SetConfig
 .text.HAL_TIM_Base_Init
                0x080065cc       0x60 CMakeFiles/H7Test.elf.dir/Drivers/STM32H7xx_HAL_Driver/Src/stm32h7xx_hal_tim.c.obj
                0x080065cc                HAL_TIM_Base_Init
 .text.HAL_TIM_PWM_Init
                0x0800662c       0x60 CMakeFiles/H7Test.elf.dir/Drivers/STM32H7xx_HAL_Driver/Src/stm32h7xx_hal_tim.c.obj
                0x0800662c                HAL_TIM_PWM_Init
 .text.TIM_OC2_SetConfig
                0x0800668c       0x94 CMakeFiles/H7Test.elf.dir/Drivers/STM32H7xx_HAL_Driver/Src/stm32h7xx_hal_tim.c.obj
                0x0800668c                TIM_OC2_SetConfig
 .text.HAL_TIM_PWM_ConfigChannel
                0x08006720      0x13a CMakeFiles/H7Test.elf.dir/Drivers/STM32H7xx_HAL_Driver/Src/stm32h7xx_hal_tim.c.obj
                0x08006720                HAL_TIM_PWM_ConfigChannel
 .text.TIM_CCxChannelCmd
                0x0800685a       0x1e CMakeFiles/H7Test.elf.dir/Drivers/STM32H7xx_HAL_Driver/Src/stm32h7xx_hal_tim.c.obj
                0x0800685a                TIM_CCxChannelCmd
 .text.HAL_TIM_PWM_Start
                0x08006878      0x168 CMakeFiles/H7Test.elf.dir/Drivers/STM32H7xx_HAL_Driver/Src/stm32h7xx_hal_tim.c.obj
                0x08006878                HAL_TIM_PWM_Start
 .text.HAL_TIMEx_MasterConfigSynchronization
                0x080069e0       0xa0 CMakeFiles/H7Test.elf.dir/Drivers/STM32H7xx_HAL_Driver/Src/stm32h7xx_hal_tim_ex.c.obj
                0x080069e0                HAL_TIMEx_MasterConfigSynchronization
 .text.HAL_TIMEx_ConfigBreakDeadTime
                0x08006a80       0x90 CMakeFiles/H7Test.elf.dir/Drivers/STM32H7xx_HAL_Driver/Src/stm32h7xx_hal_tim_ex.c.obj
                0x08006a80                HAL_TIMEx_ConfigBreakDeadTime
 .text.HAL_TIMEx_CommutCallback
                0x08006b10        0x2 CMakeFiles/H7Test.elf.dir/Drivers/STM32H7xx_HAL_Driver/Src/stm32h7xx_hal_tim_ex.c.obj
                0x08006b10                HAL_TIMEx_CommutCallback
 .text.HAL_TIMEx_BreakCallback
                0x08006b12        0x2 CMakeFiles/H7Test.elf.dir/Drivers/STM32H7xx_HAL_Driver/Src/stm32h7xx_hal_tim_ex.c.obj
                0x08006b12                HAL_TIMEx_BreakCallback
 .text.HAL_TIMEx_Break2Callback
                0x08006b14        0x2 CMakeFiles/H7Test.elf.dir/Drivers/STM32H7xx_HAL_Driver/Src/stm32h7xx_hal_tim_ex.c.obj
                0x08006b14                HAL_TIMEx_Break2Callback
 .text.UART_EndTxTransfer
                0x08006b16       0x32 CMakeFiles/H7Test.elf.dir/Drivers/STM32H7xx_HAL_Driver/Src/stm32h7xx_hal_uart.c.obj
 .text.UART_EndRxTransfer
                0x08006b48       0x58 CMakeFiles/H7Test.elf.dir/Drivers/STM32H7xx_HAL_Driver/Src/stm32h7xx_hal_uart.c.obj
 .text.HAL_UART_TxCpltCallback
                0x08006ba0        0x2 CMakeFiles/H7Test.elf.dir/Drivers/STM32H7xx_HAL_Driver/Src/stm32h7xx_hal_uart.c.obj
                0x08006ba0                HAL_UART_TxCpltCallback
 .text.UART_EndTransmit_IT
                0x08006ba2       0x24 CMakeFiles/H7Test.elf.dir/Drivers/STM32H7xx_HAL_Driver/Src/stm32h7xx_hal_uart.c.obj
 .text.HAL_UART_RxCpltCallback
                0x08006bc6        0x2 CMakeFiles/H7Test.elf.dir/Drivers/STM32H7xx_HAL_Driver/Src/stm32h7xx_hal_uart.c.obj
                0x08006bc6                HAL_UART_RxCpltCallback
 .text.HAL_UART_RxHalfCpltCallback
                0x08006bc8        0x2 CMakeFiles/H7Test.elf.dir/Drivers/STM32H7xx_HAL_Driver/Src/stm32h7xx_hal_uart.c.obj
                0x08006bc8                HAL_UART_RxHalfCpltCallback
 .text.HAL_UART_ErrorCallback
                0x08006bca        0x2 CMakeFiles/H7Test.elf.dir/Drivers/STM32H7xx_HAL_Driver/Src/stm32h7xx_hal_uart.c.obj
                0x08006bca                HAL_UART_ErrorCallback
 .text.UART_DMAError
                0x08006bcc       0x58 CMakeFiles/H7Test.elf.dir/Drivers/STM32H7xx_HAL_Driver/Src/stm32h7xx_hal_uart.c.obj
 .text.UART_DMAAbortOnError
                0x08006c24       0x14 CMakeFiles/H7Test.elf.dir/Drivers/STM32H7xx_HAL_Driver/Src/stm32h7xx_hal_uart.c.obj
 .text.HAL_UARTEx_RxEventCallback
                0x08006c38        0x2 CMakeFiles/H7Test.elf.dir/Drivers/STM32H7xx_HAL_Driver/Src/stm32h7xx_hal_uart.c.obj
                0x08006c38                HAL_UARTEx_RxEventCallback
 *fill*         0x08006c3a        0x2 
 .text.HAL_UART_IRQHandler
                0x08006c3c      0x3b8 CMakeFiles/H7Test.elf.dir/Drivers/STM32H7xx_HAL_Driver/Src/stm32h7xx_hal_uart.c.obj
                0x08006c3c                HAL_UART_IRQHandler
 .text.UART_DMARxHalfCplt
                0x08006ff4       0x20 CMakeFiles/H7Test.elf.dir/Drivers/STM32H7xx_HAL_Driver/Src/stm32h7xx_hal_uart.c.obj
 .text.UART_DMAReceiveCplt
                0x08007014       0x90 CMakeFiles/H7Test.elf.dir/Drivers/STM32H7xx_HAL_Driver/Src/stm32h7xx_hal_uart.c.obj
 .text.UART_SetConfig
                0x080070a4      0x5f4 CMakeFiles/H7Test.elf.dir/Drivers/STM32H7xx_HAL_Driver/Src/stm32h7xx_hal_uart.c.obj
                0x080070a4                UART_SetConfig
 .text.UART_AdvFeatureConfig
                0x08007698       0xca CMakeFiles/H7Test.elf.dir/Drivers/STM32H7xx_HAL_Driver/Src/stm32h7xx_hal_uart.c.obj
                0x08007698                UART_AdvFeatureConfig
 .text.UART_WaitOnFlagUntilTimeout
                0x08007762       0x9a CMakeFiles/H7Test.elf.dir/Drivers/STM32H7xx_HAL_Driver/Src/stm32h7xx_hal_uart.c.obj
                0x08007762                UART_WaitOnFlagUntilTimeout
 .text.UART_CheckIdleState
                0x080077fc       0xca CMakeFiles/H7Test.elf.dir/Drivers/STM32H7xx_HAL_Driver/Src/stm32h7xx_hal_uart.c.obj
                0x080077fc                UART_CheckIdleState
 .text.HAL_UART_Init
                0x080078c6       0x66 CMakeFiles/H7Test.elf.dir/Drivers/STM32H7xx_HAL_Driver/Src/stm32h7xx_hal_uart.c.obj
                0x080078c6                HAL_UART_Init
 .text.UART_Start_Receive_DMA
                0x0800792c       0xb0 CMakeFiles/H7Test.elf.dir/Drivers/STM32H7xx_HAL_Driver/Src/stm32h7xx_hal_uart.c.obj
                0x0800792c                UART_Start_Receive_DMA
 .text.HAL_UART_Receive_DMA
                0x080079dc       0x4c CMakeFiles/H7Test.elf.dir/Drivers/STM32H7xx_HAL_Driver/Src/stm32h7xx_hal_uart.c.obj
                0x080079dc                HAL_UART_Receive_DMA
 .text.UARTEx_SetNbDataToProcess
                0x08007a28       0x4c CMakeFiles/H7Test.elf.dir/Drivers/STM32H7xx_HAL_Driver/Src/stm32h7xx_hal_uart_ex.c.obj
 .text.HAL_UARTEx_WakeupCallback
                0x08007a74        0x2 CMakeFiles/H7Test.elf.dir/Drivers/STM32H7xx_HAL_Driver/Src/stm32h7xx_hal_uart_ex.c.obj
                0x08007a74                HAL_UARTEx_WakeupCallback
 .text.HAL_UARTEx_RxFifoFullCallback
                0x08007a76        0x2 CMakeFiles/H7Test.elf.dir/Drivers/STM32H7xx_HAL_Driver/Src/stm32h7xx_hal_uart_ex.c.obj
                0x08007a76                HAL_UARTEx_RxFifoFullCallback
 .text.HAL_UARTEx_TxFifoEmptyCallback
                0x08007a78        0x2 CMakeFiles/H7Test.elf.dir/Drivers/STM32H7xx_HAL_Driver/Src/stm32h7xx_hal_uart_ex.c.obj
                0x08007a78                HAL_UARTEx_TxFifoEmptyCallback
 .text.HAL_UARTEx_DisableFifoMode
                0x08007a7a       0x3e CMakeFiles/H7Test.elf.dir/Drivers/STM32H7xx_HAL_Driver/Src/stm32h7xx_hal_uart_ex.c.obj
                0x08007a7a                HAL_UARTEx_DisableFifoMode
 .text.HAL_UARTEx_SetTxFifoThreshold
                0x08007ab8       0x4a CMakeFiles/H7Test.elf.dir/Drivers/STM32H7xx_HAL_Driver/Src/stm32h7xx_hal_uart_ex.c.obj
                0x08007ab8                HAL_UARTEx_SetTxFifoThreshold
 .text.HAL_UARTEx_SetRxFifoThreshold
                0x08007b02       0x4a CMakeFiles/H7Test.elf.dir/Drivers/STM32H7xx_HAL_Driver/Src/stm32h7xx_hal_uart_ex.c.obj
                0x08007b02                HAL_UARTEx_SetRxFifoThreshold
 .text.__libc_init_array
                0x08007b4c       0x48 c:/armgcc/bin/../lib/gcc/arm-none-eabi/10.3.1/../../../../arm-none-eabi/lib/thumb/v7e-m/nofp\libg.a(lib_a-init.o)
                0x08007b4c                __libc_init_array
 .text.memset   0x08007b94       0xa4 c:/armgcc/bin/../lib/gcc/arm-none-eabi/10.3.1/../../../../arm-none-eabi/lib/thumb/v7e-m/nofp\libg.a(lib_a-memset.o)
                0x08007b94                memset
 .text.startup.register_fini
                0x08007c38       0x14 c:/armgcc/bin/../lib/gcc/arm-none-eabi/10.3.1/../../../../arm-none-eabi/lib/thumb/v7e-m/nofp\libg.a(lib_a-__call_atexit.o)
 .text.atexit   0x08007c4c        0xc c:/armgcc/bin/../lib/gcc/arm-none-eabi/10.3.1/../../../../arm-none-eabi/lib/thumb/v7e-m/nofp\libg.a(lib_a-atexit.o)
                0x08007c4c                atexit
 .text.__libc_fini_array
                0x08007c58       0x2c c:/armgcc/bin/../lib/gcc/arm-none-eabi/10.3.1/../../../../arm-none-eabi/lib/thumb/v7e-m/nofp\libg.a(lib_a-fini.o)
                0x08007c58                __libc_fini_array
 .text.__retarget_lock_acquire_recursive
                0x08007c84        0x4 c:/armgcc/bin/../lib/gcc/arm-none-eabi/10.3.1/../../../../arm-none-eabi/lib/thumb/v7e-m/nofp\libg.a(lib_a-lock.o)
                0x08007c84                __retarget_lock_acquire_recursive
 .text.__retarget_lock_release_recursive
                0x08007c88        0x4 c:/armgcc/bin/../lib/gcc/arm-none-eabi/10.3.1/../../../../arm-none-eabi/lib/thumb/v7e-m/nofp\libg.a(lib_a-lock.o)
                0x08007c88                __retarget_lock_release_recursive
 .text.__register_exitproc
                0x08007c8c       0x8c c:/armgcc/bin/../lib/gcc/arm-none-eabi/10.3.1/../../../../arm-none-eabi/lib/thumb/v7e-m/nofp\libg.a(lib_a-__atexit.o)
                0x08007c8c                __register_exitproc
 *(.glue_7)
 .glue_7        0x08007d18        0x0 linker stubs
 *(.glue_7t)
 .glue_7t       0x08007d18        0x0 linker stubs
 *(.eh_frame)
 .eh_frame      0x08007d18        0x0 c:/armgcc/bin/../lib/gcc/arm-none-eabi/10.3.1/thumb/v7e-m/nofp/crtbegin.o
 *(.init)
 .init          0x08007d18        0x4 c:/armgcc/bin/../lib/gcc/arm-none-eabi/10.3.1/thumb/v7e-m/nofp/crti.o
                0x08007d18                _init
 .init          0x08007d1c        0x8 c:/armgcc/bin/../lib/gcc/arm-none-eabi/10.3.1/thumb/v7e-m/nofp/crtn.o
 *(.fini)
 .fini          0x08007d24        0x4 c:/armgcc/bin/../lib/gcc/arm-none-eabi/10.3.1/thumb/v7e-m/nofp/crti.o
                0x08007d24                _fini
 .fini          0x08007d28        0x8 c:/armgcc/bin/../lib/gcc/arm-none-eabi/10.3.1/thumb/v7e-m/nofp/crtn.o
                0x08007d30                . = ALIGN (0x4)
                0x08007d30                _etext = .

.vfp11_veneer   0x08007d30        0x0
 .vfp11_veneer  0x08007d30        0x0 linker stubs

.v4_bx          0x08007d30        0x0
 .v4_bx         0x08007d30        0x0 linker stubs

.iplt           0x08007d30        0x0
 .iplt          0x08007d30        0x0 c:/armgcc/bin/../lib/gcc/arm-none-eabi/10.3.1/thumb/v7e-m/nofp/crtbegin.o

.rodata         0x08007d30       0xa0
                0x08007d30                . = ALIGN (0x4)
 *(.rodata)
 .rodata        0x08007d30       0x4c CMakeFiles/H7Test.elf.dir/Drivers/STM32H7xx_HAL_Driver/Src/stm32h7xx_hal_fdcan.c.obj
 *(.rodata*)
 .rodata.D1CorePrescTable
                0x08007d7c       0x10 CMakeFiles/H7Test.elf.dir/Core/Src/system_stm32h7xx.c.obj
                0x08007d7c                D1CorePrescTable
 .rodata.flagBitshiftOffset.0
                0x08007d8c        0x8 CMakeFiles/H7Test.elf.dir/Drivers/STM32H7xx_HAL_Driver/Src/stm32h7xx_hal_dma.c.obj
 .rodata.DLCtoBytes
                0x08007d94       0x10 CMakeFiles/H7Test.elf.dir/Drivers/STM32H7xx_HAL_Driver/Src/stm32h7xx_hal_fdcan.c.obj
 .rodata.UARTPrescTable
                0x08007da4       0x18 CMakeFiles/H7Test.elf.dir/Drivers/STM32H7xx_HAL_Driver/Src/stm32h7xx_hal_uart.c.obj
                0x08007da4                UARTPrescTable
 .rodata.denominator.0
                0x08007dbc        0x8 CMakeFiles/H7Test.elf.dir/Drivers/STM32H7xx_HAL_Driver/Src/stm32h7xx_hal_uart_ex.c.obj
 .rodata.numerator.1
                0x08007dc4        0x8 CMakeFiles/H7Test.elf.dir/Drivers/STM32H7xx_HAL_Driver/Src/stm32h7xx_hal_uart_ex.c.obj
 .rodata._global_impure_ptr
                0x08007dcc        0x4 c:/armgcc/bin/../lib/gcc/arm-none-eabi/10.3.1/../../../../arm-none-eabi/lib/thumb/v7e-m/nofp\libg.a(lib_a-impure.o)
                0x08007dcc                _global_impure_ptr
                0x08007dd0                . = ALIGN (0x4)

.ARM.extab
 *(.ARM.extab* .gnu.linkonce.armextab.*)

.ARM            0x08007dd0        0x8
                0x08007dd0                __exidx_start = .
 *(.ARM.exidx*)
 .ARM.exidx     0x08007dd0        0x8 c:/armgcc/bin/../lib/gcc/arm-none-eabi/10.3.1/thumb/v7e-m/nofp\libgcc.a(_udivmoddi4.o)
                0x08007dd8                __exidx_end = .

.rel.dyn        0x08007dd8        0x0
 .rel.iplt      0x08007dd8        0x0 c:/armgcc/bin/../lib/gcc/arm-none-eabi/10.3.1/thumb/v7e-m/nofp/crtbegin.o

.preinit_array  0x08007dd8        0x0
                0x08007dd8                PROVIDE (__preinit_array_start = .)
 *(.preinit_array*)
                0x08007dd8                PROVIDE (__preinit_array_end = .)

.init_array     0x08007dd8        0x8
                0x08007dd8                PROVIDE (__init_array_start = .)
 *(SORT_BY_NAME(.init_array.*))
 .init_array.00000
                0x08007dd8        0x4 c:/armgcc/bin/../lib/gcc/arm-none-eabi/10.3.1/../../../../arm-none-eabi/lib/thumb/v7e-m/nofp\libg.a(lib_a-__call_atexit.o)
 *(.init_array*)
 .init_array    0x08007ddc        0x4 c:/armgcc/bin/../lib/gcc/arm-none-eabi/10.3.1/thumb/v7e-m/nofp/crtbegin.o
                0x08007de0                PROVIDE (__init_array_end = .)

.fini_array     0x08007de0        0x4
                0x08007de0                PROVIDE (__fini_array_start = .)
 *(SORT_BY_NAME(.fini_array.*))
 *(.fini_array*)
 .fini_array    0x08007de0        0x4 c:/armgcc/bin/../lib/gcc/arm-none-eabi/10.3.1/thumb/v7e-m/nofp/crtbegin.o
                0x08007de4                PROVIDE (__fini_array_end = .)
                0x08007de4                _sidata = LOADADDR (.data)

.data           0x24000000      0x444 load address 0x08007de4
                0x24000000                . = ALIGN (0x4)
                0x24000000                _sdata = .
 *(.data)
 *(.data*)
 .data.pwm      0x24000000        0x4 CMakeFiles/H7Test.elf.dir/Core/Src/main.c.obj
                0x24000000                pwm
 .data.SystemCoreClock
                0x24000004        0x4 CMakeFiles/H7Test.elf.dir/Core/Src/system_stm32h7xx.c.obj
                0x24000004                SystemCoreClock
 .data.SystemD2Clock
                0x24000008        0x4 CMakeFiles/H7Test.elf.dir/Core/Src/system_stm32h7xx.c.obj
                0x24000008                SystemD2Clock
 .data.uwTickFreq
                0x2400000c        0x1 CMakeFiles/H7Test.elf.dir/Drivers/STM32H7xx_HAL_Driver/Src/stm32h7xx_hal.c.obj
                0x2400000c                uwTickFreq
 *fill*         0x2400000d        0x3 
 .data.uwTickPrio
                0x24000010        0x4 CMakeFiles/H7Test.elf.dir/Drivers/STM32H7xx_HAL_Driver/Src/stm32h7xx_hal.c.obj
                0x24000010                uwTickPrio
 *fill*         0x24000014        0x4 
 .data.impure_data
                0x24000018      0x428 c:/armgcc/bin/../lib/gcc/arm-none-eabi/10.3.1/../../../../arm-none-eabi/lib/thumb/v7e-m/nofp\libg.a(lib_a-impure.o)
 .data.__atexit_recursive_mutex
                0x24000440        0x4 c:/armgcc/bin/../lib/gcc/arm-none-eabi/10.3.1/../../../../arm-none-eabi/lib/thumb/v7e-m/nofp\libg.a(lib_a-__call_atexit.o)
                0x24000440                __atexit_recursive_mutex
 *(.RamFunc)
 *(.RamFunc*)
                0x24000444                . = ALIGN (0x4)
                0x24000444                _edata = .

.igot.plt       0x24000444        0x0 load address 0x08008228
 .igot.plt      0x24000444        0x0 c:/armgcc/bin/../lib/gcc/arm-none-eabi/10.3.1/thumb/v7e-m/nofp/crtbegin.o
                0x24000444                . = ALIGN (0x4)

.bss            0x24000444      0x57c load address 0x08008228
                0x24000444                _sbss = .
                0x24000444                __bss_start__ = _sbss
 *(.bss)
 .bss           0x24000444       0x1c c:/armgcc/bin/../lib/gcc/arm-none-eabi/10.3.1/thumb/v7e-m/nofp/crtbegin.o
 *(.bss*)
 .bss.CAN_Encoder
                0x24000460      0x230 CMakeFiles/H7Test.elf.dir/Bsp/bsp_Motor_Encoder.c.obj
                0x24000460                CAN_Encoder
 .bss.can1_manage
                0x24000690        0x8 CMakeFiles/H7Test.elf.dir/Bsp/bsp_can.c.obj
                0x24000690                can1_manage
 .bss.Sbus_RX_Buffer
                0x24000698       0x24 CMakeFiles/H7Test.elf.dir/Bsp/bsp_dr16.c.obj
                0x24000698                Sbus_RX_Buffer
 .bss.rc_ctl    0x240006bc       0x20 CMakeFiles/H7Test.elf.dir/Bsp/bsp_dr16.c.obj
                0x240006bc                rc_ctl
 .bss.hfdcan1   0x240006dc       0xa0 CMakeFiles/H7Test.elf.dir/Core/Src/fdcan.c.obj
                0x240006dc                hfdcan1
 .bss.htim2     0x2400077c       0x4c CMakeFiles/H7Test.elf.dir/Core/Src/stm32h7xx_hal_timebase_tim.c.obj
                0x2400077c                htim2
 .bss.htim1     0x240007c8       0x4c CMakeFiles/H7Test.elf.dir/Core/Src/tim.c.obj
                0x240007c8                htim1
 .bss.htim3     0x24000814       0x4c CMakeFiles/H7Test.elf.dir/Core/Src/tim.c.obj
                0x24000814                htim3
 .bss.htim8     0x24000860       0x4c CMakeFiles/H7Test.elf.dir/Core/Src/tim.c.obj
                0x24000860                htim8
 .bss.hdma_usart1_rx
                0x240008ac       0x78 CMakeFiles/H7Test.elf.dir/Core/Src/usart.c.obj
                0x240008ac                hdma_usart1_rx
 .bss.huart1    0x24000924       0x94 CMakeFiles/H7Test.elf.dir/Core/Src/usart.c.obj
                0x24000924                huart1
 .bss.uwTick    0x240009b8        0x4 CMakeFiles/H7Test.elf.dir/Drivers/STM32H7xx_HAL_Driver/Src/stm32h7xx_hal.c.obj
                0x240009b8                uwTick
 .bss.__lock___atexit_recursive_mutex
                0x240009bc        0x1 c:/armgcc/bin/../lib/gcc/arm-none-eabi/10.3.1/../../../../arm-none-eabi/lib/thumb/v7e-m/nofp\libg.a(lib_a-lock.o)
                0x240009bc                __lock___atexit_recursive_mutex
 *(COMMON)
                0x240009c0                . = ALIGN (0x4)
 *fill*         0x240009bd        0x3 
                0x240009c0                _ebss = .
                0x240009c0                __bss_end__ = _ebss

._user_heap_stack
                0x240009c0      0x600 load address 0x08008228
                0x240009c0                . = ALIGN (0x8)
                [!provide]                PROVIDE (end = .)
                0x240009c0                PROVIDE (_end = .)
                0x24000bc0                . = (. + _Min_Heap_Size)
 *fill*         0x240009c0      0x200 
                0x24000fc0                . = (. + _Min_Stack_Size)
 *fill*         0x24000bc0      0x400 
                0x24000fc0                . = ALIGN (0x8)

/DISCARD/
 libc.a(*)
 libm.a(*)
 libgcc.a(*)

.ARM.attributes
                0x00000000       0x2a
 *(.ARM.attributes)
 .ARM.attributes
                0x00000000       0x1e c:/armgcc/bin/../lib/gcc/arm-none-eabi/10.3.1/thumb/v7e-m/nofp/crti.o
 .ARM.attributes
                0x0000001e       0x2e c:/armgcc/bin/../lib/gcc/arm-none-eabi/10.3.1/thumb/v7e-m/nofp/crtbegin.o
 .ARM.attributes
                0x0000004c       0x2e CMakeFiles/H7Test.elf.dir/Bsp/bsp_Motor_Encoder.c.obj
 .ARM.attributes
                0x0000007a       0x2e CMakeFiles/H7Test.elf.dir/Bsp/bsp_can.c.obj
 .ARM.attributes
                0x000000a8       0x2e CMakeFiles/H7Test.elf.dir/Bsp/bsp_dr16.c.obj
 .ARM.attributes
                0x000000d6       0x2e CMakeFiles/H7Test.elf.dir/Bsp/bsp_pwm.c.obj
 .ARM.attributes
                0x00000104       0x2e CMakeFiles/H7Test.elf.dir/Core/Src/dma.c.obj
 .ARM.attributes
                0x00000132       0x2e CMakeFiles/H7Test.elf.dir/Core/Src/fdcan.c.obj
 .ARM.attributes
                0x00000160       0x2e CMakeFiles/H7Test.elf.dir/Core/Src/gpio.c.obj
 .ARM.attributes
                0x0000018e       0x2e CMakeFiles/H7Test.elf.dir/Core/Src/main.c.obj
 .ARM.attributes
                0x000001bc       0x2e CMakeFiles/H7Test.elf.dir/Core/Src/stm32h7xx_hal_msp.c.obj
 .ARM.attributes
                0x000001ea       0x2e CMakeFiles/H7Test.elf.dir/Core/Src/stm32h7xx_hal_timebase_tim.c.obj
 .ARM.attributes
                0x00000218       0x2e CMakeFiles/H7Test.elf.dir/Core/Src/stm32h7xx_it.c.obj
 .ARM.attributes
                0x00000246       0x2e CMakeFiles/H7Test.elf.dir/Core/Src/system_stm32h7xx.c.obj
 .ARM.attributes
                0x00000274       0x2e CMakeFiles/H7Test.elf.dir/Core/Src/tim.c.obj
 .ARM.attributes
                0x000002a2       0x2e CMakeFiles/H7Test.elf.dir/Core/Src/usart.c.obj
 .ARM.attributes
                0x000002d0       0x21 CMakeFiles/H7Test.elf.dir/Core/Startup/startup_stm32h750vbtx.s.obj
 .ARM.attributes
                0x000002f1       0x2e CMakeFiles/H7Test.elf.dir/Drivers/STM32H7xx_HAL_Driver/Src/stm32h7xx_hal.c.obj
 .ARM.attributes
                0x0000031f       0x2e CMakeFiles/H7Test.elf.dir/Drivers/STM32H7xx_HAL_Driver/Src/stm32h7xx_hal_cortex.c.obj
 .ARM.attributes
                0x0000034d       0x2e CMakeFiles/H7Test.elf.dir/Drivers/STM32H7xx_HAL_Driver/Src/stm32h7xx_hal_dma.c.obj
 .ARM.attributes
                0x0000037b       0x2e CMakeFiles/H7Test.elf.dir/Drivers/STM32H7xx_HAL_Driver/Src/stm32h7xx_hal_fdcan.c.obj
 .ARM.attributes
                0x000003a9       0x2e CMakeFiles/H7Test.elf.dir/Drivers/STM32H7xx_HAL_Driver/Src/stm32h7xx_hal_gpio.c.obj
 .ARM.attributes
                0x000003d7       0x2e CMakeFiles/H7Test.elf.dir/Drivers/STM32H7xx_HAL_Driver/Src/stm32h7xx_hal_pwr_ex.c.obj
 .ARM.attributes
                0x00000405       0x2e CMakeFiles/H7Test.elf.dir/Drivers/STM32H7xx_HAL_Driver/Src/stm32h7xx_hal_rcc.c.obj
 .ARM.attributes
                0x00000433       0x2e CMakeFiles/H7Test.elf.dir/Drivers/STM32H7xx_HAL_Driver/Src/stm32h7xx_hal_rcc_ex.c.obj
 .ARM.attributes
                0x00000461       0x2e CMakeFiles/H7Test.elf.dir/Drivers/STM32H7xx_HAL_Driver/Src/stm32h7xx_hal_tim.c.obj
 .ARM.attributes
                0x0000048f       0x2e CMakeFiles/H7Test.elf.dir/Drivers/STM32H7xx_HAL_Driver/Src/stm32h7xx_hal_tim_ex.c.obj
 .ARM.attributes
                0x000004bd       0x2e CMakeFiles/H7Test.elf.dir/Drivers/STM32H7xx_HAL_Driver/Src/stm32h7xx_hal_uart.c.obj
 .ARM.attributes
                0x000004eb       0x2e CMakeFiles/H7Test.elf.dir/Drivers/STM32H7xx_HAL_Driver/Src/stm32h7xx_hal_uart_ex.c.obj
 .ARM.attributes
                0x00000519       0x1e c:/armgcc/bin/../lib/gcc/arm-none-eabi/10.3.1/thumb/v7e-m/nofp\libgcc.a(_arm_addsubsf3.o)
 .ARM.attributes
                0x00000537       0x1e c:/armgcc/bin/../lib/gcc/arm-none-eabi/10.3.1/thumb/v7e-m/nofp\libgcc.a(_arm_muldivsf3.o)
 .ARM.attributes
                0x00000555       0x1e c:/armgcc/bin/../lib/gcc/arm-none-eabi/10.3.1/thumb/v7e-m/nofp\libgcc.a(_arm_fixunssfsi.o)
 .ARM.attributes
                0x00000573       0x1e c:/armgcc/bin/../lib/gcc/arm-none-eabi/10.3.1/thumb/v7e-m/nofp\libgcc.a(_aeabi_uldivmod.o)
 .ARM.attributes
                0x00000591       0x2e c:/armgcc/bin/../lib/gcc/arm-none-eabi/10.3.1/thumb/v7e-m/nofp\libgcc.a(_udivmoddi4.o)
 .ARM.attributes
                0x000005bf       0x1e c:/armgcc/bin/../lib/gcc/arm-none-eabi/10.3.1/thumb/v7e-m/nofp\libgcc.a(_dvmd_tls.o)
 .ARM.attributes
                0x000005dd       0x2e c:/armgcc/bin/../lib/gcc/arm-none-eabi/10.3.1/../../../../arm-none-eabi/lib/thumb/v7e-m/nofp\libg.a(lib_a-impure.o)
 .ARM.attributes
                0x0000060b       0x2e c:/armgcc/bin/../lib/gcc/arm-none-eabi/10.3.1/../../../../arm-none-eabi/lib/thumb/v7e-m/nofp\libg.a(lib_a-init.o)
 .ARM.attributes
                0x00000639       0x1c c:/armgcc/bin/../lib/gcc/arm-none-eabi/10.3.1/../../../../arm-none-eabi/lib/thumb/v7e-m/nofp\libg.a(lib_a-memcpy.o)
 .ARM.attributes
                0x00000655       0x2e c:/armgcc/bin/../lib/gcc/arm-none-eabi/10.3.1/../../../../arm-none-eabi/lib/thumb/v7e-m/nofp\libg.a(lib_a-memset.o)
 .ARM.attributes
                0x00000683       0x2e c:/armgcc/bin/../lib/gcc/arm-none-eabi/10.3.1/../../../../arm-none-eabi/lib/thumb/v7e-m/nofp\libg.a(lib_a-__call_atexit.o)
 .ARM.attributes
                0x000006b1       0x2e c:/armgcc/bin/../lib/gcc/arm-none-eabi/10.3.1/../../../../arm-none-eabi/lib/thumb/v7e-m/nofp\libg.a(lib_a-atexit.o)
 .ARM.attributes
                0x000006df       0x2e c:/armgcc/bin/../lib/gcc/arm-none-eabi/10.3.1/../../../../arm-none-eabi/lib/thumb/v7e-m/nofp\libg.a(lib_a-fini.o)
 .ARM.attributes
                0x0000070d       0x2e c:/armgcc/bin/../lib/gcc/arm-none-eabi/10.3.1/../../../../arm-none-eabi/lib/thumb/v7e-m/nofp\libg.a(lib_a-lock.o)
 .ARM.attributes
                0x0000073b       0x2e c:/armgcc/bin/../lib/gcc/arm-none-eabi/10.3.1/../../../../arm-none-eabi/lib/thumb/v7e-m/nofp\libg.a(lib_a-__atexit.o)
 .ARM.attributes
                0x00000769       0x1e c:/armgcc/bin/../lib/gcc/arm-none-eabi/10.3.1/thumb/v7e-m/nofp/crtn.o
OUTPUT(H7Test.elf elf32-littlearm)
LOAD linker stubs
LOAD c:/armgcc/bin/../lib/gcc/arm-none-eabi/10.3.1/../../../../arm-none-eabi/lib/thumb/v7e-m/nofp\libc.a
LOAD c:/armgcc/bin/../lib/gcc/arm-none-eabi/10.3.1/../../../../arm-none-eabi/lib/thumb/v7e-m/nofp\libm.a
LOAD c:/armgcc/bin/../lib/gcc/arm-none-eabi/10.3.1/thumb/v7e-m/nofp\libgcc.a

.debug_info     0x00000000    0x258af
 .debug_info    0x00000000      0x4f1 CMakeFiles/H7Test.elf.dir/Bsp/bsp_Motor_Encoder.c.obj
 .debug_info    0x000004f1      0xcca CMakeFiles/H7Test.elf.dir/Bsp/bsp_can.c.obj
 .debug_info    0x000011bb      0xa97 CMakeFiles/H7Test.elf.dir/Bsp/bsp_dr16.c.obj
 .debug_info    0x00001c52      0x9a5 CMakeFiles/H7Test.elf.dir/Bsp/bsp_pwm.c.obj
 .debug_info    0x000025f7      0x87b CMakeFiles/H7Test.elf.dir/Core/Src/dma.c.obj
 .debug_info    0x00002e72     0x15ff CMakeFiles/H7Test.elf.dir/Core/Src/fdcan.c.obj
 .debug_info    0x00004471      0x6af CMakeFiles/H7Test.elf.dir/Core/Src/gpio.c.obj
 .debug_info    0x00004b20     0x138d CMakeFiles/H7Test.elf.dir/Core/Src/main.c.obj
 .debug_info    0x00005ead      0x4a0 CMakeFiles/H7Test.elf.dir/Core/Src/stm32h7xx_hal_msp.c.obj
 .debug_info    0x0000634d     0x114a CMakeFiles/H7Test.elf.dir/Core/Src/stm32h7xx_hal_timebase_tim.c.obj
 .debug_info    0x00007497     0x1461 CMakeFiles/H7Test.elf.dir/Core/Src/stm32h7xx_it.c.obj
 .debug_info    0x000088f8      0xaf5 CMakeFiles/H7Test.elf.dir/Core/Src/system_stm32h7xx.c.obj
 .debug_info    0x000093ed     0x1376 CMakeFiles/H7Test.elf.dir/Core/Src/tim.c.obj
 .debug_info    0x0000a763     0x1673 CMakeFiles/H7Test.elf.dir/Core/Src/usart.c.obj
 .debug_info    0x0000bdd6       0x22 CMakeFiles/H7Test.elf.dir/Core/Startup/startup_stm32h750vbtx.s.obj
 .debug_info    0x0000bdf8     0x16a6 CMakeFiles/H7Test.elf.dir/Drivers/STM32H7xx_HAL_Driver/Src/stm32h7xx_hal.c.obj
 .debug_info    0x0000d49e     0x13f0 CMakeFiles/H7Test.elf.dir/Drivers/STM32H7xx_HAL_Driver/Src/stm32h7xx_hal_cortex.c.obj
 .debug_info    0x0000e88e      0xfeb CMakeFiles/H7Test.elf.dir/Drivers/STM32H7xx_HAL_Driver/Src/stm32h7xx_hal_dma.c.obj
 .debug_info    0x0000f879     0x348c CMakeFiles/H7Test.elf.dir/Drivers/STM32H7xx_HAL_Driver/Src/stm32h7xx_hal_fdcan.c.obj
 .debug_info    0x00012d05      0xd66 CMakeFiles/H7Test.elf.dir/Drivers/STM32H7xx_HAL_Driver/Src/stm32h7xx_hal_gpio.c.obj
 .debug_info    0x00013a6b     0x122e CMakeFiles/H7Test.elf.dir/Drivers/STM32H7xx_HAL_Driver/Src/stm32h7xx_hal_pwr_ex.c.obj
 .debug_info    0x00014c99     0x13c5 CMakeFiles/H7Test.elf.dir/Drivers/STM32H7xx_HAL_Driver/Src/stm32h7xx_hal_rcc.c.obj
 .debug_info    0x0001605e     0x2034 CMakeFiles/H7Test.elf.dir/Drivers/STM32H7xx_HAL_Driver/Src/stm32h7xx_hal_rcc_ex.c.obj
 .debug_info    0x00018092     0x4003 CMakeFiles/H7Test.elf.dir/Drivers/STM32H7xx_HAL_Driver/Src/stm32h7xx_hal_tim.c.obj
 .debug_info    0x0001c095     0x1e7d CMakeFiles/H7Test.elf.dir/Drivers/STM32H7xx_HAL_Driver/Src/stm32h7xx_hal_tim_ex.c.obj
 .debug_info    0x0001df12     0x674e CMakeFiles/H7Test.elf.dir/Drivers/STM32H7xx_HAL_Driver/Src/stm32h7xx_hal_uart.c.obj
 .debug_info    0x00024660     0x124f CMakeFiles/H7Test.elf.dir/Drivers/STM32H7xx_HAL_Driver/Src/stm32h7xx_hal_uart_ex.c.obj

.debug_abbrev   0x00000000     0x3892
 .debug_abbrev  0x00000000      0x196 CMakeFiles/H7Test.elf.dir/Bsp/bsp_Motor_Encoder.c.obj
 .debug_abbrev  0x00000196      0x210 CMakeFiles/H7Test.elf.dir/Bsp/bsp_can.c.obj
 .debug_abbrev  0x000003a6      0x1c6 CMakeFiles/H7Test.elf.dir/Bsp/bsp_dr16.c.obj
 .debug_abbrev  0x0000056c      0x1bd CMakeFiles/H7Test.elf.dir/Bsp/bsp_pwm.c.obj
 .debug_abbrev  0x00000729      0x137 CMakeFiles/H7Test.elf.dir/Core/Src/dma.c.obj
 .debug_abbrev  0x00000860      0x1e5 CMakeFiles/H7Test.elf.dir/Core/Src/fdcan.c.obj
 .debug_abbrev  0x00000a45      0x181 CMakeFiles/H7Test.elf.dir/Core/Src/gpio.c.obj
 .debug_abbrev  0x00000bc6      0x271 CMakeFiles/H7Test.elf.dir/Core/Src/main.c.obj
 .debug_abbrev  0x00000e37       0xd7 CMakeFiles/H7Test.elf.dir/Core/Src/stm32h7xx_hal_msp.c.obj
 .debug_abbrev  0x00000f0e      0x21f CMakeFiles/H7Test.elf.dir/Core/Src/stm32h7xx_hal_timebase_tim.c.obj
 .debug_abbrev  0x0000112d      0x1b3 CMakeFiles/H7Test.elf.dir/Core/Src/stm32h7xx_it.c.obj
 .debug_abbrev  0x000012e0      0x162 CMakeFiles/H7Test.elf.dir/Core/Src/system_stm32h7xx.c.obj
 .debug_abbrev  0x00001442      0x26f CMakeFiles/H7Test.elf.dir/Core/Src/tim.c.obj
 .debug_abbrev  0x000016b1      0x227 CMakeFiles/H7Test.elf.dir/Core/Src/usart.c.obj
 .debug_abbrev  0x000018d8       0x12 CMakeFiles/H7Test.elf.dir/Core/Startup/startup_stm32h750vbtx.s.obj
 .debug_abbrev  0x000018ea      0x264 CMakeFiles/H7Test.elf.dir/Drivers/STM32H7xx_HAL_Driver/Src/stm32h7xx_hal.c.obj
 .debug_abbrev  0x00001b4e      0x37d CMakeFiles/H7Test.elf.dir/Drivers/STM32H7xx_HAL_Driver/Src/stm32h7xx_hal_cortex.c.obj
 .debug_abbrev  0x00001ecb      0x298 CMakeFiles/H7Test.elf.dir/Drivers/STM32H7xx_HAL_Driver/Src/stm32h7xx_hal_dma.c.obj
 .debug_abbrev  0x00002163      0x2b2 CMakeFiles/H7Test.elf.dir/Drivers/STM32H7xx_HAL_Driver/Src/stm32h7xx_hal_fdcan.c.obj
 .debug_abbrev  0x00002415      0x239 CMakeFiles/H7Test.elf.dir/Drivers/STM32H7xx_HAL_Driver/Src/stm32h7xx_hal_gpio.c.obj
 .debug_abbrev  0x0000264e      0x29b CMakeFiles/H7Test.elf.dir/Drivers/STM32H7xx_HAL_Driver/Src/stm32h7xx_hal_pwr_ex.c.obj
 .debug_abbrev  0x000028e9      0x28c CMakeFiles/H7Test.elf.dir/Drivers/STM32H7xx_HAL_Driver/Src/stm32h7xx_hal_rcc.c.obj
 .debug_abbrev  0x00002b75      0x285 CMakeFiles/H7Test.elf.dir/Drivers/STM32H7xx_HAL_Driver/Src/stm32h7xx_hal_rcc_ex.c.obj
 .debug_abbrev  0x00002dfa      0x232 CMakeFiles/H7Test.elf.dir/Drivers/STM32H7xx_HAL_Driver/Src/stm32h7xx_hal_tim.c.obj
 .debug_abbrev  0x0000302c      0x248 CMakeFiles/H7Test.elf.dir/Drivers/STM32H7xx_HAL_Driver/Src/stm32h7xx_hal_tim_ex.c.obj
 .debug_abbrev  0x00003274      0x337 CMakeFiles/H7Test.elf.dir/Drivers/STM32H7xx_HAL_Driver/Src/stm32h7xx_hal_uart.c.obj
 .debug_abbrev  0x000035ab      0x2e7 CMakeFiles/H7Test.elf.dir/Drivers/STM32H7xx_HAL_Driver/Src/stm32h7xx_hal_uart_ex.c.obj

.debug_loc      0x00000000    0x170c4
 .debug_loc     0x00000000      0x23a CMakeFiles/H7Test.elf.dir/Bsp/bsp_Motor_Encoder.c.obj
 .debug_loc     0x0000023a       0xce CMakeFiles/H7Test.elf.dir/Bsp/bsp_can.c.obj
 .debug_loc     0x00000308       0x25 CMakeFiles/H7Test.elf.dir/Bsp/bsp_dr16.c.obj
 .debug_loc     0x0000032d      0x1b1 CMakeFiles/H7Test.elf.dir/Bsp/bsp_pwm.c.obj
 .debug_loc     0x000004de       0x9e CMakeFiles/H7Test.elf.dir/Core/Src/fdcan.c.obj
 .debug_loc     0x0000057c       0x42 CMakeFiles/H7Test.elf.dir/Core/Src/main.c.obj
 .debug_loc     0x000005be       0xb6 CMakeFiles/H7Test.elf.dir/Core/Src/stm32h7xx_hal_timebase_tim.c.obj
 .debug_loc     0x00000674      0x21e CMakeFiles/H7Test.elf.dir/Core/Src/system_stm32h7xx.c.obj
 .debug_loc     0x00000892       0x7c CMakeFiles/H7Test.elf.dir/Core/Src/tim.c.obj
 .debug_loc     0x0000090e       0x54 CMakeFiles/H7Test.elf.dir/Core/Src/usart.c.obj
 .debug_loc     0x00000962      0x3fa CMakeFiles/H7Test.elf.dir/Drivers/STM32H7xx_HAL_Driver/Src/stm32h7xx_hal.c.obj
 .debug_loc     0x00000d5c      0x726 CMakeFiles/H7Test.elf.dir/Drivers/STM32H7xx_HAL_Driver/Src/stm32h7xx_hal_cortex.c.obj
 .debug_loc     0x00001482      0xe96 CMakeFiles/H7Test.elf.dir/Drivers/STM32H7xx_HAL_Driver/Src/stm32h7xx_hal_dma.c.obj
 .debug_loc     0x00002318     0x3675 CMakeFiles/H7Test.elf.dir/Drivers/STM32H7xx_HAL_Driver/Src/stm32h7xx_hal_fdcan.c.obj
 .debug_loc     0x0000598d      0x3c6 CMakeFiles/H7Test.elf.dir/Drivers/STM32H7xx_HAL_Driver/Src/stm32h7xx_hal_gpio.c.obj
 .debug_loc     0x00005d53      0x4df CMakeFiles/H7Test.elf.dir/Drivers/STM32H7xx_HAL_Driver/Src/stm32h7xx_hal_pwr_ex.c.obj
 .debug_loc     0x00006232      0x996 CMakeFiles/H7Test.elf.dir/Drivers/STM32H7xx_HAL_Driver/Src/stm32h7xx_hal_rcc.c.obj
 .debug_loc     0x00006bc8     0x1fbe CMakeFiles/H7Test.elf.dir/Drivers/STM32H7xx_HAL_Driver/Src/stm32h7xx_hal_rcc_ex.c.obj
 .debug_loc     0x00008b86     0x56cc CMakeFiles/H7Test.elf.dir/Drivers/STM32H7xx_HAL_Driver/Src/stm32h7xx_hal_tim.c.obj
 .debug_loc     0x0000e252     0x257f CMakeFiles/H7Test.elf.dir/Drivers/STM32H7xx_HAL_Driver/Src/stm32h7xx_hal_tim_ex.c.obj
 .debug_loc     0x000107d1     0x5d4e CMakeFiles/H7Test.elf.dir/Drivers/STM32H7xx_HAL_Driver/Src/stm32h7xx_hal_uart.c.obj
 .debug_loc     0x0001651f      0xba5 CMakeFiles/H7Test.elf.dir/Drivers/STM32H7xx_HAL_Driver/Src/stm32h7xx_hal_uart_ex.c.obj

.debug_aranges  0x00000000     0x14d0
 .debug_aranges
                0x00000000       0x50 CMakeFiles/H7Test.elf.dir/Bsp/bsp_Motor_Encoder.c.obj
 .debug_aranges
                0x00000050       0x38 CMakeFiles/H7Test.elf.dir/Bsp/bsp_can.c.obj
 .debug_aranges
                0x00000088       0x30 CMakeFiles/H7Test.elf.dir/Bsp/bsp_dr16.c.obj
 .debug_aranges
                0x000000b8       0x30 CMakeFiles/H7Test.elf.dir/Bsp/bsp_pwm.c.obj
 .debug_aranges
                0x000000e8       0x20 CMakeFiles/H7Test.elf.dir/Core/Src/dma.c.obj
 .debug_aranges
                0x00000108       0x30 CMakeFiles/H7Test.elf.dir/Core/Src/fdcan.c.obj
 .debug_aranges
                0x00000138       0x20 CMakeFiles/H7Test.elf.dir/Core/Src/gpio.c.obj
 .debug_aranges
                0x00000158       0x38 CMakeFiles/H7Test.elf.dir/Core/Src/main.c.obj
 .debug_aranges
                0x00000190       0x20 CMakeFiles/H7Test.elf.dir/Core/Src/stm32h7xx_hal_msp.c.obj
 .debug_aranges
                0x000001b0       0x30 CMakeFiles/H7Test.elf.dir/Core/Src/stm32h7xx_hal_timebase_tim.c.obj
 .debug_aranges
                0x000001e0       0x80 CMakeFiles/H7Test.elf.dir/Core/Src/stm32h7xx_it.c.obj
 .debug_aranges
                0x00000260       0x28 CMakeFiles/H7Test.elf.dir/Core/Src/system_stm32h7xx.c.obj
 .debug_aranges
                0x00000288       0x48 CMakeFiles/H7Test.elf.dir/Core/Src/tim.c.obj
 .debug_aranges
                0x000002d0       0x30 CMakeFiles/H7Test.elf.dir/Core/Src/usart.c.obj
 .debug_aranges
                0x00000300       0x28 CMakeFiles/H7Test.elf.dir/Core/Startup/startup_stm32h750vbtx.s.obj
 .debug_aranges
                0x00000328      0x198 CMakeFiles/H7Test.elf.dir/Drivers/STM32H7xx_HAL_Driver/Src/stm32h7xx_hal.c.obj
 .debug_aranges
                0x000004c0       0xb0 CMakeFiles/H7Test.elf.dir/Drivers/STM32H7xx_HAL_Driver/Src/stm32h7xx_hal_cortex.c.obj
 .debug_aranges
                0x00000570       0xa0 CMakeFiles/H7Test.elf.dir/Drivers/STM32H7xx_HAL_Driver/Src/stm32h7xx_hal_dma.c.obj
 .debug_aranges
                0x00000610      0x338 CMakeFiles/H7Test.elf.dir/Drivers/STM32H7xx_HAL_Driver/Src/stm32h7xx_hal_fdcan.c.obj
 .debug_aranges
                0x00000948       0x58 CMakeFiles/H7Test.elf.dir/Drivers/STM32H7xx_HAL_Driver/Src/stm32h7xx_hal_gpio.c.obj
 .debug_aranges
                0x000009a0      0x158 CMakeFiles/H7Test.elf.dir/Drivers/STM32H7xx_HAL_Driver/Src/stm32h7xx_hal_pwr_ex.c.obj
 .debug_aranges
                0x00000af8       0x88 CMakeFiles/H7Test.elf.dir/Drivers/STM32H7xx_HAL_Driver/Src/stm32h7xx_hal_rcc.c.obj
 .debug_aranges
                0x00000b80       0xf8 CMakeFiles/H7Test.elf.dir/Drivers/STM32H7xx_HAL_Driver/Src/stm32h7xx_hal_rcc_ex.c.obj
 .debug_aranges
                0x00000c78      0x3e0 CMakeFiles/H7Test.elf.dir/Drivers/STM32H7xx_HAL_Driver/Src/stm32h7xx_hal_tim.c.obj
 .debug_aranges
                0x00001058      0x188 CMakeFiles/H7Test.elf.dir/Drivers/STM32H7xx_HAL_Driver/Src/stm32h7xx_hal_tim_ex.c.obj
 .debug_aranges
                0x000011e0      0x248 CMakeFiles/H7Test.elf.dir/Drivers/STM32H7xx_HAL_Driver/Src/stm32h7xx_hal_uart.c.obj
 .debug_aranges
                0x00001428       0xa8 CMakeFiles/H7Test.elf.dir/Drivers/STM32H7xx_HAL_Driver/Src/stm32h7xx_hal_uart_ex.c.obj

.debug_ranges   0x00000000     0x14b8
 .debug_ranges  0x00000000       0x40 CMakeFiles/H7Test.elf.dir/Bsp/bsp_Motor_Encoder.c.obj
 .debug_ranges  0x00000040       0x28 CMakeFiles/H7Test.elf.dir/Bsp/bsp_can.c.obj
 .debug_ranges  0x00000068       0x20 CMakeFiles/H7Test.elf.dir/Bsp/bsp_dr16.c.obj
 .debug_ranges  0x00000088       0x20 CMakeFiles/H7Test.elf.dir/Bsp/bsp_pwm.c.obj
 .debug_ranges  0x000000a8       0x10 CMakeFiles/H7Test.elf.dir/Core/Src/dma.c.obj
 .debug_ranges  0x000000b8       0x20 CMakeFiles/H7Test.elf.dir/Core/Src/fdcan.c.obj
 .debug_ranges  0x000000d8       0x10 CMakeFiles/H7Test.elf.dir/Core/Src/gpio.c.obj
 .debug_ranges  0x000000e8       0x28 CMakeFiles/H7Test.elf.dir/Core/Src/main.c.obj
 .debug_ranges  0x00000110       0x10 CMakeFiles/H7Test.elf.dir/Core/Src/stm32h7xx_hal_msp.c.obj
 .debug_ranges  0x00000120       0x20 CMakeFiles/H7Test.elf.dir/Core/Src/stm32h7xx_hal_timebase_tim.c.obj
 .debug_ranges  0x00000140       0x70 CMakeFiles/H7Test.elf.dir/Core/Src/stm32h7xx_it.c.obj
 .debug_ranges  0x000001b0       0x18 CMakeFiles/H7Test.elf.dir/Core/Src/system_stm32h7xx.c.obj
 .debug_ranges  0x000001c8       0x38 CMakeFiles/H7Test.elf.dir/Core/Src/tim.c.obj
 .debug_ranges  0x00000200       0x20 CMakeFiles/H7Test.elf.dir/Core/Src/usart.c.obj
 .debug_ranges  0x00000220       0x20 CMakeFiles/H7Test.elf.dir/Core/Startup/startup_stm32h750vbtx.s.obj
 .debug_ranges  0x00000240      0x188 CMakeFiles/H7Test.elf.dir/Drivers/STM32H7xx_HAL_Driver/Src/stm32h7xx_hal.c.obj
 .debug_ranges  0x000003c8      0x100 CMakeFiles/H7Test.elf.dir/Drivers/STM32H7xx_HAL_Driver/Src/stm32h7xx_hal_cortex.c.obj
 .debug_ranges  0x000004c8       0xa8 CMakeFiles/H7Test.elf.dir/Drivers/STM32H7xx_HAL_Driver/Src/stm32h7xx_hal_dma.c.obj
 .debug_ranges  0x00000570      0x370 CMakeFiles/H7Test.elf.dir/Drivers/STM32H7xx_HAL_Driver/Src/stm32h7xx_hal_fdcan.c.obj
 .debug_ranges  0x000008e0       0x48 CMakeFiles/H7Test.elf.dir/Drivers/STM32H7xx_HAL_Driver/Src/stm32h7xx_hal_gpio.c.obj
 .debug_ranges  0x00000928      0x1a8 CMakeFiles/H7Test.elf.dir/Drivers/STM32H7xx_HAL_Driver/Src/stm32h7xx_hal_pwr_ex.c.obj
 .debug_ranges  0x00000ad0       0xe8 CMakeFiles/H7Test.elf.dir/Drivers/STM32H7xx_HAL_Driver/Src/stm32h7xx_hal_rcc.c.obj
 .debug_ranges  0x00000bb8       0xe8 CMakeFiles/H7Test.elf.dir/Drivers/STM32H7xx_HAL_Driver/Src/stm32h7xx_hal_rcc_ex.c.obj
 .debug_ranges  0x00000ca0      0x3d0 CMakeFiles/H7Test.elf.dir/Drivers/STM32H7xx_HAL_Driver/Src/stm32h7xx_hal_tim.c.obj
 .debug_ranges  0x00001070      0x178 CMakeFiles/H7Test.elf.dir/Drivers/STM32H7xx_HAL_Driver/Src/stm32h7xx_hal_tim_ex.c.obj
 .debug_ranges  0x000011e8      0x238 CMakeFiles/H7Test.elf.dir/Drivers/STM32H7xx_HAL_Driver/Src/stm32h7xx_hal_uart.c.obj
 .debug_ranges  0x00001420       0x98 CMakeFiles/H7Test.elf.dir/Drivers/STM32H7xx_HAL_Driver/Src/stm32h7xx_hal_uart_ex.c.obj

.debug_line     0x00000000    0x1bd82
 .debug_line    0x00000000      0x3cc CMakeFiles/H7Test.elf.dir/Bsp/bsp_Motor_Encoder.c.obj
 .debug_line    0x000003cc      0x314 CMakeFiles/H7Test.elf.dir/Bsp/bsp_can.c.obj
 .debug_line    0x000006e0      0x398 CMakeFiles/H7Test.elf.dir/Bsp/bsp_dr16.c.obj
 .debug_line    0x00000a78      0x2db CMakeFiles/H7Test.elf.dir/Bsp/bsp_pwm.c.obj
 .debug_line    0x00000d53      0x18b CMakeFiles/H7Test.elf.dir/Core/Src/dma.c.obj
 .debug_line    0x00000ede      0x3fd CMakeFiles/H7Test.elf.dir/Core/Src/fdcan.c.obj
 .debug_line    0x000012db      0x1ca CMakeFiles/H7Test.elf.dir/Core/Src/gpio.c.obj
 .debug_line    0x000014a5      0x4c3 CMakeFiles/H7Test.elf.dir/Core/Src/main.c.obj
 .debug_line    0x00001968      0x13e CMakeFiles/H7Test.elf.dir/Core/Src/stm32h7xx_hal_msp.c.obj
 .debug_line    0x00001aa6      0x2de CMakeFiles/H7Test.elf.dir/Core/Src/stm32h7xx_hal_timebase_tim.c.obj
 .debug_line    0x00001d84      0x37d CMakeFiles/H7Test.elf.dir/Core/Src/stm32h7xx_it.c.obj
 .debug_line    0x00002101      0x3c7 CMakeFiles/H7Test.elf.dir/Core/Src/system_stm32h7xx.c.obj
 .debug_line    0x000024c8      0x6cf CMakeFiles/H7Test.elf.dir/Core/Src/tim.c.obj
 .debug_line    0x00002b97      0x410 CMakeFiles/H7Test.elf.dir/Core/Src/usart.c.obj
 .debug_line    0x00002fa7       0xa3 CMakeFiles/H7Test.elf.dir/Core/Startup/startup_stm32h750vbtx.s.obj
 .debug_line    0x0000304a      0x8e2 CMakeFiles/H7Test.elf.dir/Drivers/STM32H7xx_HAL_Driver/Src/stm32h7xx_hal.c.obj
 .debug_line    0x0000392c      0x7ad CMakeFiles/H7Test.elf.dir/Drivers/STM32H7xx_HAL_Driver/Src/stm32h7xx_hal_cortex.c.obj
 .debug_line    0x000040d9     0x243f CMakeFiles/H7Test.elf.dir/Drivers/STM32H7xx_HAL_Driver/Src/stm32h7xx_hal_dma.c.obj
 .debug_line    0x00006518     0x3252 CMakeFiles/H7Test.elf.dir/Drivers/STM32H7xx_HAL_Driver/Src/stm32h7xx_hal_fdcan.c.obj
 .debug_line    0x0000976a      0x6bb CMakeFiles/H7Test.elf.dir/Drivers/STM32H7xx_HAL_Driver/Src/stm32h7xx_hal_gpio.c.obj
 .debug_line    0x00009e25      0xaa2 CMakeFiles/H7Test.elf.dir/Drivers/STM32H7xx_HAL_Driver/Src/stm32h7xx_hal_pwr_ex.c.obj
 .debug_line    0x0000a8c7     0x127e CMakeFiles/H7Test.elf.dir/Drivers/STM32H7xx_HAL_Driver/Src/stm32h7xx_hal_rcc.c.obj
 .debug_line    0x0000bb45     0x1f38 CMakeFiles/H7Test.elf.dir/Drivers/STM32H7xx_HAL_Driver/Src/stm32h7xx_hal_rcc_ex.c.obj
 .debug_line    0x0000da7d     0x506d CMakeFiles/H7Test.elf.dir/Drivers/STM32H7xx_HAL_Driver/Src/stm32h7xx_hal_tim.c.obj
 .debug_line    0x00012aea     0x1f2d CMakeFiles/H7Test.elf.dir/Drivers/STM32H7xx_HAL_Driver/Src/stm32h7xx_hal_tim_ex.c.obj
 .debug_line    0x00014a17     0x66d9 CMakeFiles/H7Test.elf.dir/Drivers/STM32H7xx_HAL_Driver/Src/stm32h7xx_hal_uart.c.obj
 .debug_line    0x0001b0f0      0xc92 CMakeFiles/H7Test.elf.dir/Drivers/STM32H7xx_HAL_Driver/Src/stm32h7xx_hal_uart_ex.c.obj

.debug_str      0x00000000     0x7fcc
 .debug_str     0x00000000      0x387 CMakeFiles/H7Test.elf.dir/Bsp/bsp_Motor_Encoder.c.obj
                                0x423 (size before relaxing)
 .debug_str     0x00000387      0x78e CMakeFiles/H7Test.elf.dir/Bsp/bsp_can.c.obj
                                0x9b0 (size before relaxing)
 .debug_str     0x00000b15      0x5d7 CMakeFiles/H7Test.elf.dir/Bsp/bsp_dr16.c.obj
                                0x874 (size before relaxing)
 .debug_str     0x000010ec      0x3ca CMakeFiles/H7Test.elf.dir/Bsp/bsp_pwm.c.obj
                                0x910 (size before relaxing)
 .debug_str     0x000014b6      0xa4e CMakeFiles/H7Test.elf.dir/Core/Src/dma.c.obj
                                0xc62 (size before relaxing)
 .debug_str     0x00001f04      0x47c CMakeFiles/H7Test.elf.dir/Core/Src/fdcan.c.obj
                               0x15e4 (size before relaxing)
 .debug_str     0x00002380       0x69 CMakeFiles/H7Test.elf.dir/Core/Src/gpio.c.obj
                                0x4cd (size before relaxing)
 .debug_str     0x000023e9      0x32c CMakeFiles/H7Test.elf.dir/Core/Src/main.c.obj
                                0xde6 (size before relaxing)
 .debug_str     0x00002715       0x47 CMakeFiles/H7Test.elf.dir/Core/Src/stm32h7xx_hal_msp.c.obj
                                0x41c (size before relaxing)
 .debug_str     0x0000275c      0x134 CMakeFiles/H7Test.elf.dir/Core/Src/stm32h7xx_hal_timebase_tim.c.obj
                               0x1439 (size before relaxing)
 .debug_str     0x00002890      0x174 CMakeFiles/H7Test.elf.dir/Core/Src/stm32h7xx_it.c.obj
                               0x10aa (size before relaxing)
 .debug_str     0x00002a04      0x279 CMakeFiles/H7Test.elf.dir/Core/Src/system_stm32h7xx.c.obj
                                0x692 (size before relaxing)
 .debug_str     0x00002c7d      0x26c CMakeFiles/H7Test.elf.dir/Core/Src/tim.c.obj
                                0xda5 (size before relaxing)
 .debug_str     0x00002ee9       0xdf CMakeFiles/H7Test.elf.dir/Core/Src/usart.c.obj
                               0x174d (size before relaxing)
 .debug_str     0x00002fc8       0x51 CMakeFiles/H7Test.elf.dir/Core/Startup/startup_stm32h750vbtx.s.obj
                                 0x81 (size before relaxing)
 .debug_str     0x00003019      0x6f4 CMakeFiles/H7Test.elf.dir/Drivers/STM32H7xx_HAL_Driver/Src/stm32h7xx_hal.c.obj
                               0x14e9 (size before relaxing)
 .debug_str     0x0000370d      0x54a CMakeFiles/H7Test.elf.dir/Drivers/STM32H7xx_HAL_Driver/Src/stm32h7xx_hal_cortex.c.obj
                               0x1081 (size before relaxing)
 .debug_str     0x00003c57      0x39a CMakeFiles/H7Test.elf.dir/Drivers/STM32H7xx_HAL_Driver/Src/stm32h7xx_hal_dma.c.obj
                                0x9f5 (size before relaxing)
 .debug_str     0x00003ff1     0x13b5 CMakeFiles/H7Test.elf.dir/Drivers/STM32H7xx_HAL_Driver/Src/stm32h7xx_hal_fdcan.c.obj
                               0x1dd6 (size before relaxing)
 .debug_str     0x000053a6       0xfa CMakeFiles/H7Test.elf.dir/Drivers/STM32H7xx_HAL_Driver/Src/stm32h7xx_hal_gpio.c.obj
                                0x6fe (size before relaxing)
 .debug_str     0x000054a0      0x55b CMakeFiles/H7Test.elf.dir/Drivers/STM32H7xx_HAL_Driver/Src/stm32h7xx_hal_pwr_ex.c.obj
                                0xa73 (size before relaxing)
 .debug_str     0x000059fb      0x177 CMakeFiles/H7Test.elf.dir/Drivers/STM32H7xx_HAL_Driver/Src/stm32h7xx_hal_rcc.c.obj
                                0xa86 (size before relaxing)
 .debug_str     0x00005b72      0x5e0 CMakeFiles/H7Test.elf.dir/Drivers/STM32H7xx_HAL_Driver/Src/stm32h7xx_hal_rcc_ex.c.obj
                                0xf91 (size before relaxing)
 .debug_str     0x00006152      0xe0d CMakeFiles/H7Test.elf.dir/Drivers/STM32H7xx_HAL_Driver/Src/stm32h7xx_hal_tim.c.obj
                               0x184d (size before relaxing)
 .debug_str     0x00006f5f      0x562 CMakeFiles/H7Test.elf.dir/Drivers/STM32H7xx_HAL_Driver/Src/stm32h7xx_hal_tim_ex.c.obj
                               0x116a (size before relaxing)
 .debug_str     0x000074c1      0x8ae CMakeFiles/H7Test.elf.dir/Drivers/STM32H7xx_HAL_Driver/Src/stm32h7xx_hal_uart.c.obj
                               0x14dd (size before relaxing)
 .debug_str     0x00007d6f      0x25d CMakeFiles/H7Test.elf.dir/Drivers/STM32H7xx_HAL_Driver/Src/stm32h7xx_hal_uart_ex.c.obj
                                0xbc6 (size before relaxing)

.comment        0x00000000       0x49
 .comment       0x00000000       0x49 CMakeFiles/H7Test.elf.dir/Bsp/bsp_Motor_Encoder.c.obj
                                 0x4a (size before relaxing)
 .comment       0x00000049       0x4a CMakeFiles/H7Test.elf.dir/Bsp/bsp_can.c.obj
 .comment       0x00000049       0x4a CMakeFiles/H7Test.elf.dir/Bsp/bsp_dr16.c.obj
 .comment       0x00000049       0x4a CMakeFiles/H7Test.elf.dir/Bsp/bsp_pwm.c.obj
 .comment       0x00000049       0x4a CMakeFiles/H7Test.elf.dir/Core/Src/dma.c.obj
 .comment       0x00000049       0x4a CMakeFiles/H7Test.elf.dir/Core/Src/fdcan.c.obj
 .comment       0x00000049       0x4a CMakeFiles/H7Test.elf.dir/Core/Src/gpio.c.obj
 .comment       0x00000049       0x4a CMakeFiles/H7Test.elf.dir/Core/Src/main.c.obj
 .comment       0x00000049       0x4a CMakeFiles/H7Test.elf.dir/Core/Src/stm32h7xx_hal_msp.c.obj
 .comment       0x00000049       0x4a CMakeFiles/H7Test.elf.dir/Core/Src/stm32h7xx_hal_timebase_tim.c.obj
 .comment       0x00000049       0x4a CMakeFiles/H7Test.elf.dir/Core/Src/stm32h7xx_it.c.obj
 .comment       0x00000049       0x4a CMakeFiles/H7Test.elf.dir/Core/Src/system_stm32h7xx.c.obj
 .comment       0x00000049       0x4a CMakeFiles/H7Test.elf.dir/Core/Src/tim.c.obj
 .comment       0x00000049       0x4a CMakeFiles/H7Test.elf.dir/Core/Src/usart.c.obj
 .comment       0x00000049       0x4a CMakeFiles/H7Test.elf.dir/Drivers/STM32H7xx_HAL_Driver/Src/stm32h7xx_hal.c.obj
 .comment       0x00000049       0x4a CMakeFiles/H7Test.elf.dir/Drivers/STM32H7xx_HAL_Driver/Src/stm32h7xx_hal_cortex.c.obj
 .comment       0x00000049       0x4a CMakeFiles/H7Test.elf.dir/Drivers/STM32H7xx_HAL_Driver/Src/stm32h7xx_hal_dma.c.obj
 .comment       0x00000049       0x4a CMakeFiles/H7Test.elf.dir/Drivers/STM32H7xx_HAL_Driver/Src/stm32h7xx_hal_fdcan.c.obj
 .comment       0x00000049       0x4a CMakeFiles/H7Test.elf.dir/Drivers/STM32H7xx_HAL_Driver/Src/stm32h7xx_hal_gpio.c.obj
 .comment       0x00000049       0x4a CMakeFiles/H7Test.elf.dir/Drivers/STM32H7xx_HAL_Driver/Src/stm32h7xx_hal_pwr_ex.c.obj
 .comment       0x00000049       0x4a CMakeFiles/H7Test.elf.dir/Drivers/STM32H7xx_HAL_Driver/Src/stm32h7xx_hal_rcc.c.obj
 .comment       0x00000049       0x4a CMakeFiles/H7Test.elf.dir/Drivers/STM32H7xx_HAL_Driver/Src/stm32h7xx_hal_rcc_ex.c.obj
 .comment       0x00000049       0x4a CMakeFiles/H7Test.elf.dir/Drivers/STM32H7xx_HAL_Driver/Src/stm32h7xx_hal_tim.c.obj
 .comment       0x00000049       0x4a CMakeFiles/H7Test.elf.dir/Drivers/STM32H7xx_HAL_Driver/Src/stm32h7xx_hal_tim_ex.c.obj
 .comment       0x00000049       0x4a CMakeFiles/H7Test.elf.dir/Drivers/STM32H7xx_HAL_Driver/Src/stm32h7xx_hal_uart.c.obj
 .comment       0x00000049       0x4a CMakeFiles/H7Test.elf.dir/Drivers/STM32H7xx_HAL_Driver/Src/stm32h7xx_hal_uart_ex.c.obj

.debug_frame    0x00000000     0x3744
 .debug_frame   0x00000000       0xbc CMakeFiles/H7Test.elf.dir/Bsp/bsp_Motor_Encoder.c.obj
 .debug_frame   0x000000bc       0x7c CMakeFiles/H7Test.elf.dir/Bsp/bsp_can.c.obj
 .debug_frame   0x00000138       0x5c CMakeFiles/H7Test.elf.dir/Bsp/bsp_dr16.c.obj
 .debug_frame   0x00000194       0x58 CMakeFiles/H7Test.elf.dir/Bsp/bsp_pwm.c.obj
 .debug_frame   0x000001ec       0x2c CMakeFiles/H7Test.elf.dir/Core/Src/dma.c.obj
 .debug_frame   0x00000218       0x64 CMakeFiles/H7Test.elf.dir/Core/Src/fdcan.c.obj
 .debug_frame   0x0000027c       0x30 CMakeFiles/H7Test.elf.dir/Core/Src/gpio.c.obj
 .debug_frame   0x000002ac       0x70 CMakeFiles/H7Test.elf.dir/Core/Src/main.c.obj
 .debug_frame   0x0000031c       0x28 CMakeFiles/H7Test.elf.dir/Core/Src/stm32h7xx_hal_msp.c.obj
 .debug_frame   0x00000344       0x50 CMakeFiles/H7Test.elf.dir/Core/Src/stm32h7xx_hal_timebase_tim.c.obj
 .debug_frame   0x00000394      0x100 CMakeFiles/H7Test.elf.dir/Core/Src/stm32h7xx_it.c.obj
 .debug_frame   0x00000494       0x40 CMakeFiles/H7Test.elf.dir/Core/Src/system_stm32h7xx.c.obj
 .debug_frame   0x000004d4       0xc4 CMakeFiles/H7Test.elf.dir/Core/Src/tim.c.obj
 .debug_frame   0x00000598       0x64 CMakeFiles/H7Test.elf.dir/Core/Src/usart.c.obj
 .debug_frame   0x000005fc      0x360 CMakeFiles/H7Test.elf.dir/Drivers/STM32H7xx_HAL_Driver/Src/stm32h7xx_hal.c.obj
 .debug_frame   0x0000095c      0x158 CMakeFiles/H7Test.elf.dir/Drivers/STM32H7xx_HAL_Driver/Src/stm32h7xx_hal_cortex.c.obj
 .debug_frame   0x00000ab4      0x1fc CMakeFiles/H7Test.elf.dir/Drivers/STM32H7xx_HAL_Driver/Src/stm32h7xx_hal_dma.c.obj
 .debug_frame   0x00000cb0      0x7a4 CMakeFiles/H7Test.elf.dir/Drivers/STM32H7xx_HAL_Driver/Src/stm32h7xx_hal_fdcan.c.obj
 .debug_frame   0x00001454       0xd0 CMakeFiles/H7Test.elf.dir/Drivers/STM32H7xx_HAL_Driver/Src/stm32h7xx_hal_gpio.c.obj
 .debug_frame   0x00001524      0x2f4 CMakeFiles/H7Test.elf.dir/Drivers/STM32H7xx_HAL_Driver/Src/stm32h7xx_hal_pwr_ex.c.obj
 .debug_frame   0x00001818      0x188 CMakeFiles/H7Test.elf.dir/Drivers/STM32H7xx_HAL_Driver/Src/stm32h7xx_hal_rcc.c.obj
 .debug_frame   0x000019a0      0x284 CMakeFiles/H7Test.elf.dir/Drivers/STM32H7xx_HAL_Driver/Src/stm32h7xx_hal_rcc_ex.c.obj
 .debug_frame   0x00001c24      0xb64 CMakeFiles/H7Test.elf.dir/Drivers/STM32H7xx_HAL_Driver/Src/stm32h7xx_hal_tim.c.obj
 .debug_frame   0x00002788      0x480 CMakeFiles/H7Test.elf.dir/Drivers/STM32H7xx_HAL_Driver/Src/stm32h7xx_hal_tim_ex.c.obj
 .debug_frame   0x00002c08      0x680 CMakeFiles/H7Test.elf.dir/Drivers/STM32H7xx_HAL_Driver/Src/stm32h7xx_hal_uart.c.obj
 .debug_frame   0x00003288      0x1c8 CMakeFiles/H7Test.elf.dir/Drivers/STM32H7xx_HAL_Driver/Src/stm32h7xx_hal_uart_ex.c.obj
 .debug_frame   0x00003450       0x4c c:/armgcc/bin/../lib/gcc/arm-none-eabi/10.3.1/thumb/v7e-m/nofp\libgcc.a(_arm_addsubsf3.o)
 .debug_frame   0x0000349c       0x38 c:/armgcc/bin/../lib/gcc/arm-none-eabi/10.3.1/thumb/v7e-m/nofp\libgcc.a(_arm_muldivsf3.o)
 .debug_frame   0x000034d4       0x24 c:/armgcc/bin/../lib/gcc/arm-none-eabi/10.3.1/thumb/v7e-m/nofp\libgcc.a(_arm_fixunssfsi.o)
 .debug_frame   0x000034f8       0x2c c:/armgcc/bin/../lib/gcc/arm-none-eabi/10.3.1/thumb/v7e-m/nofp\libgcc.a(_aeabi_uldivmod.o)
 .debug_frame   0x00003524       0x34 c:/armgcc/bin/../lib/gcc/arm-none-eabi/10.3.1/thumb/v7e-m/nofp\libgcc.a(_udivmoddi4.o)
 .debug_frame   0x00003558       0x2c c:/armgcc/bin/../lib/gcc/arm-none-eabi/10.3.1/../../../../arm-none-eabi/lib/thumb/v7e-m/nofp\libg.a(lib_a-init.o)
 .debug_frame   0x00003584       0x2c c:/armgcc/bin/../lib/gcc/arm-none-eabi/10.3.1/../../../../arm-none-eabi/lib/thumb/v7e-m/nofp\libg.a(lib_a-memset.o)
 .debug_frame   0x000035b0       0x5c c:/armgcc/bin/../lib/gcc/arm-none-eabi/10.3.1/../../../../arm-none-eabi/lib/thumb/v7e-m/nofp\libg.a(lib_a-__call_atexit.o)
 .debug_frame   0x0000360c       0x20 c:/armgcc/bin/../lib/gcc/arm-none-eabi/10.3.1/../../../../arm-none-eabi/lib/thumb/v7e-m/nofp\libg.a(lib_a-atexit.o)
 .debug_frame   0x0000362c       0x34 c:/armgcc/bin/../lib/gcc/arm-none-eabi/10.3.1/../../../../arm-none-eabi/lib/thumb/v7e-m/nofp\libg.a(lib_a-fini.o)
 .debug_frame   0x00003660       0xb0 c:/armgcc/bin/../lib/gcc/arm-none-eabi/10.3.1/../../../../arm-none-eabi/lib/thumb/v7e-m/nofp\libg.a(lib_a-lock.o)
 .debug_frame   0x00003710       0x34 c:/armgcc/bin/../lib/gcc/arm-none-eabi/10.3.1/../../../../arm-none-eabi/lib/thumb/v7e-m/nofp\libg.a(lib_a-__atexit.o)
